{"schema_version":1,"ts_ns":6200,"event":"layer_begin","layer":0}
{"schema_version":1,"ts_ns":27500,"event":"route","token":0,"layer":0,"expert":0}
{"schema_version":1,"ts_ns":29700,"event":"read_begin","token":0,"layer":0,"expert":0,"bytes":1024}
{"schema_version":1,"ts_ns":76200,"event":"cache_miss","token":0,"layer":0,"expert":0,"cache_hit":false}
{"schema_version":1,"ts_ns":77500,"event":"read_end","token":0,"layer":0,"expert":0,"bytes":1024,"duration_ns":46600}
{"schema_version":1,"ts_ns":78900,"event":"compute_begin","token":0,"layer":0,"expert":0}
{"schema_version":1,"ts_ns":81300,"event":"compute_end","token":0,"layer":0,"expert":0,"duration_ns":2100}
{"schema_version":1,"ts_ns":82700,"event":"route","token":0,"layer":0,"expert":1}
{"schema_version":1,"ts_ns":84000,"event":"read_begin","token":0,"layer":0,"expert":1,"bytes":1024}
{"schema_version":1,"ts_ns":95100,"event":"cache_miss","token":0,"layer":0,"expert":1,"cache_hit":false}
{"schema_version":1,"ts_ns":96200,"event":"read_end","token":0,"layer":0,"expert":1,"bytes":1024,"duration_ns":11200}
{"schema_version":1,"ts_ns":97300,"event":"compute_begin","token":0,"layer":0,"expert":1}
{"schema_version":1,"ts_ns":98900,"event":"compute_end","token":0,"layer":0,"expert":1,"duration_ns":1500}
{"schema_version":1,"ts_ns":100000,"event":"route","token":0,"layer":0,"expert":2}
{"schema_version":1,"ts_ns":101200,"event":"read_begin","token":0,"layer":0,"expert":2,"bytes":1024}
{"schema_version":1,"ts_ns":108500,"event":"cache_miss","token":0,"layer":0,"expert":2,"cache_hit":false}
{"schema_version":1,"ts_ns":109600,"event":"read_end","token":0,"layer":0,"expert":2,"bytes":1024,"duration_ns":7400}
{"schema_version":1,"ts_ns":110800,"event":"compute_begin","token":0,"layer":0,"expert":2}
{"schema_version":1,"ts_ns":112300,"event":"compute_end","token":0,"layer":0,"expert":2,"duration_ns":1500}
{"schema_version":1,"ts_ns":113500,"event":"route","token":0,"layer":0,"expert":3}
{"schema_version":1,"ts_ns":114500,"event":"read_begin","token":0,"layer":0,"expert":3,"bytes":1024}
{"schema_version":1,"ts_ns":121900,"event":"cache_miss","token":0,"layer":0,"expert":3,"cache_hit":false}
{"schema_version":1,"ts_ns":122700,"event":"read_end","token":0,"layer":0,"expert":3,"bytes":1024,"duration_ns":7300}
{"schema_version":1,"ts_ns":123900,"event":"compute_begin","token":0,"layer":0,"expert":3}
{"schema_version":1,"ts_ns":125200,"event":"compute_end","token":0,"layer":0,"expert":3,"duration_ns":1400}
{"schema_version":1,"ts_ns":126800,"event":"route","token":1,"layer":0,"expert":0}
{"schema_version":1,"ts_ns":128500,"event":"cache_hit","token":1,"layer":0,"expert":0,"cache_hit":true}
{"schema_version":1,"ts_ns":129500,"event":"compute_begin","token":1,"layer":0,"expert":0}
{"schema_version":1,"ts_ns":131200,"event":"compute_end","token":1,"layer":0,"expert":0,"duration_ns":1500}
{"schema_version":1,"ts_ns":132200,"event":"route","token":1,"layer":0,"expert":1}
{"schema_version":1,"ts_ns":133500,"event":"cache_hit","token":1,"layer":0,"expert":1,"cache_hit":true}
{"schema_version":1,"ts_ns":134500,"event":"compute_begin","token":1,"layer":0,"expert":1}
{"schema_version":1,"ts_ns":136000,"event":"compute_end","token":1,"layer":0,"expert":1,"duration_ns":1500}
{"schema_version":1,"ts_ns":137000,"event":"route","token":1,"layer":0,"expert":2}
{"schema_version":1,"ts_ns":138300,"event":"cache_hit","token":1,"layer":0,"expert":2,"cache_hit":true}
{"schema_version":1,"ts_ns":139200,"event":"compute_begin","token":1,"layer":0,"expert":2}
{"schema_version":1,"ts_ns":140900,"event":"compute_end","token":1,"layer":0,"expert":2,"duration_ns":1600}
{"schema_version":1,"ts_ns":142000,"event":"route","token":1,"layer":0,"expert":3}
{"schema_version":1,"ts_ns":143100,"event":"cache_hit","token":1,"layer":0,"expert":3,"cache_hit":true}
{"schema_version":1,"ts_ns":144200,"event":"compute_begin","token":1,"layer":0,"expert":3}
{"schema_version":1,"ts_ns":146100,"event":"compute_end","token":1,"layer":0,"expert":3,"duration_ns":1800}
{"schema_version":1,"ts_ns":148000,"event":"route","token":2,"layer":0,"expert":4}
{"schema_version":1,"ts_ns":396600,"event":"read_begin","token":2,"layer":0,"expert":4,"bytes":1024}
{"schema_version":1,"ts_ns":416200,"event":"cache_miss","token":2,"layer":0,"expert":4,"cache_hit":false}
{"schema_version":1,"ts_ns":417500,"event":"read_end","token":2,"layer":0,"expert":4,"bytes":1024,"duration_ns":19600}
{"schema_version":1,"ts_ns":418800,"event":"compute_begin","token":2,"layer":0,"expert":4}
{"schema_version":1,"ts_ns":420800,"event":"compute_end","token":2,"layer":0,"expert":4,"duration_ns":1800}
{"schema_version":1,"ts_ns":421900,"event":"route","token":2,"layer":0,"expert":5}
{"schema_version":1,"ts_ns":423000,"event":"read_begin","token":2,"layer":0,"expert":5,"bytes":1024}
{"schema_version":1,"ts_ns":431100,"event":"cache_miss","token":2,"layer":0,"expert":5,"cache_hit":false}
{"schema_version":1,"ts_ns":432200,"event":"read_end","token":2,"layer":0,"expert":5,"bytes":1024,"duration_ns":8200}
{"schema_version":1,"ts_ns":433400,"event":"compute_begin","token":2,"layer":0,"expert":5}
{"schema_version":1,"ts_ns":435000,"event":"compute_end","token":2,"layer":0,"expert":5,"duration_ns":1600}
{"schema_version":1,"ts_ns":436200,"event":"route","token":2,"layer":0,"expert":6}
{"schema_version":1,"ts_ns":437200,"event":"read_begin","token":2,"layer":0,"expert":6,"bytes":1024}
{"schema_version":1,"ts_ns":445300,"event":"cache_miss","token":2,"layer":0,"expert":6,"cache_hit":false}
{"schema_version":1,"ts_ns":446100,"event":"read_end","token":2,"layer":0,"expert":6,"bytes":1024,"duration_ns":7000}
{"schema_version":1,"ts_ns":446800,"event":"compute_begin","token":2,"layer":0,"expert":6}
{"schema_version":1,"ts_ns":447700,"event":"compute_end","token":2,"layer":0,"expert":6,"duration_ns":1000}
{"schema_version":1,"ts_ns":448300,"event":"route","token":2,"layer":0,"expert":7}
{"schema_version":1,"ts_ns":448800,"event":"read_begin","token":2,"layer":0,"expert":7,"bytes":1024}
{"schema_version":1,"ts_ns":467700,"event":"cache_miss","token":2,"layer":0,"expert":7,"cache_hit":false}
{"schema_version":1,"ts_ns":468300,"event":"read_end","token":2,"layer":0,"expert":7,"bytes":1024,"duration_ns":18900}
{"schema_version":1,"ts_ns":469000,"event":"compute_begin","token":2,"layer":0,"expert":7}
{"schema_version":1,"ts_ns":470000,"event":"compute_end","token":2,"layer":0,"expert":7,"duration_ns":1000}
{"schema_version":1,"ts_ns":471600,"event":"route","token":3,"layer":0,"expert":4}
{"schema_version":1,"ts_ns":472700,"event":"cache_hit","token":3,"layer":0,"expert":4,"cache_hit":true}
{"schema_version":1,"ts_ns":473400,"event":"compute_begin","token":3,"layer":0,"expert":4}
{"schema_version":1,"ts_ns":474300,"event":"compute_end","token":3,"layer":0,"expert":4,"duration_ns":900}
{"schema_version":1,"ts_ns":475000,"event":"route","token":3,"layer":0,"expert":5}
{"schema_version":1,"ts_ns":475800,"event":"cache_hit","token":3,"layer":0,"expert":5,"cache_hit":true}
{"schema_version":1,"ts_ns":476400,"event":"compute_begin","token":3,"layer":0,"expert":5}
{"schema_version":1,"ts_ns":477300,"event":"compute_end","token":3,"layer":0,"expert":5,"duration_ns":900}
{"schema_version":1,"ts_ns":478000,"event":"route","token":3,"layer":0,"expert":6}
{"schema_version":1,"ts_ns":478700,"event":"cache_hit","token":3,"layer":0,"expert":6,"cache_hit":true}
{"schema_version":1,"ts_ns":479200,"event":"compute_begin","token":3,"layer":0,"expert":6}
{"schema_version":1,"ts_ns":480200,"event":"compute_end","token":3,"layer":0,"expert":6,"duration_ns":900}
{"schema_version":1,"ts_ns":480800,"event":"route","token":3,"layer":0,"expert":7}
{"schema_version":1,"ts_ns":481500,"event":"cache_hit","token":3,"layer":0,"expert":7,"cache_hit":true}
{"schema_version":1,"ts_ns":482100,"event":"compute_begin","token":3,"layer":0,"expert":7}
{"schema_version":1,"ts_ns":483100,"event":"compute_end","token":3,"layer":0,"expert":7,"duration_ns":900}
{"schema_version":1,"ts_ns":484300,"event":"route","token":4,"layer":0,"expert":0}
{"schema_version":1,"ts_ns":484900,"event":"read_begin","token":4,"layer":0,"expert":0,"bytes":1024}
{"schema_version":1,"ts_ns":558300,"event":"cache_miss","token":4,"layer":0,"expert":0,"cache_hit":false}
{"schema_version":1,"ts_ns":559600,"event":"read_end","token":4,"layer":0,"expert":0,"bytes":1024,"duration_ns":6500}
{"schema_version":1,"ts_ns":560600,"event":"compute_begin","token":4,"layer":0,"expert":0}
{"schema_version":1,"ts_ns":562000,"event":"compute_end","token":4,"layer":0,"expert":0,"duration_ns":1400}
{"schema_version":1,"ts_ns":562800,"event":"route","token":4,"layer":0,"expert":2}
{"schema_version":1,"ts_ns":563500,"event":"read_begin","token":4,"layer":0,"expert":2,"bytes":1024}
{"schema_version":1,"ts_ns":572400,"event":"cache_miss","token":4,"layer":0,"expert":2,"cache_hit":false}
{"schema_version":1,"ts_ns":573300,"event":"read_end","token":4,"layer":0,"expert":2,"bytes":1024,"duration_ns":8700}
{"schema_version":1,"ts_ns":574400,"event":"compute_begin","token":4,"layer":0,"expert":2}
{"schema_version":1,"ts_ns":576100,"event":"compute_end","token":4,"layer":0,"expert":2,"duration_ns":1700}
{"schema_version":1,"ts_ns":577100,"event":"route","token":4,"layer":0,"expert":4}
{"schema_version":1,"ts_ns":577800,"event":"read_begin","token":4,"layer":0,"expert":4,"bytes":1024}
{"schema_version":1,"ts_ns":584600,"event":"cache_miss","token":4,"layer":0,"expert":4,"cache_hit":false}
{"schema_version":1,"ts_ns":585700,"event":"read_end","token":4,"layer":0,"expert":4,"bytes":1024,"duration_ns":6800}
{"schema_version":1,"ts_ns":586800,"event":"compute_begin","token":4,"layer":0,"expert":4}
{"schema_version":1,"ts_ns":588300,"event":"compute_end","token":4,"layer":0,"expert":4,"duration_ns":1400}
{"schema_version":1,"ts_ns":589400,"event":"route","token":4,"layer":0,"expert":6}
{"schema_version":1,"ts_ns":590400,"event":"read_begin","token":4,"layer":0,"expert":6,"bytes":1024}
{"schema_version":1,"ts_ns":598000,"event":"cache_miss","token":4,"layer":0,"expert":6,"cache_hit":false}
{"schema_version":1,"ts_ns":599100,"event":"read_end","token":4,"layer":0,"expert":6,"bytes":1024,"duration_ns":7500}
{"schema_version":1,"ts_ns":600200,"event":"compute_begin","token":4,"layer":0,"expert":6}
{"schema_version":1,"ts_ns":601700,"event":"compute_end","token":4,"layer":0,"expert":6,"duration_ns":1600}
{"schema_version":1,"ts_ns":603800,"event":"route","token":5,"layer":0,"expert":1}
{"schema_version":1,"ts_ns":604600,"event":"read_begin","token":5,"layer":0,"expert":1,"bytes":1024}
{"schema_version":1,"ts_ns":610700,"event":"cache_miss","token":5,"layer":0,"expert":1,"cache_hit":false}
{"schema_version":1,"ts_ns":611300,"event":"read_end","token":5,"layer":0,"expert":1,"bytes":1024,"duration_ns":6100}
{"schema_version":1,"ts_ns":612000,"event":"compute_begin","token":5,"layer":0,"expert":1}
{"schema_version":1,"ts_ns":613200,"event":"compute_end","token":5,"layer":0,"expert":1,"duration_ns":1100}
{"schema_version":1,"ts_ns":613800,"event":"route","token":5,"layer":0,"expert":3}
{"schema_version":1,"ts_ns":614300,"event":"read_begin","token":5,"layer":0,"expert":3,"bytes":1024}
{"schema_version":1,"ts_ns":618900,"event":"cache_miss","token":5,"layer":0,"expert":3,"cache_hit":false}
{"schema_version":1,"ts_ns":619500,"event":"read_end","token":5,"layer":0,"expert":3,"bytes":1024,"duration_ns":4600}
{"schema_version":1,"ts_ns":620100,"event":"compute_begin","token":5,"layer":0,"expert":3}
{"schema_version":1,"ts_ns":621100,"event":"compute_end","token":5,"layer":0,"expert":3,"duration_ns":900}
{"schema_version":1,"ts_ns":621700,"event":"route","token":5,"layer":0,"expert":5}
{"schema_version":1,"ts_ns":622200,"event":"read_begin","token":5,"layer":0,"expert":5,"bytes":1024}
{"schema_version":1,"ts_ns":626700,"event":"cache_miss","token":5,"layer":0,"expert":5,"cache_hit":false}
{"schema_version":1,"ts_ns":627300,"event":"read_end","token":5,"layer":0,"expert":5,"bytes":1024,"duration_ns":4500}
{"schema_version":1,"ts_ns":628000,"event":"compute_begin","token":5,"layer":0,"expert":5}
{"schema_version":1,"ts_ns":629000,"event":"compute_end","token":5,"layer":0,"expert":5,"duration_ns":900}
{"schema_version":1,"ts_ns":629600,"event":"route","token":5,"layer":0,"expert":7}
{"schema_version":1,"ts_ns":648400,"event":"read_begin","token":5,"layer":0,"expert":7,"bytes":1024}
{"schema_version":1,"ts_ns":653400,"event":"cache_miss","token":5,"layer":0,"expert":7,"cache_hit":false}
{"schema_version":1,"ts_ns":653900,"event":"read_end","token":5,"layer":0,"expert":7,"bytes":1024,"duration_ns":5000}
{"schema_version":1,"ts_ns":654600,"event":"compute_begin","token":5,"layer":0,"expert":7}
{"schema_version":1,"ts_ns":655700,"event":"compute_end","token":5,"layer":0,"expert":7,"duration_ns":1100}
{"schema_version":1,"ts_ns":656400,"event":"layer_end","layer":0}
