I 00:00:00.001677 executorch:cpuinfo_utils.cpp:71] Reading file /sys/devices/soc0/image_version
I 00:00:00.001832 executorch:cpuinfo_utils.cpp:87] Failed to open midr file /sys/devices/soc0/image_version
I 00:00:00.001847 executorch:cpuinfo_utils.cpp:167] Number of efficient cores 6
I 00:00:00.001852 executorch:executor_runner.cpp:341] Resetting threadpool with num threads = 2
I 00:00:00.001859 executorch:cpuinfo_utils.cpp:71] Reading file /sys/devices/soc0/image_version
I 00:00:00.001869 executorch:cpuinfo_utils.cpp:87] Failed to open midr file /sys/devices/soc0/image_version
I 00:00:00.001873 executorch:cpuinfo_utils.cpp:167] Number of efficient cores 6
I 00:00:00.001992 executorch:threadpool.cpp:66] Resetting threadpool to 2 threads.
I 00:00:00.002064 executorch:executor_runner.cpp:476] Model file /data/local/tmp/b02_executorch/linear_xnnpack_fp32.pte is loaded.
I 00:00:00.002073 executorch:executor_runner.cpp:486] Using method forward
I 00:00:00.002080 executorch:executor_runner.cpp:560] Setting up CPU planned buffer 0, size 160.
I 00:00:00.002352 executorch:executor_runner.cpp:629] Model loaded in 0.319000 ms.
I 00:00:00.002422 executorch:executor_runner.cpp:785] Iteration 1 of 1000: 0.038692 ms
I 00:00:00.002433 executorch:executor_runner.cpp:785] Iteration 2 of 1000: 0.003038 ms
I 00:00:00.002442 executorch:executor_runner.cpp:785] Iteration 3 of 1000: 0.002615 ms
I 00:00:00.002450 executorch:executor_runner.cpp:785] Iteration 4 of 1000: 0.002423 ms
I 00:00:00.002457 executorch:executor_runner.cpp:785] Iteration 5 of 1000: 0.002384 ms
I 00:00:00.002465 executorch:executor_runner.cpp:785] Iteration 6 of 1000: 0.002423 ms
I 00:00:00.002472 executorch:executor_runner.cpp:785] Iteration 7 of 1000: 0.002500 ms
I 00:00:00.002479 executorch:executor_runner.cpp:785] Iteration 8 of 1000: 0.002346 ms
I 00:00:00.002487 executorch:executor_runner.cpp:785] Iteration 9 of 1000: 0.002384 ms
I 00:00:00.002494 executorch:executor_runner.cpp:785] Iteration 10 of 1000: 0.002308 ms
I 00:00:00.002501 executorch:executor_runner.cpp:785] Iteration 11 of 1000: 0.002269 ms
I 00:00:00.002508 executorch:executor_runner.cpp:785] Iteration 12 of 1000: 0.002346 ms
I 00:00:00.002516 executorch:executor_runner.cpp:785] Iteration 13 of 1000: 0.002346 ms
I 00:00:00.002523 executorch:executor_runner.cpp:785] Iteration 14 of 1000: 0.002346 ms
I 00:00:00.002530 executorch:executor_runner.cpp:785] Iteration 15 of 1000: 0.002269 ms
I 00:00:00.002537 executorch:executor_runner.cpp:785] Iteration 16 of 1000: 0.002308 ms
I 00:00:00.002544 executorch:executor_runner.cpp:785] Iteration 17 of 1000: 0.002308 ms
I 00:00:00.002551 executorch:executor_runner.cpp:785] Iteration 18 of 1000: 0.002346 ms
I 00:00:00.002558 executorch:executor_runner.cpp:785] Iteration 19 of 1000: 0.002346 ms
I 00:00:00.002566 executorch:executor_runner.cpp:785] Iteration 20 of 1000: 0.002385 ms
I 00:00:00.002573 executorch:executor_runner.cpp:785] Iteration 21 of 1000: 0.002347 ms
I 00:00:00.002580 executorch:executor_runner.cpp:785] Iteration 22 of 1000: 0.002346 ms
I 00:00:00.002587 executorch:executor_runner.cpp:785] Iteration 23 of 1000: 0.002346 ms
I 00:00:00.002594 executorch:executor_runner.cpp:785] Iteration 24 of 1000: 0.002308 ms
I 00:00:00.002602 executorch:executor_runner.cpp:785] Iteration 25 of 1000: 0.002346 ms
I 00:00:00.002609 executorch:executor_runner.cpp:785] Iteration 26 of 1000: 0.002423 ms
I 00:00:00.002616 executorch:executor_runner.cpp:785] Iteration 27 of 1000: 0.002423 ms
I 00:00:00.002623 executorch:executor_runner.cpp:785] Iteration 28 of 1000: 0.002346 ms
I 00:00:00.002630 executorch:executor_runner.cpp:785] Iteration 29 of 1000: 0.002307 ms
I 00:00:00.002637 executorch:executor_runner.cpp:785] Iteration 30 of 1000: 0.002346 ms
I 00:00:00.002644 executorch:executor_runner.cpp:785] Iteration 31 of 1000: 0.002231 ms
I 00:00:00.002651 executorch:executor_runner.cpp:785] Iteration 32 of 1000: 0.002269 ms
I 00:00:00.002658 executorch:executor_runner.cpp:785] Iteration 33 of 1000: 0.002346 ms
I 00:00:00.002666 executorch:executor_runner.cpp:785] Iteration 34 of 1000: 0.002346 ms
I 00:00:00.002696 executorch:executor_runner.cpp:785] Iteration 35 of 1000: 0.002654 ms
I 00:00:00.002706 executorch:executor_runner.cpp:785] Iteration 36 of 1000: 0.002615 ms
I 00:00:00.002714 executorch:executor_runner.cpp:785] Iteration 37 of 1000: 0.002346 ms
I 00:00:00.002722 executorch:executor_runner.cpp:785] Iteration 38 of 1000: 0.002423 ms
I 00:00:00.002729 executorch:executor_runner.cpp:785] Iteration 39 of 1000: 0.002385 ms
I 00:00:00.002737 executorch:executor_runner.cpp:785] Iteration 40 of 1000: 0.002308 ms
I 00:00:00.002744 executorch:executor_runner.cpp:785] Iteration 41 of 1000: 0.002308 ms
I 00:00:00.002752 executorch:executor_runner.cpp:785] Iteration 42 of 1000: 0.002308 ms
I 00:00:00.002759 executorch:executor_runner.cpp:785] Iteration 43 of 1000: 0.002269 ms
I 00:00:00.002767 executorch:executor_runner.cpp:785] Iteration 44 of 1000: 0.002347 ms
I 00:00:00.002774 executorch:executor_runner.cpp:785] Iteration 45 of 1000: 0.002308 ms
I 00:00:00.002782 executorch:executor_runner.cpp:785] Iteration 46 of 1000: 0.002384 ms
I 00:00:00.002789 executorch:executor_runner.cpp:785] Iteration 47 of 1000: 0.002384 ms
I 00:00:00.002796 executorch:executor_runner.cpp:785] Iteration 48 of 1000: 0.002423 ms
I 00:00:00.002804 executorch:executor_runner.cpp:785] Iteration 49 of 1000: 0.002308 ms
I 00:00:00.002811 executorch:executor_runner.cpp:785] Iteration 50 of 1000: 0.002347 ms
I 00:00:00.002819 executorch:executor_runner.cpp:785] Iteration 51 of 1000: 0.002385 ms
I 00:00:00.002826 executorch:executor_runner.cpp:785] Iteration 52 of 1000: 0.002308 ms
I 00:00:00.002833 executorch:executor_runner.cpp:785] Iteration 53 of 1000: 0.002308 ms
I 00:00:00.002841 executorch:executor_runner.cpp:785] Iteration 54 of 1000: 0.002347 ms
I 00:00:00.002848 executorch:executor_runner.cpp:785] Iteration 55 of 1000: 0.002346 ms
I 00:00:00.002856 executorch:executor_runner.cpp:785] Iteration 56 of 1000: 0.002269 ms
I 00:00:00.002863 executorch:executor_runner.cpp:785] Iteration 57 of 1000: 0.002423 ms
I 00:00:00.002870 executorch:executor_runner.cpp:785] Iteration 58 of 1000: 0.002346 ms
I 00:00:00.002878 executorch:executor_runner.cpp:785] Iteration 59 of 1000: 0.002230 ms
I 00:00:00.002885 executorch:executor_runner.cpp:785] Iteration 60 of 1000: 0.002346 ms
I 00:00:00.002892 executorch:executor_runner.cpp:785] Iteration 61 of 1000: 0.002307 ms
I 00:00:00.002900 executorch:executor_runner.cpp:785] Iteration 62 of 1000: 0.002346 ms
I 00:00:00.002907 executorch:executor_runner.cpp:785] Iteration 63 of 1000: 0.002308 ms
I 00:00:00.002915 executorch:executor_runner.cpp:785] Iteration 64 of 1000: 0.002385 ms
I 00:00:00.002922 executorch:executor_runner.cpp:785] Iteration 65 of 1000: 0.002385 ms
I 00:00:00.002930 executorch:executor_runner.cpp:785] Iteration 66 of 1000: 0.002308 ms
I 00:00:00.002937 executorch:executor_runner.cpp:785] Iteration 67 of 1000: 0.002346 ms
I 00:00:00.002944 executorch:executor_runner.cpp:785] Iteration 68 of 1000: 0.002308 ms
I 00:00:00.002952 executorch:executor_runner.cpp:785] Iteration 69 of 1000: 0.002385 ms
I 00:00:00.002959 executorch:executor_runner.cpp:785] Iteration 70 of 1000: 0.002346 ms
I 00:00:00.002966 executorch:executor_runner.cpp:785] Iteration 71 of 1000: 0.002308 ms
I 00:00:00.002974 executorch:executor_runner.cpp:785] Iteration 72 of 1000: 0.002308 ms
I 00:00:00.002981 executorch:executor_runner.cpp:785] Iteration 73 of 1000: 0.002307 ms
I 00:00:00.002988 executorch:executor_runner.cpp:785] Iteration 74 of 1000: 0.002346 ms
I 00:00:00.002996 executorch:executor_runner.cpp:785] Iteration 75 of 1000: 0.002270 ms
I 00:00:00.003003 executorch:executor_runner.cpp:785] Iteration 76 of 1000: 0.002347 ms
I 00:00:00.003011 executorch:executor_runner.cpp:785] Iteration 77 of 1000: 0.002346 ms
I 00:00:00.003018 executorch:executor_runner.cpp:785] Iteration 78 of 1000: 0.002346 ms
I 00:00:00.003026 executorch:executor_runner.cpp:785] Iteration 79 of 1000: 0.002346 ms
I 00:00:00.003033 executorch:executor_runner.cpp:785] Iteration 80 of 1000: 0.002269 ms
I 00:00:00.003040 executorch:executor_runner.cpp:785] Iteration 81 of 1000: 0.002346 ms
I 00:00:00.003054 executorch:executor_runner.cpp:785] Iteration 82 of 1000: 0.002616 ms
I 00:00:00.003062 executorch:executor_runner.cpp:785] Iteration 83 of 1000: 0.002423 ms
I 00:00:00.003070 executorch:executor_runner.cpp:785] Iteration 84 of 1000: 0.002462 ms
I 00:00:00.003077 executorch:executor_runner.cpp:785] Iteration 85 of 1000: 0.002308 ms
I 00:00:00.003085 executorch:executor_runner.cpp:785] Iteration 86 of 1000: 0.002269 ms
I 00:00:00.003092 executorch:executor_runner.cpp:785] Iteration 87 of 1000: 0.002308 ms
I 00:00:00.003099 executorch:executor_runner.cpp:785] Iteration 88 of 1000: 0.002308 ms
I 00:00:00.003107 executorch:executor_runner.cpp:785] Iteration 89 of 1000: 0.002308 ms
I 00:00:00.003114 executorch:executor_runner.cpp:785] Iteration 90 of 1000: 0.002269 ms
I 00:00:00.003121 executorch:executor_runner.cpp:785] Iteration 91 of 1000: 0.002346 ms
I 00:00:00.003129 executorch:executor_runner.cpp:785] Iteration 92 of 1000: 0.002385 ms
I 00:00:00.003136 executorch:executor_runner.cpp:785] Iteration 93 of 1000: 0.002385 ms
I 00:00:00.003144 executorch:executor_runner.cpp:785] Iteration 94 of 1000: 0.002423 ms
I 00:00:00.003152 executorch:executor_runner.cpp:785] Iteration 95 of 1000: 0.002308 ms
I 00:00:00.003159 executorch:executor_runner.cpp:785] Iteration 96 of 1000: 0.002307 ms
I 00:00:00.003167 executorch:executor_runner.cpp:785] Iteration 97 of 1000: 0.002384 ms
I 00:00:00.003174 executorch:executor_runner.cpp:785] Iteration 98 of 1000: 0.002346 ms
I 00:00:00.003181 executorch:executor_runner.cpp:785] Iteration 99 of 1000: 0.002346 ms
I 00:00:00.003189 executorch:executor_runner.cpp:785] Iteration 100 of 1000: 0.002308 ms
I 00:00:00.003196 executorch:executor_runner.cpp:785] Iteration 101 of 1000: 0.002231 ms
I 00:00:00.003204 executorch:executor_runner.cpp:785] Iteration 102 of 1000: 0.002346 ms
I 00:00:00.003211 executorch:executor_runner.cpp:785] Iteration 103 of 1000: 0.002385 ms
I 00:00:00.003219 executorch:executor_runner.cpp:785] Iteration 104 of 1000: 0.002346 ms
I 00:00:00.003226 executorch:executor_runner.cpp:785] Iteration 105 of 1000: 0.002269 ms
I 00:00:00.003234 executorch:executor_runner.cpp:785] Iteration 106 of 1000: 0.002270 ms
I 00:00:00.003241 executorch:executor_runner.cpp:785] Iteration 107 of 1000: 0.002385 ms
I 00:00:00.003249 executorch:executor_runner.cpp:785] Iteration 108 of 1000: 0.002308 ms
I 00:00:00.003256 executorch:executor_runner.cpp:785] Iteration 109 of 1000: 0.002270 ms
I 00:00:00.003264 executorch:executor_runner.cpp:785] Iteration 110 of 1000: 0.002308 ms
I 00:00:00.003271 executorch:executor_runner.cpp:785] Iteration 111 of 1000: 0.002307 ms
I 00:00:00.003278 executorch:executor_runner.cpp:785] Iteration 112 of 1000: 0.002308 ms
I 00:00:00.003286 executorch:executor_runner.cpp:785] Iteration 113 of 1000: 0.002308 ms
I 00:00:00.003293 executorch:executor_runner.cpp:785] Iteration 114 of 1000: 0.002231 ms
I 00:00:00.003300 executorch:executor_runner.cpp:785] Iteration 115 of 1000: 0.002347 ms
I 00:00:00.003308 executorch:executor_runner.cpp:785] Iteration 116 of 1000: 0.002308 ms
I 00:00:00.003315 executorch:executor_runner.cpp:785] Iteration 117 of 1000: 0.002269 ms
I 00:00:00.003322 executorch:executor_runner.cpp:785] Iteration 118 of 1000: 0.002307 ms
I 00:00:00.003330 executorch:executor_runner.cpp:785] Iteration 119 of 1000: 0.002308 ms
I 00:00:00.003337 executorch:executor_runner.cpp:785] Iteration 120 of 1000: 0.002308 ms
I 00:00:00.003345 executorch:executor_runner.cpp:785] Iteration 121 of 1000: 0.002308 ms
I 00:00:00.003352 executorch:executor_runner.cpp:785] Iteration 122 of 1000: 0.002346 ms
I 00:00:00.003359 executorch:executor_runner.cpp:785] Iteration 123 of 1000: 0.002308 ms
I 00:00:00.003367 executorch:executor_runner.cpp:785] Iteration 124 of 1000: 0.002269 ms
I 00:00:00.003374 executorch:executor_runner.cpp:785] Iteration 125 of 1000: 0.002307 ms
I 00:00:00.003382 executorch:executor_runner.cpp:785] Iteration 126 of 1000: 0.002307 ms
I 00:00:00.003389 executorch:executor_runner.cpp:785] Iteration 127 of 1000: 0.002308 ms
I 00:00:00.003401 executorch:executor_runner.cpp:785] Iteration 128 of 1000: 0.002539 ms
I 00:00:00.003410 executorch:executor_runner.cpp:785] Iteration 129 of 1000: 0.002346 ms
I 00:00:00.003417 executorch:executor_runner.cpp:785] Iteration 130 of 1000: 0.002308 ms
I 00:00:00.003425 executorch:executor_runner.cpp:785] Iteration 131 of 1000: 0.002270 ms
I 00:00:00.003432 executorch:executor_runner.cpp:785] Iteration 132 of 1000: 0.002346 ms
I 00:00:00.003440 executorch:executor_runner.cpp:785] Iteration 133 of 1000: 0.002346 ms
I 00:00:00.003447 executorch:executor_runner.cpp:785] Iteration 134 of 1000: 0.002307 ms
I 00:00:00.003454 executorch:executor_runner.cpp:785] Iteration 135 of 1000: 0.002307 ms
I 00:00:00.003462 executorch:executor_runner.cpp:785] Iteration 136 of 1000: 0.002385 ms
I 00:00:00.003469 executorch:executor_runner.cpp:785] Iteration 137 of 1000: 0.002423 ms
I 00:00:00.003477 executorch:executor_runner.cpp:785] Iteration 138 of 1000: 0.002385 ms
I 00:00:00.003484 executorch:executor_runner.cpp:785] Iteration 139 of 1000: 0.002346 ms
I 00:00:00.003491 executorch:executor_runner.cpp:785] Iteration 140 of 1000: 0.002308 ms
I 00:00:00.003499 executorch:executor_runner.cpp:785] Iteration 141 of 1000: 0.002308 ms
I 00:00:00.003506 executorch:executor_runner.cpp:785] Iteration 142 of 1000: 0.002308 ms
I 00:00:00.003514 executorch:executor_runner.cpp:785] Iteration 143 of 1000: 0.002307 ms
I 00:00:00.003521 executorch:executor_runner.cpp:785] Iteration 144 of 1000: 0.002269 ms
I 00:00:00.003528 executorch:executor_runner.cpp:785] Iteration 145 of 1000: 0.002307 ms
I 00:00:00.003536 executorch:executor_runner.cpp:785] Iteration 146 of 1000: 0.002270 ms
I 00:00:00.003543 executorch:executor_runner.cpp:785] Iteration 147 of 1000: 0.002308 ms
I 00:00:00.003551 executorch:executor_runner.cpp:785] Iteration 148 of 1000: 0.002308 ms
I 00:00:00.003559 executorch:executor_runner.cpp:785] Iteration 149 of 1000: 0.002346 ms
I 00:00:00.003566 executorch:executor_runner.cpp:785] Iteration 150 of 1000: 0.002500 ms
I 00:00:00.003574 executorch:executor_runner.cpp:785] Iteration 151 of 1000: 0.002347 ms
I 00:00:00.003581 executorch:executor_runner.cpp:785] Iteration 152 of 1000: 0.002385 ms
I 00:00:00.003589 executorch:executor_runner.cpp:785] Iteration 153 of 1000: 0.002346 ms
I 00:00:00.003596 executorch:executor_runner.cpp:785] Iteration 154 of 1000: 0.002308 ms
I 00:00:00.003604 executorch:executor_runner.cpp:785] Iteration 155 of 1000: 0.002346 ms
I 00:00:00.003611 executorch:executor_runner.cpp:785] Iteration 156 of 1000: 0.002384 ms
I 00:00:00.003619 executorch:executor_runner.cpp:785] Iteration 157 of 1000: 0.002308 ms
I 00:00:00.003626 executorch:executor_runner.cpp:785] Iteration 158 of 1000: 0.002270 ms
I 00:00:00.003634 executorch:executor_runner.cpp:785] Iteration 159 of 1000: 0.002346 ms
I 00:00:00.003641 executorch:executor_runner.cpp:785] Iteration 160 of 1000: 0.002307 ms
I 00:00:00.003649 executorch:executor_runner.cpp:785] Iteration 161 of 1000: 0.002385 ms
I 00:00:00.003656 executorch:executor_runner.cpp:785] Iteration 162 of 1000: 0.002346 ms
I 00:00:00.003664 executorch:executor_runner.cpp:785] Iteration 163 of 1000: 0.002231 ms
I 00:00:00.003671 executorch:executor_runner.cpp:785] Iteration 164 of 1000: 0.002307 ms
I 00:00:00.003679 executorch:executor_runner.cpp:785] Iteration 165 of 1000: 0.002346 ms
I 00:00:00.003686 executorch:executor_runner.cpp:785] Iteration 166 of 1000: 0.002385 ms
I 00:00:00.003693 executorch:executor_runner.cpp:785] Iteration 167 of 1000: 0.002308 ms
I 00:00:00.003701 executorch:executor_runner.cpp:785] Iteration 168 of 1000: 0.002347 ms
I 00:00:00.003708 executorch:executor_runner.cpp:785] Iteration 169 of 1000: 0.002346 ms
I 00:00:00.003716 executorch:executor_runner.cpp:785] Iteration 170 of 1000: 0.002269 ms
I 00:00:00.003723 executorch:executor_runner.cpp:785] Iteration 171 of 1000: 0.002307 ms
I 00:00:00.003730 executorch:executor_runner.cpp:785] Iteration 172 of 1000: 0.002346 ms
I 00:00:00.003738 executorch:executor_runner.cpp:785] Iteration 173 of 1000: 0.002269 ms
I 00:00:00.003753 executorch:executor_runner.cpp:785] Iteration 174 of 1000: 0.002423 ms
I 00:00:00.003761 executorch:executor_runner.cpp:785] Iteration 175 of 1000: 0.002538 ms
I 00:00:00.003769 executorch:executor_runner.cpp:785] Iteration 176 of 1000: 0.002346 ms
I 00:00:00.003777 executorch:executor_runner.cpp:785] Iteration 177 of 1000: 0.002384 ms
I 00:00:00.003784 executorch:executor_runner.cpp:785] Iteration 178 of 1000: 0.002346 ms
I 00:00:00.003791 executorch:executor_runner.cpp:785] Iteration 179 of 1000: 0.002231 ms
I 00:00:00.003799 executorch:executor_runner.cpp:785] Iteration 180 of 1000: 0.002269 ms
I 00:00:00.003806 executorch:executor_runner.cpp:785] Iteration 181 of 1000: 0.002308 ms
I 00:00:00.003813 executorch:executor_runner.cpp:785] Iteration 182 of 1000: 0.002346 ms
I 00:00:00.003821 executorch:executor_runner.cpp:785] Iteration 183 of 1000: 0.002308 ms
I 00:00:00.003828 executorch:executor_runner.cpp:785] Iteration 184 of 1000: 0.002231 ms
I 00:00:00.003836 executorch:executor_runner.cpp:785] Iteration 185 of 1000: 0.002384 ms
I 00:00:00.003843 executorch:executor_runner.cpp:785] Iteration 186 of 1000: 0.002346 ms
I 00:00:00.003850 executorch:executor_runner.cpp:785] Iteration 187 of 1000: 0.002308 ms
I 00:00:00.003858 executorch:executor_runner.cpp:785] Iteration 188 of 1000: 0.002385 ms
I 00:00:00.003865 executorch:executor_runner.cpp:785] Iteration 189 of 1000: 0.002346 ms
I 00:00:00.003873 executorch:executor_runner.cpp:785] Iteration 190 of 1000: 0.002308 ms
I 00:00:00.003880 executorch:executor_runner.cpp:785] Iteration 191 of 1000: 0.002308 ms
I 00:00:00.003888 executorch:executor_runner.cpp:785] Iteration 192 of 1000: 0.002346 ms
I 00:00:00.003895 executorch:executor_runner.cpp:785] Iteration 193 of 1000: 0.002231 ms
I 00:00:00.003902 executorch:executor_runner.cpp:785] Iteration 194 of 1000: 0.002307 ms
I 00:00:00.003909 executorch:executor_runner.cpp:785] Iteration 195 of 1000: 0.002307 ms
I 00:00:00.003917 executorch:executor_runner.cpp:785] Iteration 196 of 1000: 0.002308 ms
I 00:00:00.003924 executorch:executor_runner.cpp:785] Iteration 197 of 1000: 0.002307 ms
I 00:00:00.003932 executorch:executor_runner.cpp:785] Iteration 198 of 1000: 0.002269 ms
I 00:00:00.003939 executorch:executor_runner.cpp:785] Iteration 199 of 1000: 0.002385 ms
I 00:00:00.003947 executorch:executor_runner.cpp:785] Iteration 200 of 1000: 0.002385 ms
I 00:00:00.003954 executorch:executor_runner.cpp:785] Iteration 201 of 1000: 0.002307 ms
I 00:00:00.003961 executorch:executor_runner.cpp:785] Iteration 202 of 1000: 0.002384 ms
I 00:00:00.003969 executorch:executor_runner.cpp:785] Iteration 203 of 1000: 0.002346 ms
I 00:00:00.003976 executorch:executor_runner.cpp:785] Iteration 204 of 1000: 0.002307 ms
I 00:00:00.003983 executorch:executor_runner.cpp:785] Iteration 205 of 1000: 0.002307 ms
I 00:00:00.003991 executorch:executor_runner.cpp:785] Iteration 206 of 1000: 0.002346 ms
I 00:00:00.003998 executorch:executor_runner.cpp:785] Iteration 207 of 1000: 0.002346 ms
I 00:00:00.004006 executorch:executor_runner.cpp:785] Iteration 208 of 1000: 0.002347 ms
I 00:00:00.004013 executorch:executor_runner.cpp:785] Iteration 209 of 1000: 0.002384 ms
I 00:00:00.004021 executorch:executor_runner.cpp:785] Iteration 210 of 1000: 0.002346 ms
I 00:00:00.004028 executorch:executor_runner.cpp:785] Iteration 211 of 1000: 0.002346 ms
I 00:00:00.004035 executorch:executor_runner.cpp:785] Iteration 212 of 1000: 0.002346 ms
I 00:00:00.004043 executorch:executor_runner.cpp:785] Iteration 213 of 1000: 0.002384 ms
I 00:00:00.004051 executorch:executor_runner.cpp:785] Iteration 214 of 1000: 0.002308 ms
I 00:00:00.004058 executorch:executor_runner.cpp:785] Iteration 215 of 1000: 0.002346 ms
I 00:00:00.004065 executorch:executor_runner.cpp:785] Iteration 216 of 1000: 0.002270 ms
I 00:00:00.004073 executorch:executor_runner.cpp:785] Iteration 217 of 1000: 0.002346 ms
I 00:00:00.004080 executorch:executor_runner.cpp:785] Iteration 218 of 1000: 0.002308 ms
I 00:00:00.004088 executorch:executor_runner.cpp:785] Iteration 219 of 1000: 0.002346 ms
I 00:00:00.004099 executorch:executor_runner.cpp:785] Iteration 220 of 1000: 0.002577 ms
I 00:00:00.004107 executorch:executor_runner.cpp:785] Iteration 221 of 1000: 0.002385 ms
I 00:00:00.004115 executorch:executor_runner.cpp:785] Iteration 222 of 1000: 0.002385 ms
I 00:00:00.004123 executorch:executor_runner.cpp:785] Iteration 223 of 1000: 0.002385 ms
I 00:00:00.004130 executorch:executor_runner.cpp:785] Iteration 224 of 1000: 0.002384 ms
I 00:00:00.004138 executorch:executor_runner.cpp:785] Iteration 225 of 1000: 0.002346 ms
I 00:00:00.004145 executorch:executor_runner.cpp:785] Iteration 226 of 1000: 0.002307 ms
I 00:00:00.004153 executorch:executor_runner.cpp:785] Iteration 227 of 1000: 0.002346 ms
I 00:00:00.004161 executorch:executor_runner.cpp:785] Iteration 228 of 1000: 0.002346 ms
I 00:00:00.004168 executorch:executor_runner.cpp:785] Iteration 229 of 1000: 0.002385 ms
I 00:00:00.004176 executorch:executor_runner.cpp:785] Iteration 230 of 1000: 0.002346 ms
I 00:00:00.004183 executorch:executor_runner.cpp:785] Iteration 231 of 1000: 0.002346 ms
I 00:00:00.004190 executorch:executor_runner.cpp:785] Iteration 232 of 1000: 0.002346 ms
I 00:00:00.004198 executorch:executor_runner.cpp:785] Iteration 233 of 1000: 0.002307 ms
I 00:00:00.004205 executorch:executor_runner.cpp:785] Iteration 234 of 1000: 0.002346 ms
I 00:00:00.004212 executorch:executor_runner.cpp:785] Iteration 235 of 1000: 0.002385 ms
I 00:00:00.004220 executorch:executor_runner.cpp:785] Iteration 236 of 1000: 0.002346 ms
I 00:00:00.004227 executorch:executor_runner.cpp:785] Iteration 237 of 1000: 0.002308 ms
I 00:00:00.004235 executorch:executor_runner.cpp:785] Iteration 238 of 1000: 0.002308 ms
I 00:00:00.004242 executorch:executor_runner.cpp:785] Iteration 239 of 1000: 0.002307 ms
I 00:00:00.004250 executorch:executor_runner.cpp:785] Iteration 240 of 1000: 0.002346 ms
I 00:00:00.004257 executorch:executor_runner.cpp:785] Iteration 241 of 1000: 0.002308 ms
I 00:00:00.004264 executorch:executor_runner.cpp:785] Iteration 242 of 1000: 0.002346 ms
I 00:00:00.004272 executorch:executor_runner.cpp:785] Iteration 243 of 1000: 0.002347 ms
I 00:00:00.004279 executorch:executor_runner.cpp:785] Iteration 244 of 1000: 0.002307 ms
I 00:00:00.004287 executorch:executor_runner.cpp:785] Iteration 245 of 1000: 0.002308 ms
I 00:00:00.004294 executorch:executor_runner.cpp:785] Iteration 246 of 1000: 0.002346 ms
I 00:00:00.004301 executorch:executor_runner.cpp:785] Iteration 247 of 1000: 0.002346 ms
I 00:00:00.004309 executorch:executor_runner.cpp:785] Iteration 248 of 1000: 0.002346 ms
I 00:00:00.004316 executorch:executor_runner.cpp:785] Iteration 249 of 1000: 0.002384 ms
I 00:00:00.004323 executorch:executor_runner.cpp:785] Iteration 250 of 1000: 0.002384 ms
I 00:00:00.004331 executorch:executor_runner.cpp:785] Iteration 251 of 1000: 0.002346 ms
I 00:00:00.004338 executorch:executor_runner.cpp:785] Iteration 252 of 1000: 0.002347 ms
I 00:00:00.004348 executorch:executor_runner.cpp:785] Iteration 253 of 1000: 0.004077 ms
I 00:00:00.004355 executorch:executor_runner.cpp:785] Iteration 254 of 1000: 0.002385 ms
I 00:00:00.004363 executorch:executor_runner.cpp:785] Iteration 255 of 1000: 0.002269 ms
I 00:00:00.004370 executorch:executor_runner.cpp:785] Iteration 256 of 1000: 0.002307 ms
I 00:00:00.004378 executorch:executor_runner.cpp:785] Iteration 257 of 1000: 0.002307 ms
I 00:00:00.004385 executorch:executor_runner.cpp:785] Iteration 258 of 1000: 0.002347 ms
I 00:00:00.004393 executorch:executor_runner.cpp:785] Iteration 259 of 1000: 0.002308 ms
I 00:00:00.004400 executorch:executor_runner.cpp:785] Iteration 260 of 1000: 0.002384 ms
I 00:00:00.004408 executorch:executor_runner.cpp:785] Iteration 261 of 1000: 0.002308 ms
I 00:00:00.004415 executorch:executor_runner.cpp:785] Iteration 262 of 1000: 0.002231 ms
I 00:00:00.004422 executorch:executor_runner.cpp:785] Iteration 263 of 1000: 0.002385 ms
I 00:00:00.004430 executorch:executor_runner.cpp:785] Iteration 264 of 1000: 0.002308 ms
I 00:00:00.004437 executorch:executor_runner.cpp:785] Iteration 265 of 1000: 0.002346 ms
I 00:00:00.004450 executorch:executor_runner.cpp:785] Iteration 266 of 1000: 0.002462 ms
I 00:00:00.004457 executorch:executor_runner.cpp:785] Iteration 267 of 1000: 0.002462 ms
I 00:00:00.004465 executorch:executor_runner.cpp:785] Iteration 268 of 1000: 0.002615 ms
I 00:00:00.004473 executorch:executor_runner.cpp:785] Iteration 269 of 1000: 0.002385 ms
I 00:00:00.004480 executorch:executor_runner.cpp:785] Iteration 270 of 1000: 0.002308 ms
I 00:00:00.004488 executorch:executor_runner.cpp:785] Iteration 271 of 1000: 0.002308 ms
I 00:00:00.004495 executorch:executor_runner.cpp:785] Iteration 272 of 1000: 0.002347 ms
I 00:00:00.004503 executorch:executor_runner.cpp:785] Iteration 273 of 1000: 0.002385 ms
I 00:00:00.004510 executorch:executor_runner.cpp:785] Iteration 274 of 1000: 0.002346 ms
I 00:00:00.004517 executorch:executor_runner.cpp:785] Iteration 275 of 1000: 0.002346 ms
I 00:00:00.004525 executorch:executor_runner.cpp:785] Iteration 276 of 1000: 0.002346 ms
I 00:00:00.004532 executorch:executor_runner.cpp:785] Iteration 277 of 1000: 0.002308 ms
I 00:00:00.004540 executorch:executor_runner.cpp:785] Iteration 278 of 1000: 0.002307 ms
I 00:00:00.004547 executorch:executor_runner.cpp:785] Iteration 279 of 1000: 0.002269 ms
I 00:00:00.004554 executorch:executor_runner.cpp:785] Iteration 280 of 1000: 0.002346 ms
I 00:00:00.004562 executorch:executor_runner.cpp:785] Iteration 281 of 1000: 0.002308 ms
I 00:00:00.004569 executorch:executor_runner.cpp:785] Iteration 282 of 1000: 0.002308 ms
I 00:00:00.004576 executorch:executor_runner.cpp:785] Iteration 283 of 1000: 0.002269 ms
I 00:00:00.004584 executorch:executor_runner.cpp:785] Iteration 284 of 1000: 0.002346 ms
I 00:00:00.004591 executorch:executor_runner.cpp:785] Iteration 285 of 1000: 0.002308 ms
I 00:00:00.004599 executorch:executor_runner.cpp:785] Iteration 286 of 1000: 0.002308 ms
I 00:00:00.004606 executorch:executor_runner.cpp:785] Iteration 287 of 1000: 0.002307 ms
I 00:00:00.004613 executorch:executor_runner.cpp:785] Iteration 288 of 1000: 0.002346 ms
I 00:00:00.004621 executorch:executor_runner.cpp:785] Iteration 289 of 1000: 0.002308 ms
I 00:00:00.004628 executorch:executor_runner.cpp:785] Iteration 290 of 1000: 0.002384 ms
I 00:00:00.004636 executorch:executor_runner.cpp:785] Iteration 291 of 1000: 0.002346 ms
I 00:00:00.004643 executorch:executor_runner.cpp:785] Iteration 292 of 1000: 0.002346 ms
I 00:00:00.004651 executorch:executor_runner.cpp:785] Iteration 293 of 1000: 0.002308 ms
I 00:00:00.004658 executorch:executor_runner.cpp:785] Iteration 294 of 1000: 0.002308 ms
I 00:00:00.004665 executorch:executor_runner.cpp:785] Iteration 295 of 1000: 0.002346 ms
I 00:00:00.004673 executorch:executor_runner.cpp:785] Iteration 296 of 1000: 0.002346 ms
I 00:00:00.004680 executorch:executor_runner.cpp:785] Iteration 297 of 1000: 0.002231 ms
I 00:00:00.004687 executorch:executor_runner.cpp:785] Iteration 298 of 1000: 0.002308 ms
I 00:00:00.004695 executorch:executor_runner.cpp:785] Iteration 299 of 1000: 0.002308 ms
I 00:00:00.004702 executorch:executor_runner.cpp:785] Iteration 300 of 1000: 0.002307 ms
I 00:00:00.004709 executorch:executor_runner.cpp:785] Iteration 301 of 1000: 0.002270 ms
I 00:00:00.004717 executorch:executor_runner.cpp:785] Iteration 302 of 1000: 0.002308 ms
I 00:00:00.004724 executorch:executor_runner.cpp:785] Iteration 303 of 1000: 0.002308 ms
I 00:00:00.004732 executorch:executor_runner.cpp:785] Iteration 304 of 1000: 0.002308 ms
I 00:00:00.004739 executorch:executor_runner.cpp:785] Iteration 305 of 1000: 0.002308 ms
I 00:00:00.004746 executorch:executor_runner.cpp:785] Iteration 306 of 1000: 0.002384 ms
I 00:00:00.004754 executorch:executor_runner.cpp:785] Iteration 307 of 1000: 0.002385 ms
I 00:00:00.004761 executorch:executor_runner.cpp:785] Iteration 308 of 1000: 0.002347 ms
I 00:00:00.004769 executorch:executor_runner.cpp:785] Iteration 309 of 1000: 0.002385 ms
I 00:00:00.004776 executorch:executor_runner.cpp:785] Iteration 310 of 1000: 0.002308 ms
I 00:00:00.004784 executorch:executor_runner.cpp:785] Iteration 311 of 1000: 0.002385 ms
I 00:00:00.004796 executorch:executor_runner.cpp:785] Iteration 312 of 1000: 0.002462 ms
I 00:00:00.004804 executorch:executor_runner.cpp:785] Iteration 313 of 1000: 0.002423 ms
I 00:00:00.004811 executorch:executor_runner.cpp:785] Iteration 314 of 1000: 0.002346 ms
I 00:00:00.004819 executorch:executor_runner.cpp:785] Iteration 315 of 1000: 0.002346 ms
I 00:00:00.004826 executorch:executor_runner.cpp:785] Iteration 316 of 1000: 0.002346 ms
I 00:00:00.004834 executorch:executor_runner.cpp:785] Iteration 317 of 1000: 0.002384 ms
I 00:00:00.004842 executorch:executor_runner.cpp:785] Iteration 318 of 1000: 0.002307 ms
I 00:00:00.004849 executorch:executor_runner.cpp:785] Iteration 319 of 1000: 0.002346 ms
I 00:00:00.004856 executorch:executor_runner.cpp:785] Iteration 320 of 1000: 0.002269 ms
I 00:00:00.004864 executorch:executor_runner.cpp:785] Iteration 321 of 1000: 0.002269 ms
I 00:00:00.004871 executorch:executor_runner.cpp:785] Iteration 322 of 1000: 0.002346 ms
I 00:00:00.004878 executorch:executor_runner.cpp:785] Iteration 323 of 1000: 0.002269 ms
I 00:00:00.004886 executorch:executor_runner.cpp:785] Iteration 324 of 1000: 0.002308 ms
I 00:00:00.004893 executorch:executor_runner.cpp:785] Iteration 325 of 1000: 0.002269 ms
I 00:00:00.004900 executorch:executor_runner.cpp:785] Iteration 326 of 1000: 0.002307 ms
I 00:00:00.004908 executorch:executor_runner.cpp:785] Iteration 327 of 1000: 0.002346 ms
I 00:00:00.004915 executorch:executor_runner.cpp:785] Iteration 328 of 1000: 0.002346 ms
I 00:00:00.004923 executorch:executor_runner.cpp:785] Iteration 329 of 1000: 0.002308 ms
I 00:00:00.004930 executorch:executor_runner.cpp:785] Iteration 330 of 1000: 0.002346 ms
I 00:00:00.004938 executorch:executor_runner.cpp:785] Iteration 331 of 1000: 0.002346 ms
I 00:00:00.004945 executorch:executor_runner.cpp:785] Iteration 332 of 1000: 0.002346 ms
I 00:00:00.004952 executorch:executor_runner.cpp:785] Iteration 333 of 1000: 0.002308 ms
I 00:00:00.004960 executorch:executor_runner.cpp:785] Iteration 334 of 1000: 0.002269 ms
I 00:00:00.004967 executorch:executor_runner.cpp:785] Iteration 335 of 1000: 0.002308 ms
I 00:00:00.004974 executorch:executor_runner.cpp:785] Iteration 336 of 1000: 0.002384 ms
I 00:00:00.004982 executorch:executor_runner.cpp:785] Iteration 337 of 1000: 0.002385 ms
I 00:00:00.004989 executorch:executor_runner.cpp:785] Iteration 338 of 1000: 0.002308 ms
I 00:00:00.004997 executorch:executor_runner.cpp:785] Iteration 339 of 1000: 0.002308 ms
I 00:00:00.005004 executorch:executor_runner.cpp:785] Iteration 340 of 1000: 0.002346 ms
I 00:00:00.005011 executorch:executor_runner.cpp:785] Iteration 341 of 1000: 0.002308 ms
I 00:00:00.005019 executorch:executor_runner.cpp:785] Iteration 342 of 1000: 0.002385 ms
I 00:00:00.005026 executorch:executor_runner.cpp:785] Iteration 343 of 1000: 0.002347 ms
I 00:00:00.005034 executorch:executor_runner.cpp:785] Iteration 344 of 1000: 0.002346 ms
I 00:00:00.005041 executorch:executor_runner.cpp:785] Iteration 345 of 1000: 0.002307 ms
I 00:00:00.005048 executorch:executor_runner.cpp:785] Iteration 346 of 1000: 0.002346 ms
I 00:00:00.005056 executorch:executor_runner.cpp:785] Iteration 347 of 1000: 0.002308 ms
I 00:00:00.005063 executorch:executor_runner.cpp:785] Iteration 348 of 1000: 0.002269 ms
I 00:00:00.005070 executorch:executor_runner.cpp:785] Iteration 349 of 1000: 0.002307 ms
I 00:00:00.005078 executorch:executor_runner.cpp:785] Iteration 350 of 1000: 0.002346 ms
I 00:00:00.005085 executorch:executor_runner.cpp:785] Iteration 351 of 1000: 0.002346 ms
I 00:00:00.005093 executorch:executor_runner.cpp:785] Iteration 352 of 1000: 0.002307 ms
I 00:00:00.005100 executorch:executor_runner.cpp:785] Iteration 353 of 1000: 0.002269 ms
I 00:00:00.005108 executorch:executor_runner.cpp:785] Iteration 354 of 1000: 0.002346 ms
I 00:00:00.005115 executorch:executor_runner.cpp:785] Iteration 355 of 1000: 0.002307 ms
I 00:00:00.005122 executorch:executor_runner.cpp:785] Iteration 356 of 1000: 0.002231 ms
I 00:00:00.005130 executorch:executor_runner.cpp:785] Iteration 357 of 1000: 0.002308 ms
I 00:00:00.005141 executorch:executor_runner.cpp:785] Iteration 358 of 1000: 0.002231 ms
I 00:00:00.005149 executorch:executor_runner.cpp:785] Iteration 359 of 1000: 0.002269 ms
I 00:00:00.005156 executorch:executor_runner.cpp:785] Iteration 360 of 1000: 0.002077 ms
I 00:00:00.005163 executorch:executor_runner.cpp:785] Iteration 361 of 1000: 0.002077 ms
I 00:00:00.005171 executorch:executor_runner.cpp:785] Iteration 362 of 1000: 0.002116 ms
I 00:00:00.005178 executorch:executor_runner.cpp:785] Iteration 363 of 1000: 0.002116 ms
I 00:00:00.005185 executorch:executor_runner.cpp:785] Iteration 364 of 1000: 0.002154 ms
I 00:00:00.005193 executorch:executor_runner.cpp:785] Iteration 365 of 1000: 0.002116 ms
I 00:00:00.005200 executorch:executor_runner.cpp:785] Iteration 366 of 1000: 0.002077 ms
I 00:00:00.005207 executorch:executor_runner.cpp:785] Iteration 367 of 1000: 0.002077 ms
I 00:00:00.005214 executorch:executor_runner.cpp:785] Iteration 368 of 1000: 0.002115 ms
I 00:00:00.005221 executorch:executor_runner.cpp:785] Iteration 369 of 1000: 0.002077 ms
I 00:00:00.005229 executorch:executor_runner.cpp:785] Iteration 370 of 1000: 0.002231 ms
I 00:00:00.005236 executorch:executor_runner.cpp:785] Iteration 371 of 1000: 0.002077 ms
I 00:00:00.005243 executorch:executor_runner.cpp:785] Iteration 372 of 1000: 0.002038 ms
I 00:00:00.005250 executorch:executor_runner.cpp:785] Iteration 373 of 1000: 0.002077 ms
I 00:00:00.005257 executorch:executor_runner.cpp:785] Iteration 374 of 1000: 0.002038 ms
I 00:00:00.005264 executorch:executor_runner.cpp:785] Iteration 375 of 1000: 0.002115 ms
I 00:00:00.005272 executorch:executor_runner.cpp:785] Iteration 376 of 1000: 0.002115 ms
I 00:00:00.005279 executorch:executor_runner.cpp:785] Iteration 377 of 1000: 0.002115 ms
I 00:00:00.005286 executorch:executor_runner.cpp:785] Iteration 378 of 1000: 0.002154 ms
I 00:00:00.005293 executorch:executor_runner.cpp:785] Iteration 379 of 1000: 0.002115 ms
I 00:00:00.005300 executorch:executor_runner.cpp:785] Iteration 380 of 1000: 0.002115 ms
I 00:00:00.005308 executorch:executor_runner.cpp:785] Iteration 381 of 1000: 0.002116 ms
I 00:00:00.005315 executorch:executor_runner.cpp:785] Iteration 382 of 1000: 0.002077 ms
I 00:00:00.005322 executorch:executor_runner.cpp:785] Iteration 383 of 1000: 0.002115 ms
I 00:00:00.005329 executorch:executor_runner.cpp:785] Iteration 384 of 1000: 0.002154 ms
I 00:00:00.005336 executorch:executor_runner.cpp:785] Iteration 385 of 1000: 0.002116 ms
I 00:00:00.005343 executorch:executor_runner.cpp:785] Iteration 386 of 1000: 0.002115 ms
I 00:00:00.005351 executorch:executor_runner.cpp:785] Iteration 387 of 1000: 0.002154 ms
I 00:00:00.005358 executorch:executor_runner.cpp:785] Iteration 388 of 1000: 0.002077 ms
I 00:00:00.005365 executorch:executor_runner.cpp:785] Iteration 389 of 1000: 0.002115 ms
I 00:00:00.005372 executorch:executor_runner.cpp:785] Iteration 390 of 1000: 0.002076 ms
I 00:00:00.005379 executorch:executor_runner.cpp:785] Iteration 391 of 1000: 0.001962 ms
I 00:00:00.005386 executorch:executor_runner.cpp:785] Iteration 392 of 1000: 0.002077 ms
I 00:00:00.005393 executorch:executor_runner.cpp:785] Iteration 393 of 1000: 0.002115 ms
I 00:00:00.005401 executorch:executor_runner.cpp:785] Iteration 394 of 1000: 0.002154 ms
I 00:00:00.005408 executorch:executor_runner.cpp:785] Iteration 395 of 1000: 0.002038 ms
I 00:00:00.005415 executorch:executor_runner.cpp:785] Iteration 396 of 1000: 0.002115 ms
I 00:00:00.005422 executorch:executor_runner.cpp:785] Iteration 397 of 1000: 0.002115 ms
I 00:00:00.005429 executorch:executor_runner.cpp:785] Iteration 398 of 1000: 0.002116 ms
I 00:00:00.005436 executorch:executor_runner.cpp:785] Iteration 399 of 1000: 0.002077 ms
I 00:00:00.005443 executorch:executor_runner.cpp:785] Iteration 400 of 1000: 0.002115 ms
I 00:00:00.005451 executorch:executor_runner.cpp:785] Iteration 401 of 1000: 0.002116 ms
I 00:00:00.005459 executorch:executor_runner.cpp:785] Iteration 402 of 1000: 0.002000 ms
I 00:00:00.005471 executorch:executor_runner.cpp:785] Iteration 403 of 1000: 0.002115 ms
I 00:00:00.005483 executorch:executor_runner.cpp:785] Iteration 404 of 1000: 0.002231 ms
I 00:00:00.005491 executorch:executor_runner.cpp:785] Iteration 405 of 1000: 0.002307 ms
I 00:00:00.005498 executorch:executor_runner.cpp:785] Iteration 406 of 1000: 0.002115 ms
I 00:00:00.005506 executorch:executor_runner.cpp:785] Iteration 407 of 1000: 0.002039 ms
I 00:00:00.005513 executorch:executor_runner.cpp:785] Iteration 408 of 1000: 0.002077 ms
I 00:00:00.005521 executorch:executor_runner.cpp:785] Iteration 409 of 1000: 0.002115 ms
I 00:00:00.005528 executorch:executor_runner.cpp:785] Iteration 410 of 1000: 0.002039 ms
I 00:00:00.005535 executorch:executor_runner.cpp:785] Iteration 411 of 1000: 0.002154 ms
I 00:00:00.005542 executorch:executor_runner.cpp:785] Iteration 412 of 1000: 0.002154 ms
I 00:00:00.005549 executorch:executor_runner.cpp:785] Iteration 413 of 1000: 0.002154 ms
I 00:00:00.005557 executorch:executor_runner.cpp:785] Iteration 414 of 1000: 0.002115 ms
I 00:00:00.005564 executorch:executor_runner.cpp:785] Iteration 415 of 1000: 0.002077 ms
I 00:00:00.005571 executorch:executor_runner.cpp:785] Iteration 416 of 1000: 0.002077 ms
I 00:00:00.005578 executorch:executor_runner.cpp:785] Iteration 417 of 1000: 0.002116 ms
I 00:00:00.005585 executorch:executor_runner.cpp:785] Iteration 418 of 1000: 0.002077 ms
I 00:00:00.005592 executorch:executor_runner.cpp:785] Iteration 419 of 1000: 0.002038 ms
I 00:00:00.005599 executorch:executor_runner.cpp:785] Iteration 420 of 1000: 0.002077 ms
I 00:00:00.005607 executorch:executor_runner.cpp:785] Iteration 421 of 1000: 0.002115 ms
I 00:00:00.005614 executorch:executor_runner.cpp:785] Iteration 422 of 1000: 0.002077 ms
I 00:00:00.005621 executorch:executor_runner.cpp:785] Iteration 423 of 1000: 0.002115 ms
I 00:00:00.005628 executorch:executor_runner.cpp:785] Iteration 424 of 1000: 0.002077 ms
I 00:00:00.005635 executorch:executor_runner.cpp:785] Iteration 425 of 1000: 0.002077 ms
I 00:00:00.005642 executorch:executor_runner.cpp:785] Iteration 426 of 1000: 0.002115 ms
I 00:00:00.005650 executorch:executor_runner.cpp:785] Iteration 427 of 1000: 0.002077 ms
I 00:00:00.005657 executorch:executor_runner.cpp:785] Iteration 428 of 1000: 0.002039 ms
I 00:00:00.005664 executorch:executor_runner.cpp:785] Iteration 429 of 1000: 0.002077 ms
I 00:00:00.005671 executorch:executor_runner.cpp:785] Iteration 430 of 1000: 0.002153 ms
I 00:00:00.005678 executorch:executor_runner.cpp:785] Iteration 431 of 1000: 0.002115 ms
I 00:00:00.005685 executorch:executor_runner.cpp:785] Iteration 432 of 1000: 0.002115 ms
I 00:00:00.005692 executorch:executor_runner.cpp:785] Iteration 433 of 1000: 0.002077 ms
I 00:00:00.005700 executorch:executor_runner.cpp:785] Iteration 434 of 1000: 0.002077 ms
I 00:00:00.005707 executorch:executor_runner.cpp:785] Iteration 435 of 1000: 0.002077 ms
I 00:00:00.005714 executorch:executor_runner.cpp:785] Iteration 436 of 1000: 0.002077 ms
I 00:00:00.005722 executorch:executor_runner.cpp:785] Iteration 437 of 1000: 0.002538 ms
I 00:00:00.005781 executorch:executor_runner.cpp:785] Iteration 438 of 1000: 0.004423 ms
I 00:00:00.005798 executorch:executor_runner.cpp:785] Iteration 439 of 1000: 0.002692 ms
I 00:00:00.005806 executorch:executor_runner.cpp:785] Iteration 440 of 1000: 0.002154 ms
I 00:00:00.005814 executorch:executor_runner.cpp:785] Iteration 441 of 1000: 0.002115 ms
I 00:00:00.005821 executorch:executor_runner.cpp:785] Iteration 442 of 1000: 0.002038 ms
I 00:00:00.005828 executorch:executor_runner.cpp:785] Iteration 443 of 1000: 0.002115 ms
I 00:00:00.005834 executorch:executor_runner.cpp:785] Iteration 444 of 1000: 0.002077 ms
I 00:00:00.005841 executorch:executor_runner.cpp:785] Iteration 445 of 1000: 0.002077 ms
I 00:00:00.005848 executorch:executor_runner.cpp:785] Iteration 446 of 1000: 0.002115 ms
I 00:00:00.005855 executorch:executor_runner.cpp:785] Iteration 447 of 1000: 0.002154 ms
I 00:00:00.005862 executorch:executor_runner.cpp:785] Iteration 448 of 1000: 0.002077 ms
I 00:00:00.005869 executorch:executor_runner.cpp:785] Iteration 449 of 1000: 0.002116 ms
I 00:00:00.005883 executorch:executor_runner.cpp:785] Iteration 450 of 1000: 0.002115 ms
I 00:00:00.005891 executorch:executor_runner.cpp:785] Iteration 451 of 1000: 0.002269 ms
I 00:00:00.005898 executorch:executor_runner.cpp:785] Iteration 452 of 1000: 0.002154 ms
I 00:00:00.005905 executorch:executor_runner.cpp:785] Iteration 453 of 1000: 0.002115 ms
I 00:00:00.005912 executorch:executor_runner.cpp:785] Iteration 454 of 1000: 0.002154 ms
I 00:00:00.005919 executorch:executor_runner.cpp:785] Iteration 455 of 1000: 0.002115 ms
I 00:00:00.005926 executorch:executor_runner.cpp:785] Iteration 456 of 1000: 0.002154 ms
I 00:00:00.005932 executorch:executor_runner.cpp:785] Iteration 457 of 1000: 0.002115 ms
I 00:00:00.005939 executorch:executor_runner.cpp:785] Iteration 458 of 1000: 0.002039 ms
I 00:00:00.005946 executorch:executor_runner.cpp:785] Iteration 459 of 1000: 0.002154 ms
I 00:00:00.005953 executorch:executor_runner.cpp:785] Iteration 460 of 1000: 0.002154 ms
I 00:00:00.005960 executorch:executor_runner.cpp:785] Iteration 461 of 1000: 0.002077 ms
I 00:00:00.005966 executorch:executor_runner.cpp:785] Iteration 462 of 1000: 0.002077 ms
I 00:00:00.005973 executorch:executor_runner.cpp:785] Iteration 463 of 1000: 0.002116 ms
I 00:00:00.005980 executorch:executor_runner.cpp:785] Iteration 464 of 1000: 0.002077 ms
I 00:00:00.005987 executorch:executor_runner.cpp:785] Iteration 465 of 1000: 0.002115 ms
I 00:00:00.005994 executorch:executor_runner.cpp:785] Iteration 466 of 1000: 0.002115 ms
I 00:00:00.006000 executorch:executor_runner.cpp:785] Iteration 467 of 1000: 0.002077 ms
I 00:00:00.006007 executorch:executor_runner.cpp:785] Iteration 468 of 1000: 0.002038 ms
I 00:00:00.006014 executorch:executor_runner.cpp:785] Iteration 469 of 1000: 0.002154 ms
I 00:00:00.006021 executorch:executor_runner.cpp:785] Iteration 470 of 1000: 0.002077 ms
I 00:00:00.006028 executorch:executor_runner.cpp:785] Iteration 471 of 1000: 0.002115 ms
I 00:00:00.006040 executorch:executor_runner.cpp:785] Iteration 472 of 1000: 0.007154 ms
I 00:00:00.006049 executorch:executor_runner.cpp:785] Iteration 473 of 1000: 0.004346 ms
I 00:00:00.006058 executorch:executor_runner.cpp:785] Iteration 474 of 1000: 0.005269 ms
I 00:00:00.006069 executorch:executor_runner.cpp:785] Iteration 475 of 1000: 0.006116 ms
I 00:00:00.006079 executorch:executor_runner.cpp:785] Iteration 476 of 1000: 0.005308 ms
I 00:00:00.006091 executorch:executor_runner.cpp:785] Iteration 477 of 1000: 0.006269 ms
I 00:00:00.006101 executorch:executor_runner.cpp:785] Iteration 478 of 1000: 0.005270 ms
I 00:00:00.006113 executorch:executor_runner.cpp:785] Iteration 479 of 1000: 0.007193 ms
I 00:00:00.006125 executorch:executor_runner.cpp:785] Iteration 480 of 1000: 0.007116 ms
I 00:00:00.006136 executorch:executor_runner.cpp:785] Iteration 481 of 1000: 0.007076 ms
I 00:00:00.006148 executorch:executor_runner.cpp:785] Iteration 482 of 1000: 0.006385 ms
I 00:00:00.006154 executorch:executor_runner.cpp:785] Iteration 483 of 1000: 0.002039 ms
I 00:00:00.006161 executorch:executor_runner.cpp:785] Iteration 484 of 1000: 0.002038 ms
I 00:00:00.006168 executorch:executor_runner.cpp:785] Iteration 485 of 1000: 0.002077 ms
I 00:00:00.006175 executorch:executor_runner.cpp:785] Iteration 486 of 1000: 0.002116 ms
I 00:00:00.006181 executorch:executor_runner.cpp:785] Iteration 487 of 1000: 0.002038 ms
I 00:00:00.006188 executorch:executor_runner.cpp:785] Iteration 488 of 1000: 0.002000 ms
I 00:00:00.006195 executorch:executor_runner.cpp:785] Iteration 489 of 1000: 0.002039 ms
I 00:00:00.006202 executorch:executor_runner.cpp:785] Iteration 490 of 1000: 0.002077 ms
I 00:00:00.006208 executorch:executor_runner.cpp:785] Iteration 491 of 1000: 0.002076 ms
I 00:00:00.006215 executorch:executor_runner.cpp:785] Iteration 492 of 1000: 0.002115 ms
I 00:00:00.006222 executorch:executor_runner.cpp:785] Iteration 493 of 1000: 0.002039 ms
I 00:00:00.006229 executorch:executor_runner.cpp:785] Iteration 494 of 1000: 0.002115 ms
I 00:00:00.006236 executorch:executor_runner.cpp:785] Iteration 495 of 1000: 0.002039 ms
I 00:00:00.006248 executorch:executor_runner.cpp:785] Iteration 496 of 1000: 0.002731 ms
I 00:00:00.006255 executorch:executor_runner.cpp:785] Iteration 497 of 1000: 0.002193 ms
I 00:00:00.006262 executorch:executor_runner.cpp:785] Iteration 498 of 1000: 0.002039 ms
I 00:00:00.006269 executorch:executor_runner.cpp:785] Iteration 499 of 1000: 0.002000 ms
I 00:00:00.006276 executorch:executor_runner.cpp:785] Iteration 500 of 1000: 0.002038 ms
I 00:00:00.006283 executorch:executor_runner.cpp:785] Iteration 501 of 1000: 0.002038 ms
I 00:00:00.006290 executorch:executor_runner.cpp:785] Iteration 502 of 1000: 0.002077 ms
I 00:00:00.006296 executorch:executor_runner.cpp:785] Iteration 503 of 1000: 0.002038 ms
I 00:00:00.006303 executorch:executor_runner.cpp:785] Iteration 504 of 1000: 0.002116 ms
I 00:00:00.006310 executorch:executor_runner.cpp:785] Iteration 505 of 1000: 0.002039 ms
I 00:00:00.006317 executorch:executor_runner.cpp:785] Iteration 506 of 1000: 0.002077 ms
I 00:00:00.006324 executorch:executor_runner.cpp:785] Iteration 507 of 1000: 0.002039 ms
I 00:00:00.006331 executorch:executor_runner.cpp:785] Iteration 508 of 1000: 0.002115 ms
I 00:00:00.006337 executorch:executor_runner.cpp:785] Iteration 509 of 1000: 0.002116 ms
I 00:00:00.006344 executorch:executor_runner.cpp:785] Iteration 510 of 1000: 0.002077 ms
I 00:00:00.006351 executorch:executor_runner.cpp:785] Iteration 511 of 1000: 0.002077 ms
I 00:00:00.006358 executorch:executor_runner.cpp:785] Iteration 512 of 1000: 0.002077 ms
I 00:00:00.006365 executorch:executor_runner.cpp:785] Iteration 513 of 1000: 0.002038 ms
I 00:00:00.006373 executorch:executor_runner.cpp:785] Iteration 514 of 1000: 0.002039 ms
I 00:00:00.006380 executorch:executor_runner.cpp:785] Iteration 515 of 1000: 0.002038 ms
I 00:00:00.006387 executorch:executor_runner.cpp:785] Iteration 516 of 1000: 0.002115 ms
I 00:00:00.006394 executorch:executor_runner.cpp:785] Iteration 517 of 1000: 0.002038 ms
I 00:00:00.006401 executorch:executor_runner.cpp:785] Iteration 518 of 1000: 0.002077 ms
I 00:00:00.006409 executorch:executor_runner.cpp:785] Iteration 519 of 1000: 0.002077 ms
I 00:00:00.006416 executorch:executor_runner.cpp:785] Iteration 520 of 1000: 0.002115 ms
I 00:00:00.006423 executorch:executor_runner.cpp:785] Iteration 521 of 1000: 0.002077 ms
I 00:00:00.006430 executorch:executor_runner.cpp:785] Iteration 522 of 1000: 0.002038 ms
I 00:00:00.006437 executorch:executor_runner.cpp:785] Iteration 523 of 1000: 0.002115 ms
I 00:00:00.006445 executorch:executor_runner.cpp:785] Iteration 524 of 1000: 0.002039 ms
I 00:00:00.006452 executorch:executor_runner.cpp:785] Iteration 525 of 1000: 0.002038 ms
I 00:00:00.006459 executorch:executor_runner.cpp:785] Iteration 526 of 1000: 0.002038 ms
I 00:00:00.006466 executorch:executor_runner.cpp:785] Iteration 527 of 1000: 0.002076 ms
I 00:00:00.006473 executorch:executor_runner.cpp:785] Iteration 528 of 1000: 0.002038 ms
I 00:00:00.006480 executorch:executor_runner.cpp:785] Iteration 529 of 1000: 0.002038 ms
I 00:00:00.006487 executorch:executor_runner.cpp:785] Iteration 530 of 1000: 0.002077 ms
I 00:00:00.006495 executorch:executor_runner.cpp:785] Iteration 531 of 1000: 0.002077 ms
I 00:00:00.006502 executorch:executor_runner.cpp:785] Iteration 532 of 1000: 0.002116 ms
I 00:00:00.006509 executorch:executor_runner.cpp:785] Iteration 533 of 1000: 0.002077 ms
I 00:00:00.006516 executorch:executor_runner.cpp:785] Iteration 534 of 1000: 0.002000 ms
I 00:00:00.006524 executorch:executor_runner.cpp:785] Iteration 535 of 1000: 0.002039 ms
I 00:00:00.006531 executorch:executor_runner.cpp:785] Iteration 536 of 1000: 0.002039 ms
I 00:00:00.006538 executorch:executor_runner.cpp:785] Iteration 537 of 1000: 0.002077 ms
I 00:00:00.006545 executorch:executor_runner.cpp:785] Iteration 538 of 1000: 0.002076 ms
I 00:00:00.006552 executorch:executor_runner.cpp:785] Iteration 539 of 1000: 0.002039 ms
I 00:00:00.006559 executorch:executor_runner.cpp:785] Iteration 540 of 1000: 0.002076 ms
I 00:00:00.006567 executorch:executor_runner.cpp:785] Iteration 541 of 1000: 0.002039 ms
I 00:00:00.006584 executorch:executor_runner.cpp:785] Iteration 542 of 1000: 0.002077 ms
I 00:00:00.006592 executorch:executor_runner.cpp:785] Iteration 543 of 1000: 0.002115 ms
I 00:00:00.006600 executorch:executor_runner.cpp:785] Iteration 544 of 1000: 0.002230 ms
I 00:00:00.006607 executorch:executor_runner.cpp:785] Iteration 545 of 1000: 0.002039 ms
I 00:00:00.006614 executorch:executor_runner.cpp:785] Iteration 546 of 1000: 0.002077 ms
I 00:00:00.006621 executorch:executor_runner.cpp:785] Iteration 547 of 1000: 0.002038 ms
I 00:00:00.006628 executorch:executor_runner.cpp:785] Iteration 548 of 1000: 0.002038 ms
I 00:00:00.006635 executorch:executor_runner.cpp:785] Iteration 549 of 1000: 0.002038 ms
I 00:00:00.006643 executorch:executor_runner.cpp:785] Iteration 550 of 1000: 0.002038 ms
I 00:00:00.006650 executorch:executor_runner.cpp:785] Iteration 551 of 1000: 0.002077 ms
I 00:00:00.006657 executorch:executor_runner.cpp:785] Iteration 552 of 1000: 0.002077 ms
I 00:00:00.006664 executorch:executor_runner.cpp:785] Iteration 553 of 1000: 0.002116 ms
I 00:00:00.006671 executorch:executor_runner.cpp:785] Iteration 554 of 1000: 0.002116 ms
I 00:00:00.006678 executorch:executor_runner.cpp:785] Iteration 555 of 1000: 0.002038 ms
I 00:00:00.006686 executorch:executor_runner.cpp:785] Iteration 556 of 1000: 0.002077 ms
I 00:00:00.006693 executorch:executor_runner.cpp:785] Iteration 557 of 1000: 0.002039 ms
I 00:00:00.006700 executorch:executor_runner.cpp:785] Iteration 558 of 1000: 0.002115 ms
I 00:00:00.006707 executorch:executor_runner.cpp:785] Iteration 559 of 1000: 0.002038 ms
I 00:00:00.006714 executorch:executor_runner.cpp:785] Iteration 560 of 1000: 0.002077 ms
I 00:00:00.006721 executorch:executor_runner.cpp:785] Iteration 561 of 1000: 0.002077 ms
I 00:00:00.006728 executorch:executor_runner.cpp:785] Iteration 562 of 1000: 0.002077 ms
I 00:00:00.006735 executorch:executor_runner.cpp:785] Iteration 563 of 1000: 0.002076 ms
I 00:00:00.006742 executorch:executor_runner.cpp:785] Iteration 564 of 1000: 0.002039 ms
I 00:00:00.006750 executorch:executor_runner.cpp:785] Iteration 565 of 1000: 0.002039 ms
I 00:00:00.006757 executorch:executor_runner.cpp:785] Iteration 566 of 1000: 0.002039 ms
I 00:00:00.006764 executorch:executor_runner.cpp:785] Iteration 567 of 1000: 0.002077 ms
I 00:00:00.006771 executorch:executor_runner.cpp:785] Iteration 568 of 1000: 0.001962 ms
I 00:00:00.006778 executorch:executor_runner.cpp:785] Iteration 569 of 1000: 0.002000 ms
I 00:00:00.006785 executorch:executor_runner.cpp:785] Iteration 570 of 1000: 0.002039 ms
I 00:00:00.006793 executorch:executor_runner.cpp:785] Iteration 571 of 1000: 0.002000 ms
I 00:00:00.006800 executorch:executor_runner.cpp:785] Iteration 572 of 1000: 0.002077 ms
I 00:00:00.006807 executorch:executor_runner.cpp:785] Iteration 573 of 1000: 0.002077 ms
I 00:00:00.006814 executorch:executor_runner.cpp:785] Iteration 574 of 1000: 0.002077 ms
I 00:00:00.006821 executorch:executor_runner.cpp:785] Iteration 575 of 1000: 0.002038 ms
I 00:00:00.006828 executorch:executor_runner.cpp:785] Iteration 576 of 1000: 0.002038 ms
I 00:00:00.006836 executorch:executor_runner.cpp:785] Iteration 577 of 1000: 0.002038 ms
I 00:00:00.006843 executorch:executor_runner.cpp:785] Iteration 578 of 1000: 0.002000 ms
I 00:00:00.006850 executorch:executor_runner.cpp:785] Iteration 579 of 1000: 0.002039 ms
I 00:00:00.006857 executorch:executor_runner.cpp:785] Iteration 580 of 1000: 0.002039 ms
I 00:00:00.006864 executorch:executor_runner.cpp:785] Iteration 581 of 1000: 0.002039 ms
I 00:00:00.006871 executorch:executor_runner.cpp:785] Iteration 582 of 1000: 0.002115 ms
I 00:00:00.006878 executorch:executor_runner.cpp:785] Iteration 583 of 1000: 0.002077 ms
I 00:00:00.006886 executorch:executor_runner.cpp:785] Iteration 584 of 1000: 0.002038 ms
I 00:00:00.006893 executorch:executor_runner.cpp:785] Iteration 585 of 1000: 0.002077 ms
I 00:00:00.006900 executorch:executor_runner.cpp:785] Iteration 586 of 1000: 0.002077 ms
I 00:00:00.006907 executorch:executor_runner.cpp:785] Iteration 587 of 1000: 0.002038 ms
I 00:00:00.006920 executorch:executor_runner.cpp:785] Iteration 588 of 1000: 0.002154 ms
I 00:00:00.006928 executorch:executor_runner.cpp:785] Iteration 589 of 1000: 0.002307 ms
I 00:00:00.006935 executorch:executor_runner.cpp:785] Iteration 590 of 1000: 0.002038 ms
I 00:00:00.006943 executorch:executor_runner.cpp:785] Iteration 591 of 1000: 0.002000 ms
I 00:00:00.006950 executorch:executor_runner.cpp:785] Iteration 592 of 1000: 0.002000 ms
I 00:00:00.006957 executorch:executor_runner.cpp:785] Iteration 593 of 1000: 0.002000 ms
I 00:00:00.006964 executorch:executor_runner.cpp:785] Iteration 594 of 1000: 0.002077 ms
I 00:00:00.006972 executorch:executor_runner.cpp:785] Iteration 595 of 1000: 0.002000 ms
I 00:00:00.006980 executorch:executor_runner.cpp:785] Iteration 596 of 1000: 0.002731 ms
I 00:00:00.006987 executorch:executor_runner.cpp:785] Iteration 597 of 1000: 0.002154 ms
I 00:00:00.006994 executorch:executor_runner.cpp:785] Iteration 598 of 1000: 0.002116 ms
I 00:00:00.007001 executorch:executor_runner.cpp:785] Iteration 599 of 1000: 0.002000 ms
I 00:00:00.007008 executorch:executor_runner.cpp:785] Iteration 600 of 1000: 0.002039 ms
I 00:00:00.007015 executorch:executor_runner.cpp:785] Iteration 601 of 1000: 0.002038 ms
I 00:00:00.007023 executorch:executor_runner.cpp:785] Iteration 602 of 1000: 0.002077 ms
I 00:00:00.007030 executorch:executor_runner.cpp:785] Iteration 603 of 1000: 0.002077 ms
I 00:00:00.007037 executorch:executor_runner.cpp:785] Iteration 604 of 1000: 0.002038 ms
I 00:00:00.007044 executorch:executor_runner.cpp:785] Iteration 605 of 1000: 0.002076 ms
I 00:00:00.007051 executorch:executor_runner.cpp:785] Iteration 606 of 1000: 0.002077 ms
I 00:00:00.007058 executorch:executor_runner.cpp:785] Iteration 607 of 1000: 0.002039 ms
I 00:00:00.007065 executorch:executor_runner.cpp:785] Iteration 608 of 1000: 0.002039 ms
I 00:00:00.007072 executorch:executor_runner.cpp:785] Iteration 609 of 1000: 0.002077 ms
I 00:00:00.007080 executorch:executor_runner.cpp:785] Iteration 610 of 1000: 0.002077 ms
I 00:00:00.007087 executorch:executor_runner.cpp:785] Iteration 611 of 1000: 0.002077 ms
I 00:00:00.007094 executorch:executor_runner.cpp:785] Iteration 612 of 1000: 0.002077 ms
I 00:00:00.007101 executorch:executor_runner.cpp:785] Iteration 613 of 1000: 0.002039 ms
I 00:00:00.007108 executorch:executor_runner.cpp:785] Iteration 614 of 1000: 0.002077 ms
I 00:00:00.007115 executorch:executor_runner.cpp:785] Iteration 615 of 1000: 0.002077 ms
I 00:00:00.007122 executorch:executor_runner.cpp:785] Iteration 616 of 1000: 0.002077 ms
I 00:00:00.007130 executorch:executor_runner.cpp:785] Iteration 617 of 1000: 0.002039 ms
I 00:00:00.007137 executorch:executor_runner.cpp:785] Iteration 618 of 1000: 0.002077 ms
I 00:00:00.007144 executorch:executor_runner.cpp:785] Iteration 619 of 1000: 0.002039 ms
I 00:00:00.007151 executorch:executor_runner.cpp:785] Iteration 620 of 1000: 0.002039 ms
I 00:00:00.007158 executorch:executor_runner.cpp:785] Iteration 621 of 1000: 0.002039 ms
I 00:00:00.007165 executorch:executor_runner.cpp:785] Iteration 622 of 1000: 0.002077 ms
I 00:00:00.007172 executorch:executor_runner.cpp:785] Iteration 623 of 1000: 0.002077 ms
I 00:00:00.007179 executorch:executor_runner.cpp:785] Iteration 624 of 1000: 0.002038 ms
I 00:00:00.007186 executorch:executor_runner.cpp:785] Iteration 625 of 1000: 0.002077 ms
I 00:00:00.007194 executorch:executor_runner.cpp:785] Iteration 626 of 1000: 0.002077 ms
I 00:00:00.007201 executorch:executor_runner.cpp:785] Iteration 627 of 1000: 0.002038 ms
I 00:00:00.007208 executorch:executor_runner.cpp:785] Iteration 628 of 1000: 0.002038 ms
I 00:00:00.007215 executorch:executor_runner.cpp:785] Iteration 629 of 1000: 0.002038 ms
I 00:00:00.007222 executorch:executor_runner.cpp:785] Iteration 630 of 1000: 0.002039 ms
I 00:00:00.007229 executorch:executor_runner.cpp:785] Iteration 631 of 1000: 0.002039 ms
I 00:00:00.007236 executorch:executor_runner.cpp:785] Iteration 632 of 1000: 0.002038 ms
I 00:00:00.007243 executorch:executor_runner.cpp:785] Iteration 633 of 1000: 0.002077 ms
I 00:00:00.007257 executorch:executor_runner.cpp:785] Iteration 634 of 1000: 0.002116 ms
I 00:00:00.007265 executorch:executor_runner.cpp:785] Iteration 635 of 1000: 0.002077 ms
I 00:00:00.007272 executorch:executor_runner.cpp:785] Iteration 636 of 1000: 0.002076 ms
I 00:00:00.007280 executorch:executor_runner.cpp:785] Iteration 637 of 1000: 0.002077 ms
I 00:00:00.007287 executorch:executor_runner.cpp:785] Iteration 638 of 1000: 0.002115 ms
I 00:00:00.007294 executorch:executor_runner.cpp:785] Iteration 639 of 1000: 0.002039 ms
I 00:00:00.007301 executorch:executor_runner.cpp:785] Iteration 640 of 1000: 0.002000 ms
I 00:00:00.007308 executorch:executor_runner.cpp:785] Iteration 641 of 1000: 0.002038 ms
I 00:00:00.007315 executorch:executor_runner.cpp:785] Iteration 642 of 1000: 0.002000 ms
I 00:00:00.007323 executorch:executor_runner.cpp:785] Iteration 643 of 1000: 0.002038 ms
I 00:00:00.007332 executorch:executor_runner.cpp:785] Iteration 644 of 1000: 0.002115 ms
I 00:00:00.007339 executorch:executor_runner.cpp:785] Iteration 645 of 1000: 0.002077 ms
I 00:00:00.007346 executorch:executor_runner.cpp:785] Iteration 646 of 1000: 0.002077 ms
I 00:00:00.007353 executorch:executor_runner.cpp:785] Iteration 647 of 1000: 0.002000 ms
I 00:00:00.007361 executorch:executor_runner.cpp:785] Iteration 648 of 1000: 0.002423 ms
I 00:00:00.007368 executorch:executor_runner.cpp:785] Iteration 649 of 1000: 0.002077 ms
I 00:00:00.007375 executorch:executor_runner.cpp:785] Iteration 650 of 1000: 0.002000 ms
I 00:00:00.007382 executorch:executor_runner.cpp:785] Iteration 651 of 1000: 0.002000 ms
I 00:00:00.007390 executorch:executor_runner.cpp:785] Iteration 652 of 1000: 0.002000 ms
I 00:00:00.007397 executorch:executor_runner.cpp:785] Iteration 653 of 1000: 0.002038 ms
I 00:00:00.007404 executorch:executor_runner.cpp:785] Iteration 654 of 1000: 0.002038 ms
I 00:00:00.007411 executorch:executor_runner.cpp:785] Iteration 655 of 1000: 0.002077 ms
I 00:00:00.007418 executorch:executor_runner.cpp:785] Iteration 656 of 1000: 0.002115 ms
I 00:00:00.007425 executorch:executor_runner.cpp:785] Iteration 657 of 1000: 0.002077 ms
I 00:00:00.007432 executorch:executor_runner.cpp:785] Iteration 658 of 1000: 0.002077 ms
I 00:00:00.007439 executorch:executor_runner.cpp:785] Iteration 659 of 1000: 0.002076 ms
I 00:00:00.007446 executorch:executor_runner.cpp:785] Iteration 660 of 1000: 0.002039 ms
I 00:00:00.007454 executorch:executor_runner.cpp:785] Iteration 661 of 1000: 0.002077 ms
I 00:00:00.007462 executorch:executor_runner.cpp:785] Iteration 662 of 1000: 0.002039 ms
I 00:00:00.007469 executorch:executor_runner.cpp:785] Iteration 663 of 1000: 0.002115 ms
I 00:00:00.007476 executorch:executor_runner.cpp:785] Iteration 664 of 1000: 0.002039 ms
I 00:00:00.007484 executorch:executor_runner.cpp:785] Iteration 665 of 1000: 0.002039 ms
I 00:00:00.007491 executorch:executor_runner.cpp:785] Iteration 666 of 1000: 0.002039 ms
I 00:00:00.007498 executorch:executor_runner.cpp:785] Iteration 667 of 1000: 0.002038 ms
I 00:00:00.007506 executorch:executor_runner.cpp:785] Iteration 668 of 1000: 0.002038 ms
I 00:00:00.007513 executorch:executor_runner.cpp:785] Iteration 669 of 1000: 0.002077 ms
I 00:00:00.007520 executorch:executor_runner.cpp:785] Iteration 670 of 1000: 0.002115 ms
I 00:00:00.007528 executorch:executor_runner.cpp:785] Iteration 671 of 1000: 0.002039 ms
I 00:00:00.007535 executorch:executor_runner.cpp:785] Iteration 672 of 1000: 0.002115 ms
I 00:00:00.007542 executorch:executor_runner.cpp:785] Iteration 673 of 1000: 0.002077 ms
I 00:00:00.007549 executorch:executor_runner.cpp:785] Iteration 674 of 1000: 0.002000 ms
I 00:00:00.007556 executorch:executor_runner.cpp:785] Iteration 675 of 1000: 0.002038 ms
I 00:00:00.007563 executorch:executor_runner.cpp:785] Iteration 676 of 1000: 0.002039 ms
I 00:00:00.007570 executorch:executor_runner.cpp:785] Iteration 677 of 1000: 0.002115 ms
I 00:00:00.007578 executorch:executor_runner.cpp:785] Iteration 678 of 1000: 0.002116 ms
I 00:00:00.007585 executorch:executor_runner.cpp:785] Iteration 679 of 1000: 0.002077 ms
I 00:00:00.007597 executorch:executor_runner.cpp:785] Iteration 680 of 1000: 0.002461 ms
I 00:00:00.007605 executorch:executor_runner.cpp:785] Iteration 681 of 1000: 0.002424 ms
I 00:00:00.007612 executorch:executor_runner.cpp:785] Iteration 682 of 1000: 0.002077 ms
I 00:00:00.007620 executorch:executor_runner.cpp:785] Iteration 683 of 1000: 0.002077 ms
I 00:00:00.007627 executorch:executor_runner.cpp:785] Iteration 684 of 1000: 0.002269 ms
I 00:00:00.007634 executorch:executor_runner.cpp:785] Iteration 685 of 1000: 0.002039 ms
I 00:00:00.007641 executorch:executor_runner.cpp:785] Iteration 686 of 1000: 0.002000 ms
I 00:00:00.007648 executorch:executor_runner.cpp:785] Iteration 687 of 1000: 0.002115 ms
I 00:00:00.007655 executorch:executor_runner.cpp:785] Iteration 688 of 1000: 0.002038 ms
I 00:00:00.007663 executorch:executor_runner.cpp:785] Iteration 689 of 1000: 0.002115 ms
I 00:00:00.007670 executorch:executor_runner.cpp:785] Iteration 690 of 1000: 0.002077 ms
I 00:00:00.007677 executorch:executor_runner.cpp:785] Iteration 691 of 1000: 0.002077 ms
I 00:00:00.007684 executorch:executor_runner.cpp:785] Iteration 692 of 1000: 0.002077 ms
I 00:00:00.007691 executorch:executor_runner.cpp:785] Iteration 693 of 1000: 0.002076 ms
I 00:00:00.007698 executorch:executor_runner.cpp:785] Iteration 694 of 1000: 0.002077 ms
I 00:00:00.007706 executorch:executor_runner.cpp:785] Iteration 695 of 1000: 0.002000 ms
I 00:00:00.007713 executorch:executor_runner.cpp:785] Iteration 696 of 1000: 0.002077 ms
I 00:00:00.007720 executorch:executor_runner.cpp:785] Iteration 697 of 1000: 0.002039 ms
I 00:00:00.007727 executorch:executor_runner.cpp:785] Iteration 698 of 1000: 0.002000 ms
I 00:00:00.007734 executorch:executor_runner.cpp:785] Iteration 699 of 1000: 0.002077 ms
I 00:00:00.007741 executorch:executor_runner.cpp:785] Iteration 700 of 1000: 0.002077 ms
I 00:00:00.007749 executorch:executor_runner.cpp:785] Iteration 701 of 1000: 0.002116 ms
I 00:00:00.007756 executorch:executor_runner.cpp:785] Iteration 702 of 1000: 0.002076 ms
I 00:00:00.007763 executorch:executor_runner.cpp:785] Iteration 703 of 1000: 0.002077 ms
I 00:00:00.007770 executorch:executor_runner.cpp:785] Iteration 704 of 1000: 0.002076 ms
I 00:00:00.007778 executorch:executor_runner.cpp:785] Iteration 705 of 1000: 0.002115 ms
I 00:00:00.007785 executorch:executor_runner.cpp:785] Iteration 706 of 1000: 0.002038 ms
I 00:00:00.007792 executorch:executor_runner.cpp:785] Iteration 707 of 1000: 0.002115 ms
I 00:00:00.007799 executorch:executor_runner.cpp:785] Iteration 708 of 1000: 0.002077 ms
I 00:00:00.007806 executorch:executor_runner.cpp:785] Iteration 709 of 1000: 0.002076 ms
I 00:00:00.007813 executorch:executor_runner.cpp:785] Iteration 710 of 1000: 0.002115 ms
I 00:00:00.007820 executorch:executor_runner.cpp:785] Iteration 711 of 1000: 0.002077 ms
I 00:00:00.007827 executorch:executor_runner.cpp:785] Iteration 712 of 1000: 0.002077 ms
I 00:00:00.007835 executorch:executor_runner.cpp:785] Iteration 713 of 1000: 0.001961 ms
I 00:00:00.007842 executorch:executor_runner.cpp:785] Iteration 714 of 1000: 0.002077 ms
I 00:00:00.007849 executorch:executor_runner.cpp:785] Iteration 715 of 1000: 0.002077 ms
I 00:00:00.007856 executorch:executor_runner.cpp:785] Iteration 716 of 1000: 0.002077 ms
I 00:00:00.007863 executorch:executor_runner.cpp:785] Iteration 717 of 1000: 0.002039 ms
I 00:00:00.007870 executorch:executor_runner.cpp:785] Iteration 718 of 1000: 0.002000 ms
I 00:00:00.007877 executorch:executor_runner.cpp:785] Iteration 719 of 1000: 0.002039 ms
I 00:00:00.007885 executorch:executor_runner.cpp:785] Iteration 720 of 1000: 0.002077 ms
I 00:00:00.007892 executorch:executor_runner.cpp:785] Iteration 721 of 1000: 0.002077 ms
I 00:00:00.007899 executorch:executor_runner.cpp:785] Iteration 722 of 1000: 0.002038 ms
I 00:00:00.007906 executorch:executor_runner.cpp:785] Iteration 723 of 1000: 0.002000 ms
I 00:00:00.007913 executorch:executor_runner.cpp:785] Iteration 724 of 1000: 0.002000 ms
I 00:00:00.007920 executorch:executor_runner.cpp:785] Iteration 725 of 1000: 0.002076 ms
I 00:00:00.007932 executorch:executor_runner.cpp:785] Iteration 726 of 1000: 0.002308 ms
I 00:00:00.007940 executorch:executor_runner.cpp:785] Iteration 727 of 1000: 0.002077 ms
I 00:00:00.007948 executorch:executor_runner.cpp:785] Iteration 728 of 1000: 0.002077 ms
I 00:00:00.007955 executorch:executor_runner.cpp:785] Iteration 729 of 1000: 0.002077 ms
I 00:00:00.007962 executorch:executor_runner.cpp:785] Iteration 730 of 1000: 0.002077 ms
I 00:00:00.007969 executorch:executor_runner.cpp:785] Iteration 731 of 1000: 0.002038 ms
I 00:00:00.007976 executorch:executor_runner.cpp:785] Iteration 732 of 1000: 0.002038 ms
I 00:00:00.007984 executorch:executor_runner.cpp:785] Iteration 733 of 1000: 0.002116 ms
I 00:00:00.007991 executorch:executor_runner.cpp:785] Iteration 734 of 1000: 0.002077 ms
I 00:00:00.007998 executorch:executor_runner.cpp:785] Iteration 735 of 1000: 0.002077 ms
I 00:00:00.008005 executorch:executor_runner.cpp:785] Iteration 736 of 1000: 0.002038 ms
I 00:00:00.008012 executorch:executor_runner.cpp:785] Iteration 737 of 1000: 0.002038 ms
I 00:00:00.008020 executorch:executor_runner.cpp:785] Iteration 738 of 1000: 0.002077 ms
I 00:00:00.008027 executorch:executor_runner.cpp:785] Iteration 739 of 1000: 0.002039 ms
I 00:00:00.008034 executorch:executor_runner.cpp:785] Iteration 740 of 1000: 0.002077 ms
I 00:00:00.008041 executorch:executor_runner.cpp:785] Iteration 741 of 1000: 0.002077 ms
I 00:00:00.008048 executorch:executor_runner.cpp:785] Iteration 742 of 1000: 0.002039 ms
I 00:00:00.008055 executorch:executor_runner.cpp:785] Iteration 743 of 1000: 0.002038 ms
I 00:00:00.008062 executorch:executor_runner.cpp:785] Iteration 744 of 1000: 0.002039 ms
I 00:00:00.008069 executorch:executor_runner.cpp:785] Iteration 745 of 1000: 0.002000 ms
I 00:00:00.008076 executorch:executor_runner.cpp:785] Iteration 746 of 1000: 0.002038 ms
I 00:00:00.008084 executorch:executor_runner.cpp:785] Iteration 747 of 1000: 0.002077 ms
I 00:00:00.008091 executorch:executor_runner.cpp:785] Iteration 748 of 1000: 0.002077 ms
I 00:00:00.008098 executorch:executor_runner.cpp:785] Iteration 749 of 1000: 0.002077 ms
I 00:00:00.008105 executorch:executor_runner.cpp:785] Iteration 750 of 1000: 0.002038 ms
I 00:00:00.008112 executorch:executor_runner.cpp:785] Iteration 751 of 1000: 0.002038 ms
I 00:00:00.008119 executorch:executor_runner.cpp:785] Iteration 752 of 1000: 0.002077 ms
I 00:00:00.008126 executorch:executor_runner.cpp:785] Iteration 753 of 1000: 0.002039 ms
I 00:00:00.008133 executorch:executor_runner.cpp:785] Iteration 754 of 1000: 0.002077 ms
I 00:00:00.008141 executorch:executor_runner.cpp:785] Iteration 755 of 1000: 0.002115 ms
I 00:00:00.008148 executorch:executor_runner.cpp:785] Iteration 756 of 1000: 0.002077 ms
I 00:00:00.008155 executorch:executor_runner.cpp:785] Iteration 757 of 1000: 0.002077 ms
I 00:00:00.008162 executorch:executor_runner.cpp:785] Iteration 758 of 1000: 0.002000 ms
I 00:00:00.008169 executorch:executor_runner.cpp:785] Iteration 759 of 1000: 0.002077 ms
I 00:00:00.008176 executorch:executor_runner.cpp:785] Iteration 760 of 1000: 0.002038 ms
I 00:00:00.008183 executorch:executor_runner.cpp:785] Iteration 761 of 1000: 0.002038 ms
I 00:00:00.008190 executorch:executor_runner.cpp:785] Iteration 762 of 1000: 0.002039 ms
I 00:00:00.008198 executorch:executor_runner.cpp:785] Iteration 763 of 1000: 0.002039 ms
I 00:00:00.008205 executorch:executor_runner.cpp:785] Iteration 764 of 1000: 0.002000 ms
I 00:00:00.008212 executorch:executor_runner.cpp:785] Iteration 765 of 1000: 0.002077 ms
I 00:00:00.008220 executorch:executor_runner.cpp:785] Iteration 766 of 1000: 0.002038 ms
I 00:00:00.008227 executorch:executor_runner.cpp:785] Iteration 767 of 1000: 0.002077 ms
I 00:00:00.008234 executorch:executor_runner.cpp:785] Iteration 768 of 1000: 0.002077 ms
I 00:00:00.008241 executorch:executor_runner.cpp:785] Iteration 769 of 1000: 0.002038 ms
I 00:00:00.008248 executorch:executor_runner.cpp:785] Iteration 770 of 1000: 0.002116 ms
I 00:00:00.008255 executorch:executor_runner.cpp:785] Iteration 771 of 1000: 0.002077 ms
I 00:00:00.008266 executorch:executor_runner.cpp:785] Iteration 772 of 1000: 0.002269 ms
I 00:00:00.008274 executorch:executor_runner.cpp:785] Iteration 773 of 1000: 0.002269 ms
I 00:00:00.008282 executorch:executor_runner.cpp:785] Iteration 774 of 1000: 0.002077 ms
I 00:00:00.008289 executorch:executor_runner.cpp:785] Iteration 775 of 1000: 0.002039 ms
I 00:00:00.008296 executorch:executor_runner.cpp:785] Iteration 776 of 1000: 0.002076 ms
I 00:00:00.008304 executorch:executor_runner.cpp:785] Iteration 777 of 1000: 0.002038 ms
I 00:00:00.008311 executorch:executor_runner.cpp:785] Iteration 778 of 1000: 0.002077 ms
I 00:00:00.008318 executorch:executor_runner.cpp:785] Iteration 779 of 1000: 0.002000 ms
I 00:00:00.008326 executorch:executor_runner.cpp:785] Iteration 780 of 1000: 0.002000 ms
I 00:00:00.008333 executorch:executor_runner.cpp:785] Iteration 781 of 1000: 0.002077 ms
I 00:00:00.008340 executorch:executor_runner.cpp:785] Iteration 782 of 1000: 0.002039 ms
I 00:00:00.008347 executorch:executor_runner.cpp:785] Iteration 783 of 1000: 0.002077 ms
I 00:00:00.008354 executorch:executor_runner.cpp:785] Iteration 784 of 1000: 0.002077 ms
I 00:00:00.008361 executorch:executor_runner.cpp:785] Iteration 785 of 1000: 0.002077 ms
I 00:00:00.008368 executorch:executor_runner.cpp:785] Iteration 786 of 1000: 0.002115 ms
I 00:00:00.008375 executorch:executor_runner.cpp:785] Iteration 787 of 1000: 0.002038 ms
I 00:00:00.008382 executorch:executor_runner.cpp:785] Iteration 788 of 1000: 0.002038 ms
I 00:00:00.008390 executorch:executor_runner.cpp:785] Iteration 789 of 1000: 0.002077 ms
I 00:00:00.008397 executorch:executor_runner.cpp:785] Iteration 790 of 1000: 0.001961 ms
I 00:00:00.008404 executorch:executor_runner.cpp:785] Iteration 791 of 1000: 0.002038 ms
I 00:00:00.008411 executorch:executor_runner.cpp:785] Iteration 792 of 1000: 0.002077 ms
I 00:00:00.008418 executorch:executor_runner.cpp:785] Iteration 793 of 1000: 0.002115 ms
I 00:00:00.008425 executorch:executor_runner.cpp:785] Iteration 794 of 1000: 0.002116 ms
I 00:00:00.008432 executorch:executor_runner.cpp:785] Iteration 795 of 1000: 0.002038 ms
I 00:00:00.008439 executorch:executor_runner.cpp:785] Iteration 796 of 1000: 0.002039 ms
I 00:00:00.008447 executorch:executor_runner.cpp:785] Iteration 797 of 1000: 0.002077 ms
I 00:00:00.008454 executorch:executor_runner.cpp:785] Iteration 798 of 1000: 0.002039 ms
I 00:00:00.008461 executorch:executor_runner.cpp:785] Iteration 799 of 1000: 0.002077 ms
I 00:00:00.008468 executorch:executor_runner.cpp:785] Iteration 800 of 1000: 0.002077 ms
I 00:00:00.008475 executorch:executor_runner.cpp:785] Iteration 801 of 1000: 0.002039 ms
I 00:00:00.008482 executorch:executor_runner.cpp:785] Iteration 802 of 1000: 0.002038 ms
I 00:00:00.008489 executorch:executor_runner.cpp:785] Iteration 803 of 1000: 0.002077 ms
I 00:00:00.008497 executorch:executor_runner.cpp:785] Iteration 804 of 1000: 0.002039 ms
I 00:00:00.008504 executorch:executor_runner.cpp:785] Iteration 805 of 1000: 0.002039 ms
I 00:00:00.008511 executorch:executor_runner.cpp:785] Iteration 806 of 1000: 0.002115 ms
I 00:00:00.008518 executorch:executor_runner.cpp:785] Iteration 807 of 1000: 0.002077 ms
I 00:00:00.008526 executorch:executor_runner.cpp:785] Iteration 808 of 1000: 0.002077 ms
I 00:00:00.008533 executorch:executor_runner.cpp:785] Iteration 809 of 1000: 0.002077 ms
I 00:00:00.008540 executorch:executor_runner.cpp:785] Iteration 810 of 1000: 0.002076 ms
I 00:00:00.008547 executorch:executor_runner.cpp:785] Iteration 811 of 1000: 0.002038 ms
I 00:00:00.008554 executorch:executor_runner.cpp:785] Iteration 812 of 1000: 0.002077 ms
I 00:00:00.008561 executorch:executor_runner.cpp:785] Iteration 813 of 1000: 0.002077 ms
I 00:00:00.008568 executorch:executor_runner.cpp:785] Iteration 814 of 1000: 0.002000 ms
I 00:00:00.008576 executorch:executor_runner.cpp:785] Iteration 815 of 1000: 0.002038 ms
I 00:00:00.008583 executorch:executor_runner.cpp:785] Iteration 816 of 1000: 0.002039 ms
I 00:00:00.008590 executorch:executor_runner.cpp:785] Iteration 817 of 1000: 0.002077 ms
I 00:00:00.008602 executorch:executor_runner.cpp:785] Iteration 818 of 1000: 0.002115 ms
I 00:00:00.008609 executorch:executor_runner.cpp:785] Iteration 819 of 1000: 0.002154 ms
I 00:00:00.008617 executorch:executor_runner.cpp:785] Iteration 820 of 1000: 0.002038 ms
I 00:00:00.008624 executorch:executor_runner.cpp:785] Iteration 821 of 1000: 0.002077 ms
I 00:00:00.008631 executorch:executor_runner.cpp:785] Iteration 822 of 1000: 0.002077 ms
I 00:00:00.008638 executorch:executor_runner.cpp:785] Iteration 823 of 1000: 0.002077 ms
I 00:00:00.008646 executorch:executor_runner.cpp:785] Iteration 824 of 1000: 0.002038 ms
I 00:00:00.008653 executorch:executor_runner.cpp:785] Iteration 825 of 1000: 0.002039 ms
I 00:00:00.008660 executorch:executor_runner.cpp:785] Iteration 826 of 1000: 0.002077 ms
I 00:00:00.008667 executorch:executor_runner.cpp:785] Iteration 827 of 1000: 0.002039 ms
I 00:00:00.008674 executorch:executor_runner.cpp:785] Iteration 828 of 1000: 0.002077 ms
I 00:00:00.008681 executorch:executor_runner.cpp:785] Iteration 829 of 1000: 0.002077 ms
I 00:00:00.008688 executorch:executor_runner.cpp:785] Iteration 830 of 1000: 0.002000 ms
I 00:00:00.008695 executorch:executor_runner.cpp:785] Iteration 831 of 1000: 0.002039 ms
I 00:00:00.008703 executorch:executor_runner.cpp:785] Iteration 832 of 1000: 0.002077 ms
I 00:00:00.008710 executorch:executor_runner.cpp:785] Iteration 833 of 1000: 0.002077 ms
I 00:00:00.008717 executorch:executor_runner.cpp:785] Iteration 834 of 1000: 0.002077 ms
I 00:00:00.008724 executorch:executor_runner.cpp:785] Iteration 835 of 1000: 0.002039 ms
I 00:00:00.008731 executorch:executor_runner.cpp:785] Iteration 836 of 1000: 0.002000 ms
I 00:00:00.008738 executorch:executor_runner.cpp:785] Iteration 837 of 1000: 0.002038 ms
I 00:00:00.008746 executorch:executor_runner.cpp:785] Iteration 838 of 1000: 0.002039 ms
I 00:00:00.008753 executorch:executor_runner.cpp:785] Iteration 839 of 1000: 0.002039 ms
I 00:00:00.008760 executorch:executor_runner.cpp:785] Iteration 840 of 1000: 0.002077 ms
I 00:00:00.008767 executorch:executor_runner.cpp:785] Iteration 841 of 1000: 0.002115 ms
I 00:00:00.008774 executorch:executor_runner.cpp:785] Iteration 842 of 1000: 0.002038 ms
I 00:00:00.008781 executorch:executor_runner.cpp:785] Iteration 843 of 1000: 0.002116 ms
I 00:00:00.008788 executorch:executor_runner.cpp:785] Iteration 844 of 1000: 0.002115 ms
I 00:00:00.008796 executorch:executor_runner.cpp:785] Iteration 845 of 1000: 0.002038 ms
I 00:00:00.008803 executorch:executor_runner.cpp:785] Iteration 846 of 1000: 0.002038 ms
I 00:00:00.008810 executorch:executor_runner.cpp:785] Iteration 847 of 1000: 0.002038 ms
I 00:00:00.008817 executorch:executor_runner.cpp:785] Iteration 848 of 1000: 0.002038 ms
I 00:00:00.008824 executorch:executor_runner.cpp:785] Iteration 849 of 1000: 0.002038 ms
I 00:00:00.008831 executorch:executor_runner.cpp:785] Iteration 850 of 1000: 0.002077 ms
I 00:00:00.008838 executorch:executor_runner.cpp:785] Iteration 851 of 1000: 0.002077 ms
I 00:00:00.008845 executorch:executor_runner.cpp:785] Iteration 852 of 1000: 0.002077 ms
I 00:00:00.008852 executorch:executor_runner.cpp:785] Iteration 853 of 1000: 0.002077 ms
I 00:00:00.008860 executorch:executor_runner.cpp:785] Iteration 854 of 1000: 0.002077 ms
I 00:00:00.008867 executorch:executor_runner.cpp:785] Iteration 855 of 1000: 0.002076 ms
I 00:00:00.008875 executorch:executor_runner.cpp:785] Iteration 856 of 1000: 0.002269 ms
I 00:00:00.008882 executorch:executor_runner.cpp:785] Iteration 857 of 1000: 0.002077 ms
I 00:00:00.008889 executorch:executor_runner.cpp:785] Iteration 858 of 1000: 0.002077 ms
I 00:00:00.008896 executorch:executor_runner.cpp:785] Iteration 859 of 1000: 0.002077 ms
I 00:00:00.008903 executorch:executor_runner.cpp:785] Iteration 860 of 1000: 0.001962 ms
I 00:00:00.008910 executorch:executor_runner.cpp:785] Iteration 861 of 1000: 0.002039 ms
I 00:00:00.008917 executorch:executor_runner.cpp:785] Iteration 862 of 1000: 0.002039 ms
I 00:00:00.008924 executorch:executor_runner.cpp:785] Iteration 863 of 1000: 0.002076 ms
I 00:00:00.008936 executorch:executor_runner.cpp:785] Iteration 864 of 1000: 0.002538 ms
I 00:00:00.008944 executorch:executor_runner.cpp:785] Iteration 865 of 1000: 0.002076 ms
I 00:00:00.008952 executorch:executor_runner.cpp:785] Iteration 866 of 1000: 0.002039 ms
I 00:00:00.008959 executorch:executor_runner.cpp:785] Iteration 867 of 1000: 0.002039 ms
I 00:00:00.008966 executorch:executor_runner.cpp:785] Iteration 868 of 1000: 0.002038 ms
I 00:00:00.008973 executorch:executor_runner.cpp:785] Iteration 869 of 1000: 0.002038 ms
I 00:00:00.008980 executorch:executor_runner.cpp:785] Iteration 870 of 1000: 0.002077 ms
I 00:00:00.008987 executorch:executor_runner.cpp:785] Iteration 871 of 1000: 0.002076 ms
I 00:00:00.008995 executorch:executor_runner.cpp:785] Iteration 872 of 1000: 0.002077 ms
I 00:00:00.009002 executorch:executor_runner.cpp:785] Iteration 873 of 1000: 0.002038 ms
I 00:00:00.009009 executorch:executor_runner.cpp:785] Iteration 874 of 1000: 0.002038 ms
I 00:00:00.009016 executorch:executor_runner.cpp:785] Iteration 875 of 1000: 0.002077 ms
I 00:00:00.009023 executorch:executor_runner.cpp:785] Iteration 876 of 1000: 0.002039 ms
I 00:00:00.009030 executorch:executor_runner.cpp:785] Iteration 877 of 1000: 0.002039 ms
I 00:00:00.009037 executorch:executor_runner.cpp:785] Iteration 878 of 1000: 0.002077 ms
I 00:00:00.009044 executorch:executor_runner.cpp:785] Iteration 879 of 1000: 0.002076 ms
I 00:00:00.009052 executorch:executor_runner.cpp:785] Iteration 880 of 1000: 0.002038 ms
I 00:00:00.009059 executorch:executor_runner.cpp:785] Iteration 881 of 1000: 0.002039 ms
I 00:00:00.009066 executorch:executor_runner.cpp:785] Iteration 882 of 1000: 0.002077 ms
I 00:00:00.009073 executorch:executor_runner.cpp:785] Iteration 883 of 1000: 0.002077 ms
I 00:00:00.009080 executorch:executor_runner.cpp:785] Iteration 884 of 1000: 0.002116 ms
I 00:00:00.009087 executorch:executor_runner.cpp:785] Iteration 885 of 1000: 0.002038 ms
I 00:00:00.009095 executorch:executor_runner.cpp:785] Iteration 886 of 1000: 0.002038 ms
I 00:00:00.009102 executorch:executor_runner.cpp:785] Iteration 887 of 1000: 0.002038 ms
I 00:00:00.009109 executorch:executor_runner.cpp:785] Iteration 888 of 1000: 0.002039 ms
I 00:00:00.009116 executorch:executor_runner.cpp:785] Iteration 889 of 1000: 0.002076 ms
I 00:00:00.009123 executorch:executor_runner.cpp:785] Iteration 890 of 1000: 0.002039 ms
I 00:00:00.009130 executorch:executor_runner.cpp:785] Iteration 891 of 1000: 0.002000 ms
I 00:00:00.009137 executorch:executor_runner.cpp:785] Iteration 892 of 1000: 0.002039 ms
I 00:00:00.009145 executorch:executor_runner.cpp:785] Iteration 893 of 1000: 0.002077 ms
I 00:00:00.009152 executorch:executor_runner.cpp:785] Iteration 894 of 1000: 0.002077 ms
I 00:00:00.009159 executorch:executor_runner.cpp:785] Iteration 895 of 1000: 0.002077 ms
I 00:00:00.009166 executorch:executor_runner.cpp:785] Iteration 896 of 1000: 0.002077 ms
I 00:00:00.009173 executorch:executor_runner.cpp:785] Iteration 897 of 1000: 0.002077 ms
I 00:00:00.009180 executorch:executor_runner.cpp:785] Iteration 898 of 1000: 0.002039 ms
I 00:00:00.009187 executorch:executor_runner.cpp:785] Iteration 899 of 1000: 0.002116 ms
I 00:00:00.009194 executorch:executor_runner.cpp:785] Iteration 900 of 1000: 0.002038 ms
I 00:00:00.009201 executorch:executor_runner.cpp:785] Iteration 901 of 1000: 0.002077 ms
I 00:00:00.009209 executorch:executor_runner.cpp:785] Iteration 902 of 1000: 0.002039 ms
I 00:00:00.009216 executorch:executor_runner.cpp:785] Iteration 903 of 1000: 0.002039 ms
I 00:00:00.009223 executorch:executor_runner.cpp:785] Iteration 904 of 1000: 0.002077 ms
I 00:00:00.009230 executorch:executor_runner.cpp:785] Iteration 905 of 1000: 0.002038 ms
I 00:00:00.009237 executorch:executor_runner.cpp:785] Iteration 906 of 1000: 0.002077 ms
I 00:00:00.009244 executorch:executor_runner.cpp:785] Iteration 907 of 1000: 0.002077 ms
I 00:00:00.009252 executorch:executor_runner.cpp:785] Iteration 908 of 1000: 0.002077 ms
I 00:00:00.009259 executorch:executor_runner.cpp:785] Iteration 909 of 1000: 0.002077 ms
I 00:00:00.009270 executorch:executor_runner.cpp:785] Iteration 910 of 1000: 0.002538 ms
I 00:00:00.009278 executorch:executor_runner.cpp:785] Iteration 911 of 1000: 0.002116 ms
I 00:00:00.009285 executorch:executor_runner.cpp:785] Iteration 912 of 1000: 0.002077 ms
I 00:00:00.009292 executorch:executor_runner.cpp:785] Iteration 913 of 1000: 0.002038 ms
I 00:00:00.009299 executorch:executor_runner.cpp:785] Iteration 914 of 1000: 0.002039 ms
I 00:00:00.009306 executorch:executor_runner.cpp:785] Iteration 915 of 1000: 0.002039 ms
I 00:00:00.009313 executorch:executor_runner.cpp:785] Iteration 916 of 1000: 0.002038 ms
I 00:00:00.009321 executorch:executor_runner.cpp:785] Iteration 917 of 1000: 0.002077 ms
I 00:00:00.009328 executorch:executor_runner.cpp:785] Iteration 918 of 1000: 0.002116 ms
I 00:00:00.009335 executorch:executor_runner.cpp:785] Iteration 919 of 1000: 0.002115 ms
I 00:00:00.009342 executorch:executor_runner.cpp:785] Iteration 920 of 1000: 0.002115 ms
I 00:00:00.009350 executorch:executor_runner.cpp:785] Iteration 921 of 1000: 0.002154 ms
I 00:00:00.009357 executorch:executor_runner.cpp:785] Iteration 922 of 1000: 0.002038 ms
I 00:00:00.009364 executorch:executor_runner.cpp:785] Iteration 923 of 1000: 0.002039 ms
I 00:00:00.009371 executorch:executor_runner.cpp:785] Iteration 924 of 1000: 0.002038 ms
I 00:00:00.009378 executorch:executor_runner.cpp:785] Iteration 925 of 1000: 0.002038 ms
I 00:00:00.009385 executorch:executor_runner.cpp:785] Iteration 926 of 1000: 0.002038 ms
I 00:00:00.009392 executorch:executor_runner.cpp:785] Iteration 927 of 1000: 0.002077 ms
I 00:00:00.009400 executorch:executor_runner.cpp:785] Iteration 928 of 1000: 0.002077 ms
I 00:00:00.009407 executorch:executor_runner.cpp:785] Iteration 929 of 1000: 0.002038 ms
I 00:00:00.009414 executorch:executor_runner.cpp:785] Iteration 930 of 1000: 0.002077 ms
I 00:00:00.009421 executorch:executor_runner.cpp:785] Iteration 931 of 1000: 0.002038 ms
I 00:00:00.009428 executorch:executor_runner.cpp:785] Iteration 932 of 1000: 0.002039 ms
I 00:00:00.009435 executorch:executor_runner.cpp:785] Iteration 933 of 1000: 0.002038 ms
I 00:00:00.009442 executorch:executor_runner.cpp:785] Iteration 934 of 1000: 0.002000 ms
I 00:00:00.009450 executorch:executor_runner.cpp:785] Iteration 935 of 1000: 0.002039 ms
I 00:00:00.009457 executorch:executor_runner.cpp:785] Iteration 936 of 1000: 0.002038 ms
I 00:00:00.009464 executorch:executor_runner.cpp:785] Iteration 937 of 1000: 0.002077 ms
I 00:00:00.009471 executorch:executor_runner.cpp:785] Iteration 938 of 1000: 0.002039 ms
I 00:00:00.009478 executorch:executor_runner.cpp:785] Iteration 939 of 1000: 0.002038 ms
I 00:00:00.009485 executorch:executor_runner.cpp:785] Iteration 940 of 1000: 0.002115 ms
I 00:00:00.009493 executorch:executor_runner.cpp:785] Iteration 941 of 1000: 0.002077 ms
I 00:00:00.009500 executorch:executor_runner.cpp:785] Iteration 942 of 1000: 0.002077 ms
I 00:00:00.009507 executorch:executor_runner.cpp:785] Iteration 943 of 1000: 0.002077 ms
I 00:00:00.009514 executorch:executor_runner.cpp:785] Iteration 944 of 1000: 0.002077 ms
I 00:00:00.009521 executorch:executor_runner.cpp:785] Iteration 945 of 1000: 0.002039 ms
I 00:00:00.009528 executorch:executor_runner.cpp:785] Iteration 946 of 1000: 0.002077 ms
I 00:00:00.009535 executorch:executor_runner.cpp:785] Iteration 947 of 1000: 0.002038 ms
I 00:00:00.009543 executorch:executor_runner.cpp:785] Iteration 948 of 1000: 0.002077 ms
I 00:00:00.009550 executorch:executor_runner.cpp:785] Iteration 949 of 1000: 0.002076 ms
I 00:00:00.009557 executorch:executor_runner.cpp:785] Iteration 950 of 1000: 0.002077 ms
I 00:00:00.009564 executorch:executor_runner.cpp:785] Iteration 951 of 1000: 0.002077 ms
I 00:00:00.009571 executorch:executor_runner.cpp:785] Iteration 952 of 1000: 0.002039 ms
I 00:00:00.009578 executorch:executor_runner.cpp:785] Iteration 953 of 1000: 0.002077 ms
I 00:00:00.009586 executorch:executor_runner.cpp:785] Iteration 954 of 1000: 0.002077 ms
I 00:00:00.009593 executorch:executor_runner.cpp:785] Iteration 955 of 1000: 0.002039 ms
I 00:00:00.009605 executorch:executor_runner.cpp:785] Iteration 956 of 1000: 0.002116 ms
I 00:00:00.009613 executorch:executor_runner.cpp:785] Iteration 957 of 1000: 0.002000 ms
I 00:00:00.009621 executorch:executor_runner.cpp:785] Iteration 958 of 1000: 0.002077 ms
I 00:00:00.009628 executorch:executor_runner.cpp:785] Iteration 959 of 1000: 0.002000 ms
I 00:00:00.009635 executorch:executor_runner.cpp:785] Iteration 960 of 1000: 0.002000 ms
I 00:00:00.009643 executorch:executor_runner.cpp:785] Iteration 961 of 1000: 0.002231 ms
I 00:00:00.009650 executorch:executor_runner.cpp:785] Iteration 962 of 1000: 0.002000 ms
I 00:00:00.009657 executorch:executor_runner.cpp:785] Iteration 963 of 1000: 0.002077 ms
I 00:00:00.009664 executorch:executor_runner.cpp:785] Iteration 964 of 1000: 0.002077 ms
I 00:00:00.009671 executorch:executor_runner.cpp:785] Iteration 965 of 1000: 0.002077 ms
I 00:00:00.009679 executorch:executor_runner.cpp:785] Iteration 966 of 1000: 0.002077 ms
I 00:00:00.009686 executorch:executor_runner.cpp:785] Iteration 967 of 1000: 0.002077 ms
I 00:00:00.009693 executorch:executor_runner.cpp:785] Iteration 968 of 1000: 0.002077 ms
I 00:00:00.009700 executorch:executor_runner.cpp:785] Iteration 969 of 1000: 0.002038 ms
I 00:00:00.009707 executorch:executor_runner.cpp:785] Iteration 970 of 1000: 0.002038 ms
I 00:00:00.009714 executorch:executor_runner.cpp:785] Iteration 971 of 1000: 0.002039 ms
I 00:00:00.009721 executorch:executor_runner.cpp:785] Iteration 972 of 1000: 0.002077 ms
I 00:00:00.009752 executorch:executor_runner.cpp:785] Iteration 973 of 1000: 0.004230 ms
I 00:00:00.009764 executorch:executor_runner.cpp:785] Iteration 974 of 1000: 0.002192 ms
I 00:00:00.009772 executorch:executor_runner.cpp:785] Iteration 975 of 1000: 0.002116 ms
I 00:00:00.009780 executorch:executor_runner.cpp:785] Iteration 976 of 1000: 0.002039 ms
I 00:00:00.009788 executorch:executor_runner.cpp:785] Iteration 977 of 1000: 0.002000 ms
I 00:00:00.009795 executorch:executor_runner.cpp:785] Iteration 978 of 1000: 0.002039 ms
I 00:00:00.009802 executorch:executor_runner.cpp:785] Iteration 979 of 1000: 0.002077 ms
I 00:00:00.009809 executorch:executor_runner.cpp:785] Iteration 980 of 1000: 0.002038 ms
I 00:00:00.009817 executorch:executor_runner.cpp:785] Iteration 981 of 1000: 0.002039 ms
I 00:00:00.009824 executorch:executor_runner.cpp:785] Iteration 982 of 1000: 0.002077 ms
I 00:00:00.009831 executorch:executor_runner.cpp:785] Iteration 983 of 1000: 0.002000 ms
I 00:00:00.009838 executorch:executor_runner.cpp:785] Iteration 984 of 1000: 0.002077 ms
I 00:00:00.009846 executorch:executor_runner.cpp:785] Iteration 985 of 1000: 0.002077 ms
I 00:00:00.009853 executorch:executor_runner.cpp:785] Iteration 986 of 1000: 0.002077 ms
I 00:00:00.009860 executorch:executor_runner.cpp:785] Iteration 987 of 1000: 0.002039 ms
I 00:00:00.009867 executorch:executor_runner.cpp:785] Iteration 988 of 1000: 0.002000 ms
I 00:00:00.009875 executorch:executor_runner.cpp:785] Iteration 989 of 1000: 0.002077 ms
I 00:00:00.009882 executorch:executor_runner.cpp:785] Iteration 990 of 1000: 0.002077 ms
I 00:00:00.009889 executorch:executor_runner.cpp:785] Iteration 991 of 1000: 0.002039 ms
I 00:00:00.009896 executorch:executor_runner.cpp:785] Iteration 992 of 1000: 0.002000 ms
I 00:00:00.009904 executorch:executor_runner.cpp:785] Iteration 993 of 1000: 0.002038 ms
I 00:00:00.009911 executorch:executor_runner.cpp:785] Iteration 994 of 1000: 0.002039 ms
I 00:00:00.009918 executorch:executor_runner.cpp:785] Iteration 995 of 1000: 0.002077 ms
I 00:00:00.009925 executorch:executor_runner.cpp:785] Iteration 996 of 1000: 0.002038 ms
I 00:00:00.009933 executorch:executor_runner.cpp:785] Iteration 997 of 1000: 0.002038 ms
I 00:00:00.009940 executorch:executor_runner.cpp:785] Iteration 998 of 1000: 0.002038 ms
I 00:00:00.009947 executorch:executor_runner.cpp:785] Iteration 999 of 1000: 0.002039 ms
I 00:00:00.009954 executorch:executor_runner.cpp:785] Iteration 1000 of 1000: 0.002077 ms
I 00:00:00.009958 executorch:executor_runner.cpp:794] Model executed successfully 1000 time(s) in 2.258879 ms.
I 00:00:00.009975 executorch:executor_runner.cpp:798] 1 outputs: 
