I 00:00:00.003139 executorch:cpuinfo_utils.cpp:71] Reading file /sys/devices/soc0/image_version
I 00:00:00.003347 executorch:cpuinfo_utils.cpp:87] Failed to open midr file /sys/devices/soc0/image_version
I 00:00:00.003363 executorch:cpuinfo_utils.cpp:167] Number of efficient cores 6
I 00:00:00.003368 executorch:executor_runner.cpp:341] Resetting threadpool with num threads = 2
I 00:00:00.003375 executorch:cpuinfo_utils.cpp:71] Reading file /sys/devices/soc0/image_version
I 00:00:00.003389 executorch:cpuinfo_utils.cpp:87] Failed to open midr file /sys/devices/soc0/image_version
I 00:00:00.003394 executorch:cpuinfo_utils.cpp:167] Number of efficient cores 6
I 00:00:00.003599 executorch:threadpool.cpp:66] Resetting threadpool to 2 threads.
I 00:00:00.003730 executorch:executor_runner.cpp:476] Model file /data/local/tmp/b02_executorch/linear_xnnpack_fp32.pte is loaded.
I 00:00:00.003740 executorch:executor_runner.cpp:486] Using method forward
I 00:00:00.003747 executorch:executor_runner.cpp:560] Setting up CPU planned buffer 0, size 160.
I 00:00:00.004038 executorch:executor_runner.cpp:629] Model loaded in 0.382923 ms.
I 00:00:00.004119 executorch:executor_runner.cpp:785] Iteration 1 of 1000: 0.037962 ms
I 00:00:00.004131 executorch:executor_runner.cpp:785] Iteration 2 of 1000: 0.002923 ms
I 00:00:00.004140 executorch:executor_runner.cpp:785] Iteration 3 of 1000: 0.002577 ms
I 00:00:00.004148 executorch:executor_runner.cpp:785] Iteration 4 of 1000: 0.002192 ms
I 00:00:00.004156 executorch:executor_runner.cpp:785] Iteration 5 of 1000: 0.002231 ms
I 00:00:00.004163 executorch:executor_runner.cpp:785] Iteration 6 of 1000: 0.002038 ms
I 00:00:00.004170 executorch:executor_runner.cpp:785] Iteration 7 of 1000: 0.002077 ms
I 00:00:00.004178 executorch:executor_runner.cpp:785] Iteration 8 of 1000: 0.002038 ms
I 00:00:00.004185 executorch:executor_runner.cpp:785] Iteration 9 of 1000: 0.002038 ms
I 00:00:00.004192 executorch:executor_runner.cpp:785] Iteration 10 of 1000: 0.002039 ms
I 00:00:00.004200 executorch:executor_runner.cpp:785] Iteration 11 of 1000: 0.002039 ms
I 00:00:00.004207 executorch:executor_runner.cpp:785] Iteration 12 of 1000: 0.002039 ms
I 00:00:00.004214 executorch:executor_runner.cpp:785] Iteration 13 of 1000: 0.002077 ms
I 00:00:00.004221 executorch:executor_runner.cpp:785] Iteration 14 of 1000: 0.002115 ms
I 00:00:00.004228 executorch:executor_runner.cpp:785] Iteration 15 of 1000: 0.002039 ms
I 00:00:00.004235 executorch:executor_runner.cpp:785] Iteration 16 of 1000: 0.002115 ms
I 00:00:00.004242 executorch:executor_runner.cpp:785] Iteration 17 of 1000: 0.002116 ms
I 00:00:00.004249 executorch:executor_runner.cpp:785] Iteration 18 of 1000: 0.002038 ms
I 00:00:00.004256 executorch:executor_runner.cpp:785] Iteration 19 of 1000: 0.002038 ms
I 00:00:00.004263 executorch:executor_runner.cpp:785] Iteration 20 of 1000: 0.002077 ms
I 00:00:00.004270 executorch:executor_runner.cpp:785] Iteration 21 of 1000: 0.002116 ms
I 00:00:00.004278 executorch:executor_runner.cpp:785] Iteration 22 of 1000: 0.002038 ms
I 00:00:00.004285 executorch:executor_runner.cpp:785] Iteration 23 of 1000: 0.002038 ms
I 00:00:00.004292 executorch:executor_runner.cpp:785] Iteration 24 of 1000: 0.002116 ms
I 00:00:00.004299 executorch:executor_runner.cpp:785] Iteration 25 of 1000: 0.002038 ms
I 00:00:00.004306 executorch:executor_runner.cpp:785] Iteration 26 of 1000: 0.001961 ms
I 00:00:00.004313 executorch:executor_runner.cpp:785] Iteration 27 of 1000: 0.002038 ms
I 00:00:00.004320 executorch:executor_runner.cpp:785] Iteration 28 of 1000: 0.002039 ms
I 00:00:00.004327 executorch:executor_runner.cpp:785] Iteration 29 of 1000: 0.002039 ms
I 00:00:00.004334 executorch:executor_runner.cpp:785] Iteration 30 of 1000: 0.002077 ms
I 00:00:00.004341 executorch:executor_runner.cpp:785] Iteration 31 of 1000: 0.002115 ms
I 00:00:00.004348 executorch:executor_runner.cpp:785] Iteration 32 of 1000: 0.002115 ms
I 00:00:00.004355 executorch:executor_runner.cpp:785] Iteration 33 of 1000: 0.002077 ms
I 00:00:00.004362 executorch:executor_runner.cpp:785] Iteration 34 of 1000: 0.002039 ms
I 00:00:00.004398 executorch:executor_runner.cpp:785] Iteration 35 of 1000: 0.007654 ms
I 00:00:00.004409 executorch:executor_runner.cpp:785] Iteration 36 of 1000: 0.004731 ms
I 00:00:00.004418 executorch:executor_runner.cpp:785] Iteration 37 of 1000: 0.004231 ms
I 00:00:00.004428 executorch:executor_runner.cpp:785] Iteration 38 of 1000: 0.004962 ms
I 00:00:00.004440 executorch:executor_runner.cpp:785] Iteration 39 of 1000: 0.006577 ms
I 00:00:00.004452 executorch:executor_runner.cpp:785] Iteration 40 of 1000: 0.006692 ms
I 00:00:00.004463 executorch:executor_runner.cpp:785] Iteration 41 of 1000: 0.006615 ms
I 00:00:00.004475 executorch:executor_runner.cpp:785] Iteration 42 of 1000: 0.006846 ms
I 00:00:00.004486 executorch:executor_runner.cpp:785] Iteration 43 of 1000: 0.006615 ms
I 00:00:00.004493 executorch:executor_runner.cpp:785] Iteration 44 of 1000: 0.001884 ms
I 00:00:00.004500 executorch:executor_runner.cpp:785] Iteration 45 of 1000: 0.002000 ms
I 00:00:00.004507 executorch:executor_runner.cpp:785] Iteration 46 of 1000: 0.001962 ms
I 00:00:00.004514 executorch:executor_runner.cpp:785] Iteration 47 of 1000: 0.002000 ms
I 00:00:00.004521 executorch:executor_runner.cpp:785] Iteration 48 of 1000: 0.002000 ms
I 00:00:00.004528 executorch:executor_runner.cpp:785] Iteration 49 of 1000: 0.002000 ms
I 00:00:00.004535 executorch:executor_runner.cpp:785] Iteration 50 of 1000: 0.002000 ms
I 00:00:00.004541 executorch:executor_runner.cpp:785] Iteration 51 of 1000: 0.002000 ms
I 00:00:00.004548 executorch:executor_runner.cpp:785] Iteration 52 of 1000: 0.001923 ms
I 00:00:00.004555 executorch:executor_runner.cpp:785] Iteration 53 of 1000: 0.001961 ms
I 00:00:00.004562 executorch:executor_runner.cpp:785] Iteration 54 of 1000: 0.002038 ms
I 00:00:00.004569 executorch:executor_runner.cpp:785] Iteration 55 of 1000: 0.001924 ms
I 00:00:00.004576 executorch:executor_runner.cpp:785] Iteration 56 of 1000: 0.001923 ms
I 00:00:00.004583 executorch:executor_runner.cpp:785] Iteration 57 of 1000: 0.002000 ms
I 00:00:00.004590 executorch:executor_runner.cpp:785] Iteration 58 of 1000: 0.002000 ms
I 00:00:00.004597 executorch:executor_runner.cpp:785] Iteration 59 of 1000: 0.002077 ms
I 00:00:00.004604 executorch:executor_runner.cpp:785] Iteration 60 of 1000: 0.002038 ms
I 00:00:00.004610 executorch:executor_runner.cpp:785] Iteration 61 of 1000: 0.002038 ms
I 00:00:00.004617 executorch:executor_runner.cpp:785] Iteration 62 of 1000: 0.001923 ms
I 00:00:00.004624 executorch:executor_runner.cpp:785] Iteration 63 of 1000: 0.001923 ms
I 00:00:00.004631 executorch:executor_runner.cpp:785] Iteration 64 of 1000: 0.001923 ms
I 00:00:00.004638 executorch:executor_runner.cpp:785] Iteration 65 of 1000: 0.002000 ms
I 00:00:00.004645 executorch:executor_runner.cpp:785] Iteration 66 of 1000: 0.001962 ms
I 00:00:00.004651 executorch:executor_runner.cpp:785] Iteration 67 of 1000: 0.002039 ms
I 00:00:00.004658 executorch:executor_runner.cpp:785] Iteration 68 of 1000: 0.001962 ms
I 00:00:00.004665 executorch:executor_runner.cpp:785] Iteration 69 of 1000: 0.001962 ms
I 00:00:00.004672 executorch:executor_runner.cpp:785] Iteration 70 of 1000: 0.002000 ms
I 00:00:00.004679 executorch:executor_runner.cpp:785] Iteration 71 of 1000: 0.001962 ms
I 00:00:00.004686 executorch:executor_runner.cpp:785] Iteration 72 of 1000: 0.002038 ms
I 00:00:00.004693 executorch:executor_runner.cpp:785] Iteration 73 of 1000: 0.001962 ms
I 00:00:00.004700 executorch:executor_runner.cpp:785] Iteration 74 of 1000: 0.002039 ms
I 00:00:00.004706 executorch:executor_runner.cpp:785] Iteration 75 of 1000: 0.002038 ms
I 00:00:00.004713 executorch:executor_runner.cpp:785] Iteration 76 of 1000: 0.001962 ms
I 00:00:00.004720 executorch:executor_runner.cpp:785] Iteration 77 of 1000: 0.002039 ms
I 00:00:00.004727 executorch:executor_runner.cpp:785] Iteration 78 of 1000: 0.001923 ms
I 00:00:00.004734 executorch:executor_runner.cpp:785] Iteration 79 of 1000: 0.001884 ms
I 00:00:00.004741 executorch:executor_runner.cpp:785] Iteration 80 of 1000: 0.001961 ms
I 00:00:00.004748 executorch:executor_runner.cpp:785] Iteration 81 of 1000: 0.001961 ms
I 00:00:00.004760 executorch:executor_runner.cpp:785] Iteration 82 of 1000: 0.002077 ms
I 00:00:00.004767 executorch:executor_runner.cpp:785] Iteration 83 of 1000: 0.002000 ms
I 00:00:00.004775 executorch:executor_runner.cpp:785] Iteration 84 of 1000: 0.002038 ms
I 00:00:00.004782 executorch:executor_runner.cpp:785] Iteration 85 of 1000: 0.001923 ms
I 00:00:00.004788 executorch:executor_runner.cpp:785] Iteration 86 of 1000: 0.001846 ms
I 00:00:00.004795 executorch:executor_runner.cpp:785] Iteration 87 of 1000: 0.001962 ms
I 00:00:00.004802 executorch:executor_runner.cpp:785] Iteration 88 of 1000: 0.001961 ms
I 00:00:00.004809 executorch:executor_runner.cpp:785] Iteration 89 of 1000: 0.002000 ms
I 00:00:00.004816 executorch:executor_runner.cpp:785] Iteration 90 of 1000: 0.001962 ms
I 00:00:00.004823 executorch:executor_runner.cpp:785] Iteration 91 of 1000: 0.001962 ms
I 00:00:00.004829 executorch:executor_runner.cpp:785] Iteration 92 of 1000: 0.002000 ms
I 00:00:00.004836 executorch:executor_runner.cpp:785] Iteration 93 of 1000: 0.001962 ms
I 00:00:00.004843 executorch:executor_runner.cpp:785] Iteration 94 of 1000: 0.001923 ms
I 00:00:00.004850 executorch:executor_runner.cpp:785] Iteration 95 of 1000: 0.002000 ms
I 00:00:00.004857 executorch:executor_runner.cpp:785] Iteration 96 of 1000: 0.001884 ms
I 00:00:00.004864 executorch:executor_runner.cpp:785] Iteration 97 of 1000: 0.001885 ms
I 00:00:00.004871 executorch:executor_runner.cpp:785] Iteration 98 of 1000: 0.002000 ms
I 00:00:00.004877 executorch:executor_runner.cpp:785] Iteration 99 of 1000: 0.002038 ms
I 00:00:00.004887 executorch:executor_runner.cpp:785] Iteration 100 of 1000: 0.001961 ms
I 00:00:00.004894 executorch:executor_runner.cpp:785] Iteration 101 of 1000: 0.001923 ms
I 00:00:00.004901 executorch:executor_runner.cpp:785] Iteration 102 of 1000: 0.002039 ms
I 00:00:00.004908 executorch:executor_runner.cpp:785] Iteration 103 of 1000: 0.001962 ms
I 00:00:00.004915 executorch:executor_runner.cpp:785] Iteration 104 of 1000: 0.001962 ms
I 00:00:00.004922 executorch:executor_runner.cpp:785] Iteration 105 of 1000: 0.001961 ms
I 00:00:00.004929 executorch:executor_runner.cpp:785] Iteration 106 of 1000: 0.001924 ms
I 00:00:00.004935 executorch:executor_runner.cpp:785] Iteration 107 of 1000: 0.001923 ms
I 00:00:00.004942 executorch:executor_runner.cpp:785] Iteration 108 of 1000: 0.001923 ms
I 00:00:00.004949 executorch:executor_runner.cpp:785] Iteration 109 of 1000: 0.001962 ms
I 00:00:00.004956 executorch:executor_runner.cpp:785] Iteration 110 of 1000: 0.001923 ms
I 00:00:00.004963 executorch:executor_runner.cpp:785] Iteration 111 of 1000: 0.001962 ms
I 00:00:00.004970 executorch:executor_runner.cpp:785] Iteration 112 of 1000: 0.002000 ms
I 00:00:00.004977 executorch:executor_runner.cpp:785] Iteration 113 of 1000: 0.001961 ms
I 00:00:00.004983 executorch:executor_runner.cpp:785] Iteration 114 of 1000: 0.001885 ms
I 00:00:00.004990 executorch:executor_runner.cpp:785] Iteration 115 of 1000: 0.001923 ms
I 00:00:00.004997 executorch:executor_runner.cpp:785] Iteration 116 of 1000: 0.002000 ms
I 00:00:00.005004 executorch:executor_runner.cpp:785] Iteration 117 of 1000: 0.002000 ms
I 00:00:00.005011 executorch:executor_runner.cpp:785] Iteration 118 of 1000: 0.001923 ms
I 00:00:00.005018 executorch:executor_runner.cpp:785] Iteration 119 of 1000: 0.001923 ms
I 00:00:00.005025 executorch:executor_runner.cpp:785] Iteration 120 of 1000: 0.002000 ms
I 00:00:00.005032 executorch:executor_runner.cpp:785] Iteration 121 of 1000: 0.002000 ms
I 00:00:00.005038 executorch:executor_runner.cpp:785] Iteration 122 of 1000: 0.002000 ms
I 00:00:00.005045 executorch:executor_runner.cpp:785] Iteration 123 of 1000: 0.002000 ms
I 00:00:00.005052 executorch:executor_runner.cpp:785] Iteration 124 of 1000: 0.001846 ms
I 00:00:00.005059 executorch:executor_runner.cpp:785] Iteration 125 of 1000: 0.001962 ms
I 00:00:00.005066 executorch:executor_runner.cpp:785] Iteration 126 of 1000: 0.001961 ms
I 00:00:00.005073 executorch:executor_runner.cpp:785] Iteration 127 of 1000: 0.002000 ms
I 00:00:00.005084 executorch:executor_runner.cpp:785] Iteration 128 of 1000: 0.002116 ms
I 00:00:00.005092 executorch:executor_runner.cpp:785] Iteration 129 of 1000: 0.002000 ms
I 00:00:00.005098 executorch:executor_runner.cpp:785] Iteration 130 of 1000: 0.001961 ms
I 00:00:00.005105 executorch:executor_runner.cpp:785] Iteration 131 of 1000: 0.002000 ms
I 00:00:00.005112 executorch:executor_runner.cpp:785] Iteration 132 of 1000: 0.002039 ms
I 00:00:00.005119 executorch:executor_runner.cpp:785] Iteration 133 of 1000: 0.001923 ms
I 00:00:00.005126 executorch:executor_runner.cpp:785] Iteration 134 of 1000: 0.002038 ms
I 00:00:00.005133 executorch:executor_runner.cpp:785] Iteration 135 of 1000: 0.002038 ms
I 00:00:00.005140 executorch:executor_runner.cpp:785] Iteration 136 of 1000: 0.002039 ms
I 00:00:00.005147 executorch:executor_runner.cpp:785] Iteration 137 of 1000: 0.002077 ms
I 00:00:00.005154 executorch:executor_runner.cpp:785] Iteration 138 of 1000: 0.001961 ms
I 00:00:00.005161 executorch:executor_runner.cpp:785] Iteration 139 of 1000: 0.002039 ms
I 00:00:00.005167 executorch:executor_runner.cpp:785] Iteration 140 of 1000: 0.001885 ms
I 00:00:00.005174 executorch:executor_runner.cpp:785] Iteration 141 of 1000: 0.001961 ms
I 00:00:00.005181 executorch:executor_runner.cpp:785] Iteration 142 of 1000: 0.002038 ms
I 00:00:00.005188 executorch:executor_runner.cpp:785] Iteration 143 of 1000: 0.002000 ms
I 00:00:00.005195 executorch:executor_runner.cpp:785] Iteration 144 of 1000: 0.001961 ms
I 00:00:00.005202 executorch:executor_runner.cpp:785] Iteration 145 of 1000: 0.002000 ms
I 00:00:00.005209 executorch:executor_runner.cpp:785] Iteration 146 of 1000: 0.001885 ms
I 00:00:00.005215 executorch:executor_runner.cpp:785] Iteration 147 of 1000: 0.001962 ms
I 00:00:00.005222 executorch:executor_runner.cpp:785] Iteration 148 of 1000: 0.001884 ms
I 00:00:00.005229 executorch:executor_runner.cpp:785] Iteration 149 of 1000: 0.001923 ms
I 00:00:00.005236 executorch:executor_runner.cpp:785] Iteration 150 of 1000: 0.001961 ms
I 00:00:00.005243 executorch:executor_runner.cpp:785] Iteration 151 of 1000: 0.002000 ms
I 00:00:00.005250 executorch:executor_runner.cpp:785] Iteration 152 of 1000: 0.001885 ms
I 00:00:00.005257 executorch:executor_runner.cpp:785] Iteration 153 of 1000: 0.001962 ms
I 00:00:00.005263 executorch:executor_runner.cpp:785] Iteration 154 of 1000: 0.002000 ms
I 00:00:00.005270 executorch:executor_runner.cpp:785] Iteration 155 of 1000: 0.001923 ms
I 00:00:00.005277 executorch:executor_runner.cpp:785] Iteration 156 of 1000: 0.002000 ms
I 00:00:00.005284 executorch:executor_runner.cpp:785] Iteration 157 of 1000: 0.001962 ms
I 00:00:00.005291 executorch:executor_runner.cpp:785] Iteration 158 of 1000: 0.001884 ms
I 00:00:00.005298 executorch:executor_runner.cpp:785] Iteration 159 of 1000: 0.001923 ms
I 00:00:00.005304 executorch:executor_runner.cpp:785] Iteration 160 of 1000: 0.001961 ms
I 00:00:00.005311 executorch:executor_runner.cpp:785] Iteration 161 of 1000: 0.002000 ms
I 00:00:00.005318 executorch:executor_runner.cpp:785] Iteration 162 of 1000: 0.001923 ms
I 00:00:00.005325 executorch:executor_runner.cpp:785] Iteration 163 of 1000: 0.002153 ms
I 00:00:00.005332 executorch:executor_runner.cpp:785] Iteration 164 of 1000: 0.001962 ms
I 00:00:00.005339 executorch:executor_runner.cpp:785] Iteration 165 of 1000: 0.001923 ms
I 00:00:00.005346 executorch:executor_runner.cpp:785] Iteration 166 of 1000: 0.002039 ms
I 00:00:00.005353 executorch:executor_runner.cpp:785] Iteration 167 of 1000: 0.001923 ms
I 00:00:00.005359 executorch:executor_runner.cpp:785] Iteration 168 of 1000: 0.001846 ms
I 00:00:00.005366 executorch:executor_runner.cpp:785] Iteration 169 of 1000: 0.002039 ms
I 00:00:00.005373 executorch:executor_runner.cpp:785] Iteration 170 of 1000: 0.002000 ms
I 00:00:00.005380 executorch:executor_runner.cpp:785] Iteration 171 of 1000: 0.001962 ms
I 00:00:00.005387 executorch:executor_runner.cpp:785] Iteration 172 of 1000: 0.002039 ms
I 00:00:00.005394 executorch:executor_runner.cpp:785] Iteration 173 of 1000: 0.001962 ms
I 00:00:00.005405 executorch:executor_runner.cpp:785] Iteration 174 of 1000: 0.002039 ms
I 00:00:00.005412 executorch:executor_runner.cpp:785] Iteration 175 of 1000: 0.002000 ms
I 00:00:00.005419 executorch:executor_runner.cpp:785] Iteration 176 of 1000: 0.001923 ms
I 00:00:00.005426 executorch:executor_runner.cpp:785] Iteration 177 of 1000: 0.001846 ms
I 00:00:00.005433 executorch:executor_runner.cpp:785] Iteration 178 of 1000: 0.001962 ms
I 00:00:00.005440 executorch:executor_runner.cpp:785] Iteration 179 of 1000: 0.002038 ms
I 00:00:00.005447 executorch:executor_runner.cpp:785] Iteration 180 of 1000: 0.001961 ms
I 00:00:00.005454 executorch:executor_runner.cpp:785] Iteration 181 of 1000: 0.001885 ms
I 00:00:00.005460 executorch:executor_runner.cpp:785] Iteration 182 of 1000: 0.001884 ms
I 00:00:00.005467 executorch:executor_runner.cpp:785] Iteration 183 of 1000: 0.001962 ms
I 00:00:00.005474 executorch:executor_runner.cpp:785] Iteration 184 of 1000: 0.001923 ms
I 00:00:00.005481 executorch:executor_runner.cpp:785] Iteration 185 of 1000: 0.001961 ms
I 00:00:00.005488 executorch:executor_runner.cpp:785] Iteration 186 of 1000: 0.001962 ms
I 00:00:00.005495 executorch:executor_runner.cpp:785] Iteration 187 of 1000: 0.001961 ms
I 00:00:00.005502 executorch:executor_runner.cpp:785] Iteration 188 of 1000: 0.002000 ms
I 00:00:00.005509 executorch:executor_runner.cpp:785] Iteration 189 of 1000: 0.001924 ms
I 00:00:00.005516 executorch:executor_runner.cpp:785] Iteration 190 of 1000: 0.002039 ms
I 00:00:00.005522 executorch:executor_runner.cpp:785] Iteration 191 of 1000: 0.001923 ms
I 00:00:00.005529 executorch:executor_runner.cpp:785] Iteration 192 of 1000: 0.002000 ms
I 00:00:00.005536 executorch:executor_runner.cpp:785] Iteration 193 of 1000: 0.001962 ms
I 00:00:00.005543 executorch:executor_runner.cpp:785] Iteration 194 of 1000: 0.001961 ms
I 00:00:00.005550 executorch:executor_runner.cpp:785] Iteration 195 of 1000: 0.002000 ms
I 00:00:00.005557 executorch:executor_runner.cpp:785] Iteration 196 of 1000: 0.002000 ms
I 00:00:00.005564 executorch:executor_runner.cpp:785] Iteration 197 of 1000: 0.001923 ms
I 00:00:00.005570 executorch:executor_runner.cpp:785] Iteration 198 of 1000: 0.001961 ms
I 00:00:00.005577 executorch:executor_runner.cpp:785] Iteration 199 of 1000: 0.001923 ms
I 00:00:00.005584 executorch:executor_runner.cpp:785] Iteration 200 of 1000: 0.002038 ms
I 00:00:00.005591 executorch:executor_runner.cpp:785] Iteration 201 of 1000: 0.001962 ms
I 00:00:00.005598 executorch:executor_runner.cpp:785] Iteration 202 of 1000: 0.002000 ms
I 00:00:00.005605 executorch:executor_runner.cpp:785] Iteration 203 of 1000: 0.001962 ms
I 00:00:00.005612 executorch:executor_runner.cpp:785] Iteration 204 of 1000: 0.001924 ms
I 00:00:00.005619 executorch:executor_runner.cpp:785] Iteration 205 of 1000: 0.002000 ms
I 00:00:00.005625 executorch:executor_runner.cpp:785] Iteration 206 of 1000: 0.002038 ms
I 00:00:00.005632 executorch:executor_runner.cpp:785] Iteration 207 of 1000: 0.002039 ms
I 00:00:00.005639 executorch:executor_runner.cpp:785] Iteration 208 of 1000: 0.001923 ms
I 00:00:00.005646 executorch:executor_runner.cpp:785] Iteration 209 of 1000: 0.002000 ms
I 00:00:00.005653 executorch:executor_runner.cpp:785] Iteration 210 of 1000: 0.001923 ms
I 00:00:00.005660 executorch:executor_runner.cpp:785] Iteration 211 of 1000: 0.001923 ms
I 00:00:00.005667 executorch:executor_runner.cpp:785] Iteration 212 of 1000: 0.001885 ms
I 00:00:00.005673 executorch:executor_runner.cpp:785] Iteration 213 of 1000: 0.001962 ms
I 00:00:00.005680 executorch:executor_runner.cpp:785] Iteration 214 of 1000: 0.001923 ms
I 00:00:00.005687 executorch:executor_runner.cpp:785] Iteration 215 of 1000: 0.001962 ms
I 00:00:00.005694 executorch:executor_runner.cpp:785] Iteration 216 of 1000: 0.002000 ms
I 00:00:00.005701 executorch:executor_runner.cpp:785] Iteration 217 of 1000: 0.001923 ms
I 00:00:00.005708 executorch:executor_runner.cpp:785] Iteration 218 of 1000: 0.001884 ms
I 00:00:00.005715 executorch:executor_runner.cpp:785] Iteration 219 of 1000: 0.001924 ms
I 00:00:00.005726 executorch:executor_runner.cpp:785] Iteration 220 of 1000: 0.002038 ms
I 00:00:00.005734 executorch:executor_runner.cpp:785] Iteration 221 of 1000: 0.002000 ms
I 00:00:00.005741 executorch:executor_runner.cpp:785] Iteration 222 of 1000: 0.001923 ms
I 00:00:00.005748 executorch:executor_runner.cpp:785] Iteration 223 of 1000: 0.002000 ms
I 00:00:00.005754 executorch:executor_runner.cpp:785] Iteration 224 of 1000: 0.001846 ms
I 00:00:00.005761 executorch:executor_runner.cpp:785] Iteration 225 of 1000: 0.002000 ms
I 00:00:00.005768 executorch:executor_runner.cpp:785] Iteration 226 of 1000: 0.002000 ms
I 00:00:00.005775 executorch:executor_runner.cpp:785] Iteration 227 of 1000: 0.002038 ms
I 00:00:00.005782 executorch:executor_runner.cpp:785] Iteration 228 of 1000: 0.002077 ms
I 00:00:00.005789 executorch:executor_runner.cpp:785] Iteration 229 of 1000: 0.001923 ms
I 00:00:00.005796 executorch:executor_runner.cpp:785] Iteration 230 of 1000: 0.002039 ms
I 00:00:00.005803 executorch:executor_runner.cpp:785] Iteration 231 of 1000: 0.001923 ms
I 00:00:00.005809 executorch:executor_runner.cpp:785] Iteration 232 of 1000: 0.001962 ms
I 00:00:00.005816 executorch:executor_runner.cpp:785] Iteration 233 of 1000: 0.001923 ms
I 00:00:00.005823 executorch:executor_runner.cpp:785] Iteration 234 of 1000: 0.002039 ms
I 00:00:00.005830 executorch:executor_runner.cpp:785] Iteration 235 of 1000: 0.002038 ms
I 00:00:00.005837 executorch:executor_runner.cpp:785] Iteration 236 of 1000: 0.001885 ms
I 00:00:00.005844 executorch:executor_runner.cpp:785] Iteration 237 of 1000: 0.001961 ms
I 00:00:00.005851 executorch:executor_runner.cpp:785] Iteration 238 of 1000: 0.002000 ms
I 00:00:00.005857 executorch:executor_runner.cpp:785] Iteration 239 of 1000: 0.001923 ms
I 00:00:00.005864 executorch:executor_runner.cpp:785] Iteration 240 of 1000: 0.001961 ms
I 00:00:00.005871 executorch:executor_runner.cpp:785] Iteration 241 of 1000: 0.001962 ms
I 00:00:00.005878 executorch:executor_runner.cpp:785] Iteration 242 of 1000: 0.001962 ms
I 00:00:00.005885 executorch:executor_runner.cpp:785] Iteration 243 of 1000: 0.001961 ms
I 00:00:00.005892 executorch:executor_runner.cpp:785] Iteration 244 of 1000: 0.001962 ms
I 00:00:00.005898 executorch:executor_runner.cpp:785] Iteration 245 of 1000: 0.002039 ms
I 00:00:00.005905 executorch:executor_runner.cpp:785] Iteration 246 of 1000: 0.001923 ms
I 00:00:00.005912 executorch:executor_runner.cpp:785] Iteration 247 of 1000: 0.002000 ms
I 00:00:00.005919 executorch:executor_runner.cpp:785] Iteration 248 of 1000: 0.001924 ms
I 00:00:00.005926 executorch:executor_runner.cpp:785] Iteration 249 of 1000: 0.001884 ms
I 00:00:00.005933 executorch:executor_runner.cpp:785] Iteration 250 of 1000: 0.001961 ms
I 00:00:00.005939 executorch:executor_runner.cpp:785] Iteration 251 of 1000: 0.002000 ms
I 00:00:00.005946 executorch:executor_runner.cpp:785] Iteration 252 of 1000: 0.001961 ms
I 00:00:00.005953 executorch:executor_runner.cpp:785] Iteration 253 of 1000: 0.002039 ms
I 00:00:00.005960 executorch:executor_runner.cpp:785] Iteration 254 of 1000: 0.002000 ms
I 00:00:00.005967 executorch:executor_runner.cpp:785] Iteration 255 of 1000: 0.001961 ms
I 00:00:00.005974 executorch:executor_runner.cpp:785] Iteration 256 of 1000: 0.001961 ms
I 00:00:00.005981 executorch:executor_runner.cpp:785] Iteration 257 of 1000: 0.001885 ms
I 00:00:00.005987 executorch:executor_runner.cpp:785] Iteration 258 of 1000: 0.002039 ms
I 00:00:00.005994 executorch:executor_runner.cpp:785] Iteration 259 of 1000: 0.002000 ms
I 00:00:00.006001 executorch:executor_runner.cpp:785] Iteration 260 of 1000: 0.002038 ms
I 00:00:00.006008 executorch:executor_runner.cpp:785] Iteration 261 of 1000: 0.001923 ms
I 00:00:00.006015 executorch:executor_runner.cpp:785] Iteration 262 of 1000: 0.001961 ms
I 00:00:00.006022 executorch:executor_runner.cpp:785] Iteration 263 of 1000: 0.001884 ms
I 00:00:00.006029 executorch:executor_runner.cpp:785] Iteration 264 of 1000: 0.001884 ms
I 00:00:00.006036 executorch:executor_runner.cpp:785] Iteration 265 of 1000: 0.001923 ms
I 00:00:00.006047 executorch:executor_runner.cpp:785] Iteration 266 of 1000: 0.002038 ms
I 00:00:00.006054 executorch:executor_runner.cpp:785] Iteration 267 of 1000: 0.001961 ms
I 00:00:00.006061 executorch:executor_runner.cpp:785] Iteration 268 of 1000: 0.002000 ms
I 00:00:00.006068 executorch:executor_runner.cpp:785] Iteration 269 of 1000: 0.001923 ms
I 00:00:00.006075 executorch:executor_runner.cpp:785] Iteration 270 of 1000: 0.002000 ms
I 00:00:00.006082 executorch:executor_runner.cpp:785] Iteration 271 of 1000: 0.001885 ms
I 00:00:00.006089 executorch:executor_runner.cpp:785] Iteration 272 of 1000: 0.001962 ms
I 00:00:00.006095 executorch:executor_runner.cpp:785] Iteration 273 of 1000: 0.001923 ms
I 00:00:00.006102 executorch:executor_runner.cpp:785] Iteration 274 of 1000: 0.002039 ms
I 00:00:00.006109 executorch:executor_runner.cpp:785] Iteration 275 of 1000: 0.001961 ms
I 00:00:00.006116 executorch:executor_runner.cpp:785] Iteration 276 of 1000: 0.002000 ms
I 00:00:00.006123 executorch:executor_runner.cpp:785] Iteration 277 of 1000: 0.001962 ms
I 00:00:00.006130 executorch:executor_runner.cpp:785] Iteration 278 of 1000: 0.002000 ms
I 00:00:00.006137 executorch:executor_runner.cpp:785] Iteration 279 of 1000: 0.002000 ms
I 00:00:00.006144 executorch:executor_runner.cpp:785] Iteration 280 of 1000: 0.002039 ms
I 00:00:00.006151 executorch:executor_runner.cpp:785] Iteration 281 of 1000: 0.002000 ms
I 00:00:00.006158 executorch:executor_runner.cpp:785] Iteration 282 of 1000: 0.001962 ms
I 00:00:00.006164 executorch:executor_runner.cpp:785] Iteration 283 of 1000: 0.001923 ms
I 00:00:00.006171 executorch:executor_runner.cpp:785] Iteration 284 of 1000: 0.001962 ms
I 00:00:00.006178 executorch:executor_runner.cpp:785] Iteration 285 of 1000: 0.001885 ms
I 00:00:00.006185 executorch:executor_runner.cpp:785] Iteration 286 of 1000: 0.001962 ms
I 00:00:00.006192 executorch:executor_runner.cpp:785] Iteration 287 of 1000: 0.001923 ms
I 00:00:00.006198 executorch:executor_runner.cpp:785] Iteration 288 of 1000: 0.001884 ms
I 00:00:00.006206 executorch:executor_runner.cpp:785] Iteration 289 of 1000: 0.001961 ms
I 00:00:00.006213 executorch:executor_runner.cpp:785] Iteration 290 of 1000: 0.002038 ms
I 00:00:00.006219 executorch:executor_runner.cpp:785] Iteration 291 of 1000: 0.001961 ms
I 00:00:00.006226 executorch:executor_runner.cpp:785] Iteration 292 of 1000: 0.001884 ms
I 00:00:00.006233 executorch:executor_runner.cpp:785] Iteration 293 of 1000: 0.001962 ms
I 00:00:00.006240 executorch:executor_runner.cpp:785] Iteration 294 of 1000: 0.001962 ms
I 00:00:00.006247 executorch:executor_runner.cpp:785] Iteration 295 of 1000: 0.001962 ms
I 00:00:00.006254 executorch:executor_runner.cpp:785] Iteration 296 of 1000: 0.001962 ms
I 00:00:00.006261 executorch:executor_runner.cpp:785] Iteration 297 of 1000: 0.002039 ms
I 00:00:00.006268 executorch:executor_runner.cpp:785] Iteration 298 of 1000: 0.002000 ms
I 00:00:00.006274 executorch:executor_runner.cpp:785] Iteration 299 of 1000: 0.001923 ms
I 00:00:00.006281 executorch:executor_runner.cpp:785] Iteration 300 of 1000: 0.001961 ms
I 00:00:00.006288 executorch:executor_runner.cpp:785] Iteration 301 of 1000: 0.002039 ms
I 00:00:00.006295 executorch:executor_runner.cpp:785] Iteration 302 of 1000: 0.001923 ms
I 00:00:00.006302 executorch:executor_runner.cpp:785] Iteration 303 of 1000: 0.002038 ms
I 00:00:00.006309 executorch:executor_runner.cpp:785] Iteration 304 of 1000: 0.001961 ms
I 00:00:00.006315 executorch:executor_runner.cpp:785] Iteration 305 of 1000: 0.001962 ms
I 00:00:00.006322 executorch:executor_runner.cpp:785] Iteration 306 of 1000: 0.001962 ms
I 00:00:00.006329 executorch:executor_runner.cpp:785] Iteration 307 of 1000: 0.001923 ms
I 00:00:00.006336 executorch:executor_runner.cpp:785] Iteration 308 of 1000: 0.001962 ms
I 00:00:00.006343 executorch:executor_runner.cpp:785] Iteration 309 of 1000: 0.001962 ms
I 00:00:00.006350 executorch:executor_runner.cpp:785] Iteration 310 of 1000: 0.001923 ms
I 00:00:00.006357 executorch:executor_runner.cpp:785] Iteration 311 of 1000: 0.002039 ms
I 00:00:00.006369 executorch:executor_runner.cpp:785] Iteration 312 of 1000: 0.001923 ms
I 00:00:00.006376 executorch:executor_runner.cpp:785] Iteration 313 of 1000: 0.001961 ms
I 00:00:00.006383 executorch:executor_runner.cpp:785] Iteration 314 of 1000: 0.001962 ms
I 00:00:00.006390 executorch:executor_runner.cpp:785] Iteration 315 of 1000: 0.001961 ms
I 00:00:00.006397 executorch:executor_runner.cpp:785] Iteration 316 of 1000: 0.001923 ms
I 00:00:00.006405 executorch:executor_runner.cpp:785] Iteration 317 of 1000: 0.002038 ms
I 00:00:00.006412 executorch:executor_runner.cpp:785] Iteration 318 of 1000: 0.001962 ms
I 00:00:00.006420 executorch:executor_runner.cpp:785] Iteration 319 of 1000: 0.001962 ms
I 00:00:00.006427 executorch:executor_runner.cpp:785] Iteration 320 of 1000: 0.001962 ms
I 00:00:00.006433 executorch:executor_runner.cpp:785] Iteration 321 of 1000: 0.001923 ms
I 00:00:00.006440 executorch:executor_runner.cpp:785] Iteration 322 of 1000: 0.001923 ms
I 00:00:00.006447 executorch:executor_runner.cpp:785] Iteration 323 of 1000: 0.001961 ms
I 00:00:00.006454 executorch:executor_runner.cpp:785] Iteration 324 of 1000: 0.001961 ms
I 00:00:00.006461 executorch:executor_runner.cpp:785] Iteration 325 of 1000: 0.001961 ms
I 00:00:00.006468 executorch:executor_runner.cpp:785] Iteration 326 of 1000: 0.002000 ms
I 00:00:00.006475 executorch:executor_runner.cpp:785] Iteration 327 of 1000: 0.001961 ms
I 00:00:00.006482 executorch:executor_runner.cpp:785] Iteration 328 of 1000: 0.002000 ms
I 00:00:00.006489 executorch:executor_runner.cpp:785] Iteration 329 of 1000: 0.002000 ms
I 00:00:00.006496 executorch:executor_runner.cpp:785] Iteration 330 of 1000: 0.001961 ms
I 00:00:00.006502 executorch:executor_runner.cpp:785] Iteration 331 of 1000: 0.002000 ms
I 00:00:00.006509 executorch:executor_runner.cpp:785] Iteration 332 of 1000: 0.002000 ms
I 00:00:00.006516 executorch:executor_runner.cpp:785] Iteration 333 of 1000: 0.001961 ms
I 00:00:00.006523 executorch:executor_runner.cpp:785] Iteration 334 of 1000: 0.002000 ms
I 00:00:00.006530 executorch:executor_runner.cpp:785] Iteration 335 of 1000: 0.001961 ms
I 00:00:00.006537 executorch:executor_runner.cpp:785] Iteration 336 of 1000: 0.001923 ms
I 00:00:00.006544 executorch:executor_runner.cpp:785] Iteration 337 of 1000: 0.002039 ms
I 00:00:00.006551 executorch:executor_runner.cpp:785] Iteration 338 of 1000: 0.002038 ms
I 00:00:00.006558 executorch:executor_runner.cpp:785] Iteration 339 of 1000: 0.001962 ms
I 00:00:00.006565 executorch:executor_runner.cpp:785] Iteration 340 of 1000: 0.002038 ms
I 00:00:00.006572 executorch:executor_runner.cpp:785] Iteration 341 of 1000: 0.002000 ms
I 00:00:00.006579 executorch:executor_runner.cpp:785] Iteration 342 of 1000: 0.001923 ms
I 00:00:00.006586 executorch:executor_runner.cpp:785] Iteration 343 of 1000: 0.002000 ms
I 00:00:00.006593 executorch:executor_runner.cpp:785] Iteration 344 of 1000: 0.002000 ms
I 00:00:00.006600 executorch:executor_runner.cpp:785] Iteration 345 of 1000: 0.002039 ms
I 00:00:00.006607 executorch:executor_runner.cpp:785] Iteration 346 of 1000: 0.001961 ms
I 00:00:00.006614 executorch:executor_runner.cpp:785] Iteration 347 of 1000: 0.002000 ms
I 00:00:00.006621 executorch:executor_runner.cpp:785] Iteration 348 of 1000: 0.001923 ms
I 00:00:00.006628 executorch:executor_runner.cpp:785] Iteration 349 of 1000: 0.001961 ms
I 00:00:00.006635 executorch:executor_runner.cpp:785] Iteration 350 of 1000: 0.001923 ms
I 00:00:00.006642 executorch:executor_runner.cpp:785] Iteration 351 of 1000: 0.002000 ms
I 00:00:00.006649 executorch:executor_runner.cpp:785] Iteration 352 of 1000: 0.001962 ms
I 00:00:00.006656 executorch:executor_runner.cpp:785] Iteration 353 of 1000: 0.002000 ms
I 00:00:00.006662 executorch:executor_runner.cpp:785] Iteration 354 of 1000: 0.002039 ms
I 00:00:00.006669 executorch:executor_runner.cpp:785] Iteration 355 of 1000: 0.001884 ms
I 00:00:00.006701 executorch:executor_runner.cpp:785] Iteration 356 of 1000: 0.026885 ms
I 00:00:00.006719 executorch:executor_runner.cpp:785] Iteration 357 of 1000: 0.004346 ms
I 00:00:00.006735 executorch:executor_runner.cpp:785] Iteration 358 of 1000: 0.002346 ms
I 00:00:00.006743 executorch:executor_runner.cpp:785] Iteration 359 of 1000: 0.001731 ms
I 00:00:00.006749 executorch:executor_runner.cpp:785] Iteration 360 of 1000: 0.001269 ms
I 00:00:00.006756 executorch:executor_runner.cpp:785] Iteration 361 of 1000: 0.001308 ms
I 00:00:00.006762 executorch:executor_runner.cpp:785] Iteration 362 of 1000: 0.001231 ms
I 00:00:00.006768 executorch:executor_runner.cpp:785] Iteration 363 of 1000: 0.001231 ms
I 00:00:00.006774 executorch:executor_runner.cpp:785] Iteration 364 of 1000: 0.001231 ms
I 00:00:00.006780 executorch:executor_runner.cpp:785] Iteration 365 of 1000: 0.001269 ms
I 00:00:00.006786 executorch:executor_runner.cpp:785] Iteration 366 of 1000: 0.001231 ms
I 00:00:00.006793 executorch:executor_runner.cpp:785] Iteration 367 of 1000: 0.002077 ms
I 00:00:00.006800 executorch:executor_runner.cpp:785] Iteration 368 of 1000: 0.001923 ms
I 00:00:00.006807 executorch:executor_runner.cpp:785] Iteration 369 of 1000: 0.001923 ms
I 00:00:00.006814 executorch:executor_runner.cpp:785] Iteration 370 of 1000: 0.001924 ms
I 00:00:00.006820 executorch:executor_runner.cpp:785] Iteration 371 of 1000: 0.001923 ms
I 00:00:00.006827 executorch:executor_runner.cpp:785] Iteration 372 of 1000: 0.002000 ms
I 00:00:00.006834 executorch:executor_runner.cpp:785] Iteration 373 of 1000: 0.002000 ms
I 00:00:00.006841 executorch:executor_runner.cpp:785] Iteration 374 of 1000: 0.001962 ms
I 00:00:00.006848 executorch:executor_runner.cpp:785] Iteration 375 of 1000: 0.002000 ms
I 00:00:00.006858 executorch:executor_runner.cpp:785] Iteration 376 of 1000: 0.001962 ms
I 00:00:00.006865 executorch:executor_runner.cpp:785] Iteration 377 of 1000: 0.002039 ms
I 00:00:00.006872 executorch:executor_runner.cpp:785] Iteration 378 of 1000: 0.001923 ms
I 00:00:00.006878 executorch:executor_runner.cpp:785] Iteration 379 of 1000: 0.002000 ms
I 00:00:00.006885 executorch:executor_runner.cpp:785] Iteration 380 of 1000: 0.002000 ms
I 00:00:00.006892 executorch:executor_runner.cpp:785] Iteration 381 of 1000: 0.001923 ms
I 00:00:00.006899 executorch:executor_runner.cpp:785] Iteration 382 of 1000: 0.001961 ms
I 00:00:00.006906 executorch:executor_runner.cpp:785] Iteration 383 of 1000: 0.001884 ms
I 00:00:00.006913 executorch:executor_runner.cpp:785] Iteration 384 of 1000: 0.001923 ms
I 00:00:00.006920 executorch:executor_runner.cpp:785] Iteration 385 of 1000: 0.002000 ms
I 00:00:00.006927 executorch:executor_runner.cpp:785] Iteration 386 of 1000: 0.001962 ms
I 00:00:00.006934 executorch:executor_runner.cpp:785] Iteration 387 of 1000: 0.001962 ms
I 00:00:00.006940 executorch:executor_runner.cpp:785] Iteration 388 of 1000: 0.001923 ms
I 00:00:00.006947 executorch:executor_runner.cpp:785] Iteration 389 of 1000: 0.002000 ms
I 00:00:00.006954 executorch:executor_runner.cpp:785] Iteration 390 of 1000: 0.002038 ms
I 00:00:00.006961 executorch:executor_runner.cpp:785] Iteration 391 of 1000: 0.001924 ms
I 00:00:00.006968 executorch:executor_runner.cpp:785] Iteration 392 of 1000: 0.001923 ms
I 00:00:00.006975 executorch:executor_runner.cpp:785] Iteration 393 of 1000: 0.001962 ms
I 00:00:00.006982 executorch:executor_runner.cpp:785] Iteration 394 of 1000: 0.002038 ms
I 00:00:00.006989 executorch:executor_runner.cpp:785] Iteration 395 of 1000: 0.002000 ms
I 00:00:00.006995 executorch:executor_runner.cpp:785] Iteration 396 of 1000: 0.002000 ms
I 00:00:00.007002 executorch:executor_runner.cpp:785] Iteration 397 of 1000: 0.001923 ms
I 00:00:00.007009 executorch:executor_runner.cpp:785] Iteration 398 of 1000: 0.001885 ms
I 00:00:00.007016 executorch:executor_runner.cpp:785] Iteration 399 of 1000: 0.002000 ms
I 00:00:00.007023 executorch:executor_runner.cpp:785] Iteration 400 of 1000: 0.001962 ms
I 00:00:00.007030 executorch:executor_runner.cpp:785] Iteration 401 of 1000: 0.002000 ms
I 00:00:00.007037 executorch:executor_runner.cpp:785] Iteration 402 of 1000: 0.001923 ms
I 00:00:00.007044 executorch:executor_runner.cpp:785] Iteration 403 of 1000: 0.001923 ms
I 00:00:00.007057 executorch:executor_runner.cpp:785] Iteration 404 of 1000: 0.002154 ms
I 00:00:00.007065 executorch:executor_runner.cpp:785] Iteration 405 of 1000: 0.002000 ms
I 00:00:00.007072 executorch:executor_runner.cpp:785] Iteration 406 of 1000: 0.002000 ms
I 00:00:00.007079 executorch:executor_runner.cpp:785] Iteration 407 of 1000: 0.002039 ms
I 00:00:00.007086 executorch:executor_runner.cpp:785] Iteration 408 of 1000: 0.002038 ms
I 00:00:00.007093 executorch:executor_runner.cpp:785] Iteration 409 of 1000: 0.002000 ms
I 00:00:00.007100 executorch:executor_runner.cpp:785] Iteration 410 of 1000: 0.001961 ms
I 00:00:00.007106 executorch:executor_runner.cpp:785] Iteration 411 of 1000: 0.001461 ms
I 00:00:00.007112 executorch:executor_runner.cpp:785] Iteration 412 of 1000: 0.001231 ms
I 00:00:00.007119 executorch:executor_runner.cpp:785] Iteration 413 of 1000: 0.001885 ms
I 00:00:00.007126 executorch:executor_runner.cpp:785] Iteration 414 of 1000: 0.002077 ms
I 00:00:00.007133 executorch:executor_runner.cpp:785] Iteration 415 of 1000: 0.002077 ms
I 00:00:00.007140 executorch:executor_runner.cpp:785] Iteration 416 of 1000: 0.002000 ms
I 00:00:00.007147 executorch:executor_runner.cpp:785] Iteration 417 of 1000: 0.001923 ms
I 00:00:00.007153 executorch:executor_runner.cpp:785] Iteration 418 of 1000: 0.002000 ms
I 00:00:00.007160 executorch:executor_runner.cpp:785] Iteration 419 of 1000: 0.002000 ms
I 00:00:00.007167 executorch:executor_runner.cpp:785] Iteration 420 of 1000: 0.001923 ms
I 00:00:00.007174 executorch:executor_runner.cpp:785] Iteration 421 of 1000: 0.002038 ms
I 00:00:00.007181 executorch:executor_runner.cpp:785] Iteration 422 of 1000: 0.001962 ms
I 00:00:00.007188 executorch:executor_runner.cpp:785] Iteration 423 of 1000: 0.002000 ms
I 00:00:00.007195 executorch:executor_runner.cpp:785] Iteration 424 of 1000: 0.002038 ms
I 00:00:00.007202 executorch:executor_runner.cpp:785] Iteration 425 of 1000: 0.002000 ms
I 00:00:00.007209 executorch:executor_runner.cpp:785] Iteration 426 of 1000: 0.002000 ms
I 00:00:00.007216 executorch:executor_runner.cpp:785] Iteration 427 of 1000: 0.001961 ms
I 00:00:00.007223 executorch:executor_runner.cpp:785] Iteration 428 of 1000: 0.001962 ms
I 00:00:00.007229 executorch:executor_runner.cpp:785] Iteration 429 of 1000: 0.001846 ms
I 00:00:00.007236 executorch:executor_runner.cpp:785] Iteration 430 of 1000: 0.001961 ms
I 00:00:00.007243 executorch:executor_runner.cpp:785] Iteration 431 of 1000: 0.002039 ms
I 00:00:00.007250 executorch:executor_runner.cpp:785] Iteration 432 of 1000: 0.001884 ms
I 00:00:00.007257 executorch:executor_runner.cpp:785] Iteration 433 of 1000: 0.001923 ms
I 00:00:00.007264 executorch:executor_runner.cpp:785] Iteration 434 of 1000: 0.002038 ms
I 00:00:00.007271 executorch:executor_runner.cpp:785] Iteration 435 of 1000: 0.001962 ms
I 00:00:00.007277 executorch:executor_runner.cpp:785] Iteration 436 of 1000: 0.001923 ms
I 00:00:00.007284 executorch:executor_runner.cpp:785] Iteration 437 of 1000: 0.001961 ms
I 00:00:00.007291 executorch:executor_runner.cpp:785] Iteration 438 of 1000: 0.001961 ms
I 00:00:00.007298 executorch:executor_runner.cpp:785] Iteration 439 of 1000: 0.002000 ms
I 00:00:00.007305 executorch:executor_runner.cpp:785] Iteration 440 of 1000: 0.002038 ms
I 00:00:00.007311 executorch:executor_runner.cpp:785] Iteration 441 of 1000: 0.001885 ms
I 00:00:00.007318 executorch:executor_runner.cpp:785] Iteration 442 of 1000: 0.001923 ms
I 00:00:00.007325 executorch:executor_runner.cpp:785] Iteration 443 of 1000: 0.001961 ms
I 00:00:00.007332 executorch:executor_runner.cpp:785] Iteration 444 of 1000: 0.001923 ms
I 00:00:00.007339 executorch:executor_runner.cpp:785] Iteration 445 of 1000: 0.002000 ms
I 00:00:00.007346 executorch:executor_runner.cpp:785] Iteration 446 of 1000: 0.002039 ms
I 00:00:00.007353 executorch:executor_runner.cpp:785] Iteration 447 of 1000: 0.001962 ms
I 00:00:00.007360 executorch:executor_runner.cpp:785] Iteration 448 of 1000: 0.001923 ms
I 00:00:00.007366 executorch:executor_runner.cpp:785] Iteration 449 of 1000: 0.001923 ms
I 00:00:00.007378 executorch:executor_runner.cpp:785] Iteration 450 of 1000: 0.002077 ms
I 00:00:00.007386 executorch:executor_runner.cpp:785] Iteration 451 of 1000: 0.002230 ms
I 00:00:00.007393 executorch:executor_runner.cpp:785] Iteration 452 of 1000: 0.001962 ms
I 00:00:00.007401 executorch:executor_runner.cpp:785] Iteration 453 of 1000: 0.002000 ms
I 00:00:00.007408 executorch:executor_runner.cpp:785] Iteration 454 of 1000: 0.001885 ms
I 00:00:00.007415 executorch:executor_runner.cpp:785] Iteration 455 of 1000: 0.001923 ms
I 00:00:00.007422 executorch:executor_runner.cpp:785] Iteration 456 of 1000: 0.001961 ms
I 00:00:00.007429 executorch:executor_runner.cpp:785] Iteration 457 of 1000: 0.002000 ms
I 00:00:00.007436 executorch:executor_runner.cpp:785] Iteration 458 of 1000: 0.002000 ms
I 00:00:00.007443 executorch:executor_runner.cpp:785] Iteration 459 of 1000: 0.001923 ms
I 00:00:00.007450 executorch:executor_runner.cpp:785] Iteration 460 of 1000: 0.002038 ms
I 00:00:00.007457 executorch:executor_runner.cpp:785] Iteration 461 of 1000: 0.002000 ms
I 00:00:00.007463 executorch:executor_runner.cpp:785] Iteration 462 of 1000: 0.001923 ms
I 00:00:00.007470 executorch:executor_runner.cpp:785] Iteration 463 of 1000: 0.001884 ms
I 00:00:00.007477 executorch:executor_runner.cpp:785] Iteration 464 of 1000: 0.002000 ms
I 00:00:00.007484 executorch:executor_runner.cpp:785] Iteration 465 of 1000: 0.001962 ms
I 00:00:00.007491 executorch:executor_runner.cpp:785] Iteration 466 of 1000: 0.001923 ms
I 00:00:00.007498 executorch:executor_runner.cpp:785] Iteration 467 of 1000: 0.001885 ms
I 00:00:00.007505 executorch:executor_runner.cpp:785] Iteration 468 of 1000: 0.002000 ms
I 00:00:00.007512 executorch:executor_runner.cpp:785] Iteration 469 of 1000: 0.002039 ms
I 00:00:00.007518 executorch:executor_runner.cpp:785] Iteration 470 of 1000: 0.002000 ms
I 00:00:00.007526 executorch:executor_runner.cpp:785] Iteration 471 of 1000: 0.002038 ms
I 00:00:00.007533 executorch:executor_runner.cpp:785] Iteration 472 of 1000: 0.001962 ms
I 00:00:00.007540 executorch:executor_runner.cpp:785] Iteration 473 of 1000: 0.001961 ms
I 00:00:00.007547 executorch:executor_runner.cpp:785] Iteration 474 of 1000: 0.001923 ms
I 00:00:00.007554 executorch:executor_runner.cpp:785] Iteration 475 of 1000: 0.001923 ms
I 00:00:00.007561 executorch:executor_runner.cpp:785] Iteration 476 of 1000: 0.001962 ms
I 00:00:00.007568 executorch:executor_runner.cpp:785] Iteration 477 of 1000: 0.002038 ms
I 00:00:00.007575 executorch:executor_runner.cpp:785] Iteration 478 of 1000: 0.001962 ms
I 00:00:00.007582 executorch:executor_runner.cpp:785] Iteration 479 of 1000: 0.002038 ms
I 00:00:00.007588 executorch:executor_runner.cpp:785] Iteration 480 of 1000: 0.001961 ms
I 00:00:00.007595 executorch:executor_runner.cpp:785] Iteration 481 of 1000: 0.002077 ms
I 00:00:00.007602 executorch:executor_runner.cpp:785] Iteration 482 of 1000: 0.002000 ms
I 00:00:00.007609 executorch:executor_runner.cpp:785] Iteration 483 of 1000: 0.001962 ms
I 00:00:00.007616 executorch:executor_runner.cpp:785] Iteration 484 of 1000: 0.001961 ms
I 00:00:00.007623 executorch:executor_runner.cpp:785] Iteration 485 of 1000: 0.002039 ms
I 00:00:00.007630 executorch:executor_runner.cpp:785] Iteration 486 of 1000: 0.001923 ms
I 00:00:00.007636 executorch:executor_runner.cpp:785] Iteration 487 of 1000: 0.001885 ms
I 00:00:00.007643 executorch:executor_runner.cpp:785] Iteration 488 of 1000: 0.001923 ms
I 00:00:00.007650 executorch:executor_runner.cpp:785] Iteration 489 of 1000: 0.002077 ms
I 00:00:00.007657 executorch:executor_runner.cpp:785] Iteration 490 of 1000: 0.002038 ms
I 00:00:00.007664 executorch:executor_runner.cpp:785] Iteration 491 of 1000: 0.002000 ms
I 00:00:00.007671 executorch:executor_runner.cpp:785] Iteration 492 of 1000: 0.001962 ms
I 00:00:00.007678 executorch:executor_runner.cpp:785] Iteration 493 of 1000: 0.002000 ms
I 00:00:00.007685 executorch:executor_runner.cpp:785] Iteration 494 of 1000: 0.002000 ms
I 00:00:00.007692 executorch:executor_runner.cpp:785] Iteration 495 of 1000: 0.001962 ms
I 00:00:00.007705 executorch:executor_runner.cpp:785] Iteration 496 of 1000: 0.002038 ms
I 00:00:00.007715 executorch:executor_runner.cpp:785] Iteration 497 of 1000: 0.005192 ms
I 00:00:00.007722 executorch:executor_runner.cpp:785] Iteration 498 of 1000: 0.001962 ms
I 00:00:00.007729 executorch:executor_runner.cpp:785] Iteration 499 of 1000: 0.002039 ms
I 00:00:00.007736 executorch:executor_runner.cpp:785] Iteration 500 of 1000: 0.001962 ms
I 00:00:00.007743 executorch:executor_runner.cpp:785] Iteration 501 of 1000: 0.001923 ms
I 00:00:00.007750 executorch:executor_runner.cpp:785] Iteration 502 of 1000: 0.001962 ms
I 00:00:00.007756 executorch:executor_runner.cpp:785] Iteration 503 of 1000: 0.001885 ms
I 00:00:00.007763 executorch:executor_runner.cpp:785] Iteration 504 of 1000: 0.002000 ms
I 00:00:00.007770 executorch:executor_runner.cpp:785] Iteration 505 of 1000: 0.001961 ms
I 00:00:00.007777 executorch:executor_runner.cpp:785] Iteration 506 of 1000: 0.001923 ms
I 00:00:00.007784 executorch:executor_runner.cpp:785] Iteration 507 of 1000: 0.002077 ms
I 00:00:00.007791 executorch:executor_runner.cpp:785] Iteration 508 of 1000: 0.002000 ms
I 00:00:00.007798 executorch:executor_runner.cpp:785] Iteration 509 of 1000: 0.001962 ms
I 00:00:00.007805 executorch:executor_runner.cpp:785] Iteration 510 of 1000: 0.001884 ms
I 00:00:00.007812 executorch:executor_runner.cpp:785] Iteration 511 of 1000: 0.002000 ms
I 00:00:00.007818 executorch:executor_runner.cpp:785] Iteration 512 of 1000: 0.002000 ms
I 00:00:00.007825 executorch:executor_runner.cpp:785] Iteration 513 of 1000: 0.001885 ms
I 00:00:00.007835 executorch:executor_runner.cpp:785] Iteration 514 of 1000: 0.004923 ms
I 00:00:00.007842 executorch:executor_runner.cpp:785] Iteration 515 of 1000: 0.001962 ms
I 00:00:00.007849 executorch:executor_runner.cpp:785] Iteration 516 of 1000: 0.001923 ms
I 00:00:00.007856 executorch:executor_runner.cpp:785] Iteration 517 of 1000: 0.002000 ms
I 00:00:00.007863 executorch:executor_runner.cpp:785] Iteration 518 of 1000: 0.002000 ms
I 00:00:00.007870 executorch:executor_runner.cpp:785] Iteration 519 of 1000: 0.001961 ms
I 00:00:00.007877 executorch:executor_runner.cpp:785] Iteration 520 of 1000: 0.001961 ms
I 00:00:00.007884 executorch:executor_runner.cpp:785] Iteration 521 of 1000: 0.001923 ms
I 00:00:00.007891 executorch:executor_runner.cpp:785] Iteration 522 of 1000: 0.002039 ms
I 00:00:00.007898 executorch:executor_runner.cpp:785] Iteration 523 of 1000: 0.002038 ms
I 00:00:00.007904 executorch:executor_runner.cpp:785] Iteration 524 of 1000: 0.002077 ms
I 00:00:00.007911 executorch:executor_runner.cpp:785] Iteration 525 of 1000: 0.002077 ms
I 00:00:00.007918 executorch:executor_runner.cpp:785] Iteration 526 of 1000: 0.001923 ms
I 00:00:00.007925 executorch:executor_runner.cpp:785] Iteration 527 of 1000: 0.002039 ms
I 00:00:00.007932 executorch:executor_runner.cpp:785] Iteration 528 of 1000: 0.001961 ms
I 00:00:00.007939 executorch:executor_runner.cpp:785] Iteration 529 of 1000: 0.001962 ms
I 00:00:00.007946 executorch:executor_runner.cpp:785] Iteration 530 of 1000: 0.002000 ms
I 00:00:00.007953 executorch:executor_runner.cpp:785] Iteration 531 of 1000: 0.002000 ms
I 00:00:00.007960 executorch:executor_runner.cpp:785] Iteration 532 of 1000: 0.001961 ms
I 00:00:00.007967 executorch:executor_runner.cpp:785] Iteration 533 of 1000: 0.002000 ms
I 00:00:00.007974 executorch:executor_runner.cpp:785] Iteration 534 of 1000: 0.001962 ms
I 00:00:00.007981 executorch:executor_runner.cpp:785] Iteration 535 of 1000: 0.002077 ms
I 00:00:00.007987 executorch:executor_runner.cpp:785] Iteration 536 of 1000: 0.002000 ms
I 00:00:00.007994 executorch:executor_runner.cpp:785] Iteration 537 of 1000: 0.002077 ms
I 00:00:00.008001 executorch:executor_runner.cpp:785] Iteration 538 of 1000: 0.002000 ms
I 00:00:00.008008 executorch:executor_runner.cpp:785] Iteration 539 of 1000: 0.001884 ms
I 00:00:00.008015 executorch:executor_runner.cpp:785] Iteration 540 of 1000: 0.001962 ms
I 00:00:00.008022 executorch:executor_runner.cpp:785] Iteration 541 of 1000: 0.002000 ms
I 00:00:00.008041 executorch:executor_runner.cpp:785] Iteration 542 of 1000: 0.002154 ms
I 00:00:00.008049 executorch:executor_runner.cpp:785] Iteration 543 of 1000: 0.001961 ms
I 00:00:00.008056 executorch:executor_runner.cpp:785] Iteration 544 of 1000: 0.001962 ms
I 00:00:00.008063 executorch:executor_runner.cpp:785] Iteration 545 of 1000: 0.001923 ms
I 00:00:00.008070 executorch:executor_runner.cpp:785] Iteration 546 of 1000: 0.001923 ms
I 00:00:00.008077 executorch:executor_runner.cpp:785] Iteration 547 of 1000: 0.001923 ms
I 00:00:00.008084 executorch:executor_runner.cpp:785] Iteration 548 of 1000: 0.001923 ms
I 00:00:00.008090 executorch:executor_runner.cpp:785] Iteration 549 of 1000: 0.001885 ms
I 00:00:00.008097 executorch:executor_runner.cpp:785] Iteration 550 of 1000: 0.001962 ms
I 00:00:00.008104 executorch:executor_runner.cpp:785] Iteration 551 of 1000: 0.002000 ms
I 00:00:00.008111 executorch:executor_runner.cpp:785] Iteration 552 of 1000: 0.001885 ms
I 00:00:00.008118 executorch:executor_runner.cpp:785] Iteration 553 of 1000: 0.001962 ms
I 00:00:00.008125 executorch:executor_runner.cpp:785] Iteration 554 of 1000: 0.001846 ms
I 00:00:00.008132 executorch:executor_runner.cpp:785] Iteration 555 of 1000: 0.002000 ms
I 00:00:00.008138 executorch:executor_runner.cpp:785] Iteration 556 of 1000: 0.001923 ms
I 00:00:00.008145 executorch:executor_runner.cpp:785] Iteration 557 of 1000: 0.001962 ms
I 00:00:00.008152 executorch:executor_runner.cpp:785] Iteration 558 of 1000: 0.001923 ms
I 00:00:00.008159 executorch:executor_runner.cpp:785] Iteration 559 of 1000: 0.002000 ms
I 00:00:00.008166 executorch:executor_runner.cpp:785] Iteration 560 of 1000: 0.002000 ms
I 00:00:00.008173 executorch:executor_runner.cpp:785] Iteration 561 of 1000: 0.002000 ms
I 00:00:00.008180 executorch:executor_runner.cpp:785] Iteration 562 of 1000: 0.002077 ms
I 00:00:00.008187 executorch:executor_runner.cpp:785] Iteration 563 of 1000: 0.002000 ms
I 00:00:00.008194 executorch:executor_runner.cpp:785] Iteration 564 of 1000: 0.002000 ms
I 00:00:00.008201 executorch:executor_runner.cpp:785] Iteration 565 of 1000: 0.002039 ms
I 00:00:00.008208 executorch:executor_runner.cpp:785] Iteration 566 of 1000: 0.001961 ms
I 00:00:00.008215 executorch:executor_runner.cpp:785] Iteration 567 of 1000: 0.001961 ms
I 00:00:00.008221 executorch:executor_runner.cpp:785] Iteration 568 of 1000: 0.001962 ms
I 00:00:00.008228 executorch:executor_runner.cpp:785] Iteration 569 of 1000: 0.001923 ms
I 00:00:00.008235 executorch:executor_runner.cpp:785] Iteration 570 of 1000: 0.001923 ms
I 00:00:00.008242 executorch:executor_runner.cpp:785] Iteration 571 of 1000: 0.001885 ms
I 00:00:00.008249 executorch:executor_runner.cpp:785] Iteration 572 of 1000: 0.002039 ms
I 00:00:00.008256 executorch:executor_runner.cpp:785] Iteration 573 of 1000: 0.002000 ms
I 00:00:00.008263 executorch:executor_runner.cpp:785] Iteration 574 of 1000: 0.001885 ms
I 00:00:00.008270 executorch:executor_runner.cpp:785] Iteration 575 of 1000: 0.001923 ms
I 00:00:00.008276 executorch:executor_runner.cpp:785] Iteration 576 of 1000: 0.002000 ms
I 00:00:00.008283 executorch:executor_runner.cpp:785] Iteration 577 of 1000: 0.001961 ms
I 00:00:00.008290 executorch:executor_runner.cpp:785] Iteration 578 of 1000: 0.001962 ms
I 00:00:00.008297 executorch:executor_runner.cpp:785] Iteration 579 of 1000: 0.002000 ms
I 00:00:00.008304 executorch:executor_runner.cpp:785] Iteration 580 of 1000: 0.002000 ms
I 00:00:00.008311 executorch:executor_runner.cpp:785] Iteration 581 of 1000: 0.002038 ms
I 00:00:00.008318 executorch:executor_runner.cpp:785] Iteration 582 of 1000: 0.002000 ms
I 00:00:00.008325 executorch:executor_runner.cpp:785] Iteration 583 of 1000: 0.001884 ms
I 00:00:00.008332 executorch:executor_runner.cpp:785] Iteration 584 of 1000: 0.001961 ms
I 00:00:00.008339 executorch:executor_runner.cpp:785] Iteration 585 of 1000: 0.001962 ms
I 00:00:00.008346 executorch:executor_runner.cpp:785] Iteration 586 of 1000: 0.001962 ms
I 00:00:00.008352 executorch:executor_runner.cpp:785] Iteration 587 of 1000: 0.002000 ms
I 00:00:00.008367 executorch:executor_runner.cpp:785] Iteration 588 of 1000: 0.002115 ms
I 00:00:00.008374 executorch:executor_runner.cpp:785] Iteration 589 of 1000: 0.002039 ms
I 00:00:00.008381 executorch:executor_runner.cpp:785] Iteration 590 of 1000: 0.001923 ms
I 00:00:00.008388 executorch:executor_runner.cpp:785] Iteration 591 of 1000: 0.002000 ms
I 00:00:00.008395 executorch:executor_runner.cpp:785] Iteration 592 of 1000: 0.001923 ms
I 00:00:00.008402 executorch:executor_runner.cpp:785] Iteration 593 of 1000: 0.002039 ms
I 00:00:00.008409 executorch:executor_runner.cpp:785] Iteration 594 of 1000: 0.001961 ms
I 00:00:00.008416 executorch:executor_runner.cpp:785] Iteration 595 of 1000: 0.001962 ms
I 00:00:00.008423 executorch:executor_runner.cpp:785] Iteration 596 of 1000: 0.001923 ms
I 00:00:00.008430 executorch:executor_runner.cpp:785] Iteration 597 of 1000: 0.002039 ms
I 00:00:00.008437 executorch:executor_runner.cpp:785] Iteration 598 of 1000: 0.001962 ms
I 00:00:00.008444 executorch:executor_runner.cpp:785] Iteration 599 of 1000: 0.001923 ms
I 00:00:00.008451 executorch:executor_runner.cpp:785] Iteration 600 of 1000: 0.002000 ms
I 00:00:00.008457 executorch:executor_runner.cpp:785] Iteration 601 of 1000: 0.001923 ms
I 00:00:00.008464 executorch:executor_runner.cpp:785] Iteration 602 of 1000: 0.002039 ms
I 00:00:00.008471 executorch:executor_runner.cpp:785] Iteration 603 of 1000: 0.002039 ms
I 00:00:00.008478 executorch:executor_runner.cpp:785] Iteration 604 of 1000: 0.002000 ms
I 00:00:00.008485 executorch:executor_runner.cpp:785] Iteration 605 of 1000: 0.001923 ms
I 00:00:00.008492 executorch:executor_runner.cpp:785] Iteration 606 of 1000: 0.002038 ms
I 00:00:00.008499 executorch:executor_runner.cpp:785] Iteration 607 of 1000: 0.002038 ms
I 00:00:00.008506 executorch:executor_runner.cpp:785] Iteration 608 of 1000: 0.002000 ms
I 00:00:00.008513 executorch:executor_runner.cpp:785] Iteration 609 of 1000: 0.001923 ms
I 00:00:00.008520 executorch:executor_runner.cpp:785] Iteration 610 of 1000: 0.001923 ms
I 00:00:00.008527 executorch:executor_runner.cpp:785] Iteration 611 of 1000: 0.002000 ms
I 00:00:00.008534 executorch:executor_runner.cpp:785] Iteration 612 of 1000: 0.002000 ms
I 00:00:00.008540 executorch:executor_runner.cpp:785] Iteration 613 of 1000: 0.002039 ms
I 00:00:00.008547 executorch:executor_runner.cpp:785] Iteration 614 of 1000: 0.002000 ms
I 00:00:00.008554 executorch:executor_runner.cpp:785] Iteration 615 of 1000: 0.001423 ms
I 00:00:00.008560 executorch:executor_runner.cpp:785] Iteration 616 of 1000: 0.001269 ms
I 00:00:00.008566 executorch:executor_runner.cpp:785] Iteration 617 of 1000: 0.001269 ms
I 00:00:00.008572 executorch:executor_runner.cpp:785] Iteration 618 of 1000: 0.001269 ms
I 00:00:00.008578 executorch:executor_runner.cpp:785] Iteration 619 of 1000: 0.001269 ms
I 00:00:00.008585 executorch:executor_runner.cpp:785] Iteration 620 of 1000: 0.001962 ms
I 00:00:00.008592 executorch:executor_runner.cpp:785] Iteration 621 of 1000: 0.002038 ms
I 00:00:00.008599 executorch:executor_runner.cpp:785] Iteration 622 of 1000: 0.002038 ms
I 00:00:00.008606 executorch:executor_runner.cpp:785] Iteration 623 of 1000: 0.002038 ms
I 00:00:00.008613 executorch:executor_runner.cpp:785] Iteration 624 of 1000: 0.002000 ms
I 00:00:00.008620 executorch:executor_runner.cpp:785] Iteration 625 of 1000: 0.002000 ms
I 00:00:00.008627 executorch:executor_runner.cpp:785] Iteration 626 of 1000: 0.002000 ms
I 00:00:00.008634 executorch:executor_runner.cpp:785] Iteration 627 of 1000: 0.002038 ms
I 00:00:00.008641 executorch:executor_runner.cpp:785] Iteration 628 of 1000: 0.001923 ms
I 00:00:00.008648 executorch:executor_runner.cpp:785] Iteration 629 of 1000: 0.002000 ms
I 00:00:00.008654 executorch:executor_runner.cpp:785] Iteration 630 of 1000: 0.002000 ms
I 00:00:00.008661 executorch:executor_runner.cpp:785] Iteration 631 of 1000: 0.001962 ms
I 00:00:00.008668 executorch:executor_runner.cpp:785] Iteration 632 of 1000: 0.001923 ms
I 00:00:00.008675 executorch:executor_runner.cpp:785] Iteration 633 of 1000: 0.002000 ms
I 00:00:00.008689 executorch:executor_runner.cpp:785] Iteration 634 of 1000: 0.002039 ms
I 00:00:00.008696 executorch:executor_runner.cpp:785] Iteration 635 of 1000: 0.001962 ms
I 00:00:00.008704 executorch:executor_runner.cpp:785] Iteration 636 of 1000: 0.002000 ms
I 00:00:00.008711 executorch:executor_runner.cpp:785] Iteration 637 of 1000: 0.002462 ms
I 00:00:00.008718 executorch:executor_runner.cpp:785] Iteration 638 of 1000: 0.002000 ms
I 00:00:00.008725 executorch:executor_runner.cpp:785] Iteration 639 of 1000: 0.001923 ms
I 00:00:00.008732 executorch:executor_runner.cpp:785] Iteration 640 of 1000: 0.002000 ms
I 00:00:00.008739 executorch:executor_runner.cpp:785] Iteration 641 of 1000: 0.002000 ms
I 00:00:00.008746 executorch:executor_runner.cpp:785] Iteration 642 of 1000: 0.002000 ms
I 00:00:00.008753 executorch:executor_runner.cpp:785] Iteration 643 of 1000: 0.001962 ms
I 00:00:00.008759 executorch:executor_runner.cpp:785] Iteration 644 of 1000: 0.002000 ms
I 00:00:00.008767 executorch:executor_runner.cpp:785] Iteration 645 of 1000: 0.001962 ms
I 00:00:00.008774 executorch:executor_runner.cpp:785] Iteration 646 of 1000: 0.002000 ms
I 00:00:00.008781 executorch:executor_runner.cpp:785] Iteration 647 of 1000: 0.001923 ms
I 00:00:00.008787 executorch:executor_runner.cpp:785] Iteration 648 of 1000: 0.001923 ms
I 00:00:00.008794 executorch:executor_runner.cpp:785] Iteration 649 of 1000: 0.002039 ms
I 00:00:00.008801 executorch:executor_runner.cpp:785] Iteration 650 of 1000: 0.001923 ms
I 00:00:00.008808 executorch:executor_runner.cpp:785] Iteration 651 of 1000: 0.002000 ms
I 00:00:00.008815 executorch:executor_runner.cpp:785] Iteration 652 of 1000: 0.002000 ms
I 00:00:00.008822 executorch:executor_runner.cpp:785] Iteration 653 of 1000: 0.001923 ms
I 00:00:00.008828 executorch:executor_runner.cpp:785] Iteration 654 of 1000: 0.002000 ms
I 00:00:00.008835 executorch:executor_runner.cpp:785] Iteration 655 of 1000: 0.002000 ms
I 00:00:00.008842 executorch:executor_runner.cpp:785] Iteration 656 of 1000: 0.002000 ms
I 00:00:00.008849 executorch:executor_runner.cpp:785] Iteration 657 of 1000: 0.001962 ms
I 00:00:00.008856 executorch:executor_runner.cpp:785] Iteration 658 of 1000: 0.001961 ms
I 00:00:00.008863 executorch:executor_runner.cpp:785] Iteration 659 of 1000: 0.002000 ms
I 00:00:00.008870 executorch:executor_runner.cpp:785] Iteration 660 of 1000: 0.002000 ms
I 00:00:00.008877 executorch:executor_runner.cpp:785] Iteration 661 of 1000: 0.001961 ms
I 00:00:00.008883 executorch:executor_runner.cpp:785] Iteration 662 of 1000: 0.001961 ms
I 00:00:00.008890 executorch:executor_runner.cpp:785] Iteration 663 of 1000: 0.002000 ms
I 00:00:00.008897 executorch:executor_runner.cpp:785] Iteration 664 of 1000: 0.001961 ms
I 00:00:00.008904 executorch:executor_runner.cpp:785] Iteration 665 of 1000: 0.002000 ms
I 00:00:00.008911 executorch:executor_runner.cpp:785] Iteration 666 of 1000: 0.002000 ms
I 00:00:00.008921 executorch:executor_runner.cpp:785] Iteration 667 of 1000: 0.002000 ms
I 00:00:00.008928 executorch:executor_runner.cpp:785] Iteration 668 of 1000: 0.002038 ms
I 00:00:00.008935 executorch:executor_runner.cpp:785] Iteration 669 of 1000: 0.001962 ms
I 00:00:00.008942 executorch:executor_runner.cpp:785] Iteration 670 of 1000: 0.002077 ms
I 00:00:00.008948 executorch:executor_runner.cpp:785] Iteration 671 of 1000: 0.002000 ms
I 00:00:00.008955 executorch:executor_runner.cpp:785] Iteration 672 of 1000: 0.002038 ms
I 00:00:00.008962 executorch:executor_runner.cpp:785] Iteration 673 of 1000: 0.001923 ms
I 00:00:00.008969 executorch:executor_runner.cpp:785] Iteration 674 of 1000: 0.002000 ms
I 00:00:00.008976 executorch:executor_runner.cpp:785] Iteration 675 of 1000: 0.001923 ms
I 00:00:00.008983 executorch:executor_runner.cpp:785] Iteration 676 of 1000: 0.001961 ms
I 00:00:00.008990 executorch:executor_runner.cpp:785] Iteration 677 of 1000: 0.002039 ms
I 00:00:00.008996 executorch:executor_runner.cpp:785] Iteration 678 of 1000: 0.002039 ms
I 00:00:00.009003 executorch:executor_runner.cpp:785] Iteration 679 of 1000: 0.002039 ms
I 00:00:00.009016 executorch:executor_runner.cpp:785] Iteration 680 of 1000: 0.002076 ms
I 00:00:00.009023 executorch:executor_runner.cpp:785] Iteration 681 of 1000: 0.002000 ms
I 00:00:00.009030 executorch:executor_runner.cpp:785] Iteration 682 of 1000: 0.002000 ms
I 00:00:00.009037 executorch:executor_runner.cpp:785] Iteration 683 of 1000: 0.002000 ms
I 00:00:00.009044 executorch:executor_runner.cpp:785] Iteration 684 of 1000: 0.001961 ms
I 00:00:00.009050 executorch:executor_runner.cpp:785] Iteration 685 of 1000: 0.001962 ms
I 00:00:00.009057 executorch:executor_runner.cpp:785] Iteration 686 of 1000: 0.002000 ms
I 00:00:00.009064 executorch:executor_runner.cpp:785] Iteration 687 of 1000: 0.001962 ms
I 00:00:00.009071 executorch:executor_runner.cpp:785] Iteration 688 of 1000: 0.001962 ms
I 00:00:00.009078 executorch:executor_runner.cpp:785] Iteration 689 of 1000: 0.001962 ms
I 00:00:00.009085 executorch:executor_runner.cpp:785] Iteration 690 of 1000: 0.001923 ms
I 00:00:00.009092 executorch:executor_runner.cpp:785] Iteration 691 of 1000: 0.001923 ms
I 00:00:00.009099 executorch:executor_runner.cpp:785] Iteration 692 of 1000: 0.001884 ms
I 00:00:00.009106 executorch:executor_runner.cpp:785] Iteration 693 of 1000: 0.001923 ms
I 00:00:00.009112 executorch:executor_runner.cpp:785] Iteration 694 of 1000: 0.001962 ms
I 00:00:00.009119 executorch:executor_runner.cpp:785] Iteration 695 of 1000: 0.002000 ms
I 00:00:00.009126 executorch:executor_runner.cpp:785] Iteration 696 of 1000: 0.002039 ms
I 00:00:00.009133 executorch:executor_runner.cpp:785] Iteration 697 of 1000: 0.001923 ms
I 00:00:00.009140 executorch:executor_runner.cpp:785] Iteration 698 of 1000: 0.001923 ms
I 00:00:00.009147 executorch:executor_runner.cpp:785] Iteration 699 of 1000: 0.001962 ms
I 00:00:00.009154 executorch:executor_runner.cpp:785] Iteration 700 of 1000: 0.002038 ms
I 00:00:00.009161 executorch:executor_runner.cpp:785] Iteration 701 of 1000: 0.001885 ms
I 00:00:00.009167 executorch:executor_runner.cpp:785] Iteration 702 of 1000: 0.001885 ms
I 00:00:00.009174 executorch:executor_runner.cpp:785] Iteration 703 of 1000: 0.001923 ms
I 00:00:00.009181 executorch:executor_runner.cpp:785] Iteration 704 of 1000: 0.002000 ms
I 00:00:00.009188 executorch:executor_runner.cpp:785] Iteration 705 of 1000: 0.001923 ms
I 00:00:00.009195 executorch:executor_runner.cpp:785] Iteration 706 of 1000: 0.001885 ms
I 00:00:00.009202 executorch:executor_runner.cpp:785] Iteration 707 of 1000: 0.002039 ms
I 00:00:00.009209 executorch:executor_runner.cpp:785] Iteration 708 of 1000: 0.002039 ms
I 00:00:00.009215 executorch:executor_runner.cpp:785] Iteration 709 of 1000: 0.001923 ms
I 00:00:00.009222 executorch:executor_runner.cpp:785] Iteration 710 of 1000: 0.002077 ms
I 00:00:00.009229 executorch:executor_runner.cpp:785] Iteration 711 of 1000: 0.001923 ms
I 00:00:00.009236 executorch:executor_runner.cpp:785] Iteration 712 of 1000: 0.002038 ms
I 00:00:00.009246 executorch:executor_runner.cpp:785] Iteration 713 of 1000: 0.001961 ms
I 00:00:00.009253 executorch:executor_runner.cpp:785] Iteration 714 of 1000: 0.001961 ms
I 00:00:00.009259 executorch:executor_runner.cpp:785] Iteration 715 of 1000: 0.001962 ms
I 00:00:00.009266 executorch:executor_runner.cpp:785] Iteration 716 of 1000: 0.002000 ms
I 00:00:00.009273 executorch:executor_runner.cpp:785] Iteration 717 of 1000: 0.001884 ms
I 00:00:00.009280 executorch:executor_runner.cpp:785] Iteration 718 of 1000: 0.002000 ms
I 00:00:00.009290 executorch:executor_runner.cpp:785] Iteration 719 of 1000: 0.001924 ms
I 00:00:00.009298 executorch:executor_runner.cpp:785] Iteration 720 of 1000: 0.002000 ms
I 00:00:00.009304 executorch:executor_runner.cpp:785] Iteration 721 of 1000: 0.002039 ms
I 00:00:00.009312 executorch:executor_runner.cpp:785] Iteration 722 of 1000: 0.002000 ms
I 00:00:00.009319 executorch:executor_runner.cpp:785] Iteration 723 of 1000: 0.001962 ms
I 00:00:00.009326 executorch:executor_runner.cpp:785] Iteration 724 of 1000: 0.001961 ms
I 00:00:00.009333 executorch:executor_runner.cpp:785] Iteration 725 of 1000: 0.001962 ms
I 00:00:00.009346 executorch:executor_runner.cpp:785] Iteration 726 of 1000: 0.002038 ms
I 00:00:00.009353 executorch:executor_runner.cpp:785] Iteration 727 of 1000: 0.002038 ms
I 00:00:00.009360 executorch:executor_runner.cpp:785] Iteration 728 of 1000: 0.002000 ms
I 00:00:00.009367 executorch:executor_runner.cpp:785] Iteration 729 of 1000: 0.002000 ms
I 00:00:00.009374 executorch:executor_runner.cpp:785] Iteration 730 of 1000: 0.001962 ms
I 00:00:00.009381 executorch:executor_runner.cpp:785] Iteration 731 of 1000: 0.002038 ms
I 00:00:00.009388 executorch:executor_runner.cpp:785] Iteration 732 of 1000: 0.002038 ms
I 00:00:00.009394 executorch:executor_runner.cpp:785] Iteration 733 of 1000: 0.002000 ms
I 00:00:00.009401 executorch:executor_runner.cpp:785] Iteration 734 of 1000: 0.001962 ms
I 00:00:00.009408 executorch:executor_runner.cpp:785] Iteration 735 of 1000: 0.002077 ms
I 00:00:00.009415 executorch:executor_runner.cpp:785] Iteration 736 of 1000: 0.002039 ms
I 00:00:00.009422 executorch:executor_runner.cpp:785] Iteration 737 of 1000: 0.001884 ms
I 00:00:00.009429 executorch:executor_runner.cpp:785] Iteration 738 of 1000: 0.001961 ms
I 00:00:00.009435 executorch:executor_runner.cpp:785] Iteration 739 of 1000: 0.002039 ms
I 00:00:00.009442 executorch:executor_runner.cpp:785] Iteration 740 of 1000: 0.001923 ms
I 00:00:00.009449 executorch:executor_runner.cpp:785] Iteration 741 of 1000: 0.001961 ms
I 00:00:00.009456 executorch:executor_runner.cpp:785] Iteration 742 of 1000: 0.001962 ms
I 00:00:00.009463 executorch:executor_runner.cpp:785] Iteration 743 of 1000: 0.001961 ms
I 00:00:00.009470 executorch:executor_runner.cpp:785] Iteration 744 of 1000: 0.002000 ms
I 00:00:00.009477 executorch:executor_runner.cpp:785] Iteration 745 of 1000: 0.001962 ms
I 00:00:00.009483 executorch:executor_runner.cpp:785] Iteration 746 of 1000: 0.001923 ms
I 00:00:00.009490 executorch:executor_runner.cpp:785] Iteration 747 of 1000: 0.002077 ms
I 00:00:00.009497 executorch:executor_runner.cpp:785] Iteration 748 of 1000: 0.002000 ms
I 00:00:00.009504 executorch:executor_runner.cpp:785] Iteration 749 of 1000: 0.002000 ms
I 00:00:00.009511 executorch:executor_runner.cpp:785] Iteration 750 of 1000: 0.001923 ms
I 00:00:00.009518 executorch:executor_runner.cpp:785] Iteration 751 of 1000: 0.001962 ms
I 00:00:00.009525 executorch:executor_runner.cpp:785] Iteration 752 of 1000: 0.001961 ms
I 00:00:00.009532 executorch:executor_runner.cpp:785] Iteration 753 of 1000: 0.002000 ms
I 00:00:00.009539 executorch:executor_runner.cpp:785] Iteration 754 of 1000: 0.001962 ms
I 00:00:00.009546 executorch:executor_runner.cpp:785] Iteration 755 of 1000: 0.001923 ms
I 00:00:00.009553 executorch:executor_runner.cpp:785] Iteration 756 of 1000: 0.001884 ms
I 00:00:00.009559 executorch:executor_runner.cpp:785] Iteration 757 of 1000: 0.002039 ms
I 00:00:00.009566 executorch:executor_runner.cpp:785] Iteration 758 of 1000: 0.001923 ms
I 00:00:00.009573 executorch:executor_runner.cpp:785] Iteration 759 of 1000: 0.002000 ms
I 00:00:00.009580 executorch:executor_runner.cpp:785] Iteration 760 of 1000: 0.002115 ms
I 00:00:00.009587 executorch:executor_runner.cpp:785] Iteration 761 of 1000: 0.002039 ms
I 00:00:00.009594 executorch:executor_runner.cpp:785] Iteration 762 of 1000: 0.002000 ms
I 00:00:00.009601 executorch:executor_runner.cpp:785] Iteration 763 of 1000: 0.001923 ms
I 00:00:00.009608 executorch:executor_runner.cpp:785] Iteration 764 of 1000: 0.001961 ms
I 00:00:00.009615 executorch:executor_runner.cpp:785] Iteration 765 of 1000: 0.002000 ms
I 00:00:00.009621 executorch:executor_runner.cpp:785] Iteration 766 of 1000: 0.002038 ms
I 00:00:00.009628 executorch:executor_runner.cpp:785] Iteration 767 of 1000: 0.002000 ms
I 00:00:00.009635 executorch:executor_runner.cpp:785] Iteration 768 of 1000: 0.002077 ms
I 00:00:00.009642 executorch:executor_runner.cpp:785] Iteration 769 of 1000: 0.001961 ms
I 00:00:00.009649 executorch:executor_runner.cpp:785] Iteration 770 of 1000: 0.001923 ms
I 00:00:00.009656 executorch:executor_runner.cpp:785] Iteration 771 of 1000: 0.002000 ms
I 00:00:00.009668 executorch:executor_runner.cpp:785] Iteration 772 of 1000: 0.002039 ms
I 00:00:00.009676 executorch:executor_runner.cpp:785] Iteration 773 of 1000: 0.002039 ms
I 00:00:00.009683 executorch:executor_runner.cpp:785] Iteration 774 of 1000: 0.002000 ms
I 00:00:00.009690 executorch:executor_runner.cpp:785] Iteration 775 of 1000: 0.001961 ms
I 00:00:00.009697 executorch:executor_runner.cpp:785] Iteration 776 of 1000: 0.002039 ms
I 00:00:00.009704 executorch:executor_runner.cpp:785] Iteration 777 of 1000: 0.001961 ms
I 00:00:00.009711 executorch:executor_runner.cpp:785] Iteration 778 of 1000: 0.001962 ms
I 00:00:00.009718 executorch:executor_runner.cpp:785] Iteration 779 of 1000: 0.002039 ms
I 00:00:00.009725 executorch:executor_runner.cpp:785] Iteration 780 of 1000: 0.002038 ms
I 00:00:00.009732 executorch:executor_runner.cpp:785] Iteration 781 of 1000: 0.002038 ms
I 00:00:00.009739 executorch:executor_runner.cpp:785] Iteration 782 of 1000: 0.001962 ms
I 00:00:00.009746 executorch:executor_runner.cpp:785] Iteration 783 of 1000: 0.002000 ms
I 00:00:00.009753 executorch:executor_runner.cpp:785] Iteration 784 of 1000: 0.001962 ms
I 00:00:00.009760 executorch:executor_runner.cpp:785] Iteration 785 of 1000: 0.001961 ms
I 00:00:00.009767 executorch:executor_runner.cpp:785] Iteration 786 of 1000: 0.001961 ms
I 00:00:00.009774 executorch:executor_runner.cpp:785] Iteration 787 of 1000: 0.001961 ms
I 00:00:00.009781 executorch:executor_runner.cpp:785] Iteration 788 of 1000: 0.001961 ms
I 00:00:00.009788 executorch:executor_runner.cpp:785] Iteration 789 of 1000: 0.001924 ms
I 00:00:00.009795 executorch:executor_runner.cpp:785] Iteration 790 of 1000: 0.001961 ms
I 00:00:00.009805 executorch:executor_runner.cpp:785] Iteration 791 of 1000: 0.002000 ms
I 00:00:00.009812 executorch:executor_runner.cpp:785] Iteration 792 of 1000: 0.002038 ms
I 00:00:00.009819 executorch:executor_runner.cpp:785] Iteration 793 of 1000: 0.002038 ms
I 00:00:00.009826 executorch:executor_runner.cpp:785] Iteration 794 of 1000: 0.001923 ms
I 00:00:00.009833 executorch:executor_runner.cpp:785] Iteration 795 of 1000: 0.001923 ms
I 00:00:00.009842 executorch:executor_runner.cpp:785] Iteration 796 of 1000: 0.001923 ms
I 00:00:00.009849 executorch:executor_runner.cpp:785] Iteration 797 of 1000: 0.002038 ms
I 00:00:00.009859 executorch:executor_runner.cpp:785] Iteration 798 of 1000: 0.001962 ms
I 00:00:00.009866 executorch:executor_runner.cpp:785] Iteration 799 of 1000: 0.002000 ms
I 00:00:00.009873 executorch:executor_runner.cpp:785] Iteration 800 of 1000: 0.001961 ms
I 00:00:00.009882 executorch:executor_runner.cpp:785] Iteration 801 of 1000: 0.001885 ms
I 00:00:00.009889 executorch:executor_runner.cpp:785] Iteration 802 of 1000: 0.001962 ms
I 00:00:00.009896 executorch:executor_runner.cpp:785] Iteration 803 of 1000: 0.002000 ms
I 00:00:00.009903 executorch:executor_runner.cpp:785] Iteration 804 of 1000: 0.001424 ms
I 00:00:00.009910 executorch:executor_runner.cpp:785] Iteration 805 of 1000: 0.001884 ms
I 00:00:00.009917 executorch:executor_runner.cpp:785] Iteration 806 of 1000: 0.001923 ms
I 00:00:00.009924 executorch:executor_runner.cpp:785] Iteration 807 of 1000: 0.001769 ms
I 00:00:00.009931 executorch:executor_runner.cpp:785] Iteration 808 of 1000: 0.001923 ms
I 00:00:00.009938 executorch:executor_runner.cpp:785] Iteration 809 of 1000: 0.002000 ms
I 00:00:00.009945 executorch:executor_runner.cpp:785] Iteration 810 of 1000: 0.001923 ms
I 00:00:00.009952 executorch:executor_runner.cpp:785] Iteration 811 of 1000: 0.001961 ms
I 00:00:00.009958 executorch:executor_runner.cpp:785] Iteration 812 of 1000: 0.002000 ms
I 00:00:00.009965 executorch:executor_runner.cpp:785] Iteration 813 of 1000: 0.001962 ms
I 00:00:00.009972 executorch:executor_runner.cpp:785] Iteration 814 of 1000: 0.001923 ms
I 00:00:00.009979 executorch:executor_runner.cpp:785] Iteration 815 of 1000: 0.001924 ms
I 00:00:00.009986 executorch:executor_runner.cpp:785] Iteration 816 of 1000: 0.001923 ms
I 00:00:00.009993 executorch:executor_runner.cpp:785] Iteration 817 of 1000: 0.002000 ms
I 00:00:00.010005 executorch:executor_runner.cpp:785] Iteration 818 of 1000: 0.002615 ms
I 00:00:00.010012 executorch:executor_runner.cpp:785] Iteration 819 of 1000: 0.002039 ms
I 00:00:00.010019 executorch:executor_runner.cpp:785] Iteration 820 of 1000: 0.002000 ms
I 00:00:00.010026 executorch:executor_runner.cpp:785] Iteration 821 of 1000: 0.002039 ms
I 00:00:00.010033 executorch:executor_runner.cpp:785] Iteration 822 of 1000: 0.002038 ms
I 00:00:00.010040 executorch:executor_runner.cpp:785] Iteration 823 of 1000: 0.001962 ms
I 00:00:00.010047 executorch:executor_runner.cpp:785] Iteration 824 of 1000: 0.002039 ms
I 00:00:00.010054 executorch:executor_runner.cpp:785] Iteration 825 of 1000: 0.001962 ms
I 00:00:00.010061 executorch:executor_runner.cpp:785] Iteration 826 of 1000: 0.002038 ms
I 00:00:00.010068 executorch:executor_runner.cpp:785] Iteration 827 of 1000: 0.001961 ms
I 00:00:00.010075 executorch:executor_runner.cpp:785] Iteration 828 of 1000: 0.001961 ms
I 00:00:00.010082 executorch:executor_runner.cpp:785] Iteration 829 of 1000: 0.001885 ms
I 00:00:00.010089 executorch:executor_runner.cpp:785] Iteration 830 of 1000: 0.001885 ms
I 00:00:00.010096 executorch:executor_runner.cpp:785] Iteration 831 of 1000: 0.002000 ms
I 00:00:00.010103 executorch:executor_runner.cpp:785] Iteration 832 of 1000: 0.001961 ms
I 00:00:00.010109 executorch:executor_runner.cpp:785] Iteration 833 of 1000: 0.001961 ms
I 00:00:00.010116 executorch:executor_runner.cpp:785] Iteration 834 of 1000: 0.002039 ms
I 00:00:00.010123 executorch:executor_runner.cpp:785] Iteration 835 of 1000: 0.002039 ms
I 00:00:00.010130 executorch:executor_runner.cpp:785] Iteration 836 of 1000: 0.002077 ms
I 00:00:00.010137 executorch:executor_runner.cpp:785] Iteration 837 of 1000: 0.001961 ms
I 00:00:00.010147 executorch:executor_runner.cpp:785] Iteration 838 of 1000: 0.002000 ms
I 00:00:00.010154 executorch:executor_runner.cpp:785] Iteration 839 of 1000: 0.001961 ms
I 00:00:00.010162 executorch:executor_runner.cpp:785] Iteration 840 of 1000: 0.001924 ms
I 00:00:00.010169 executorch:executor_runner.cpp:785] Iteration 841 of 1000: 0.002000 ms
I 00:00:00.010176 executorch:executor_runner.cpp:785] Iteration 842 of 1000: 0.002039 ms
I 00:00:00.010183 executorch:executor_runner.cpp:785] Iteration 843 of 1000: 0.002000 ms
I 00:00:00.010193 executorch:executor_runner.cpp:785] Iteration 844 of 1000: 0.001961 ms
I 00:00:00.010200 executorch:executor_runner.cpp:785] Iteration 845 of 1000: 0.002077 ms
I 00:00:00.010207 executorch:executor_runner.cpp:785] Iteration 846 of 1000: 0.001885 ms
I 00:00:00.010215 executorch:executor_runner.cpp:785] Iteration 847 of 1000: 0.002038 ms
I 00:00:00.010223 executorch:executor_runner.cpp:785] Iteration 848 of 1000: 0.002038 ms
I 00:00:00.010230 executorch:executor_runner.cpp:785] Iteration 849 of 1000: 0.002039 ms
I 00:00:00.010237 executorch:executor_runner.cpp:785] Iteration 850 of 1000: 0.002000 ms
I 00:00:00.010244 executorch:executor_runner.cpp:785] Iteration 851 of 1000: 0.002038 ms
I 00:00:00.010251 executorch:executor_runner.cpp:785] Iteration 852 of 1000: 0.001962 ms
I 00:00:00.010258 executorch:executor_runner.cpp:785] Iteration 853 of 1000: 0.001961 ms
I 00:00:00.010265 executorch:executor_runner.cpp:785] Iteration 854 of 1000: 0.002038 ms
I 00:00:00.010272 executorch:executor_runner.cpp:785] Iteration 855 of 1000: 0.002039 ms
I 00:00:00.010279 executorch:executor_runner.cpp:785] Iteration 856 of 1000: 0.002038 ms
I 00:00:00.010286 executorch:executor_runner.cpp:785] Iteration 857 of 1000: 0.002038 ms
I 00:00:00.010292 executorch:executor_runner.cpp:785] Iteration 858 of 1000: 0.001923 ms
I 00:00:00.010299 executorch:executor_runner.cpp:785] Iteration 859 of 1000: 0.002000 ms
I 00:00:00.010306 executorch:executor_runner.cpp:785] Iteration 860 of 1000: 0.002038 ms
I 00:00:00.010313 executorch:executor_runner.cpp:785] Iteration 861 of 1000: 0.002039 ms
I 00:00:00.010320 executorch:executor_runner.cpp:785] Iteration 862 of 1000: 0.002000 ms
I 00:00:00.010327 executorch:executor_runner.cpp:785] Iteration 863 of 1000: 0.002000 ms
I 00:00:00.010342 executorch:executor_runner.cpp:785] Iteration 864 of 1000: 0.002116 ms
I 00:00:00.010349 executorch:executor_runner.cpp:785] Iteration 865 of 1000: 0.002039 ms
I 00:00:00.010359 executorch:executor_runner.cpp:785] Iteration 866 of 1000: 0.001962 ms
I 00:00:00.010366 executorch:executor_runner.cpp:785] Iteration 867 of 1000: 0.001923 ms
I 00:00:00.010373 executorch:executor_runner.cpp:785] Iteration 868 of 1000: 0.002000 ms
I 00:00:00.010380 executorch:executor_runner.cpp:785] Iteration 869 of 1000: 0.001961 ms
I 00:00:00.010387 executorch:executor_runner.cpp:785] Iteration 870 of 1000: 0.002038 ms
I 00:00:00.010394 executorch:executor_runner.cpp:785] Iteration 871 of 1000: 0.001962 ms
I 00:00:00.010401 executorch:executor_runner.cpp:785] Iteration 872 of 1000: 0.001961 ms
I 00:00:00.010408 executorch:executor_runner.cpp:785] Iteration 873 of 1000: 0.001961 ms
I 00:00:00.010415 executorch:executor_runner.cpp:785] Iteration 874 of 1000: 0.001923 ms
I 00:00:00.010422 executorch:executor_runner.cpp:785] Iteration 875 of 1000: 0.001923 ms
I 00:00:00.010429 executorch:executor_runner.cpp:785] Iteration 876 of 1000: 0.002000 ms
I 00:00:00.010436 executorch:executor_runner.cpp:785] Iteration 877 of 1000: 0.001923 ms
I 00:00:00.010442 executorch:executor_runner.cpp:785] Iteration 878 of 1000: 0.001961 ms
I 00:00:00.010449 executorch:executor_runner.cpp:785] Iteration 879 of 1000: 0.002000 ms
I 00:00:00.010456 executorch:executor_runner.cpp:785] Iteration 880 of 1000: 0.002000 ms
I 00:00:00.010463 executorch:executor_runner.cpp:785] Iteration 881 of 1000: 0.002000 ms
I 00:00:00.010470 executorch:executor_runner.cpp:785] Iteration 882 of 1000: 0.001885 ms
I 00:00:00.010477 executorch:executor_runner.cpp:785] Iteration 883 of 1000: 0.002038 ms
I 00:00:00.010484 executorch:executor_runner.cpp:785] Iteration 884 of 1000: 0.001962 ms
I 00:00:00.010491 executorch:executor_runner.cpp:785] Iteration 885 of 1000: 0.002000 ms
I 00:00:00.010498 executorch:executor_runner.cpp:785] Iteration 886 of 1000: 0.002000 ms
I 00:00:00.010505 executorch:executor_runner.cpp:785] Iteration 887 of 1000: 0.001923 ms
I 00:00:00.010512 executorch:executor_runner.cpp:785] Iteration 888 of 1000: 0.001923 ms
I 00:00:00.010519 executorch:executor_runner.cpp:785] Iteration 889 of 1000: 0.001923 ms
I 00:00:00.010525 executorch:executor_runner.cpp:785] Iteration 890 of 1000: 0.001923 ms
I 00:00:00.010532 executorch:executor_runner.cpp:785] Iteration 891 of 1000: 0.001961 ms
I 00:00:00.010542 executorch:executor_runner.cpp:785] Iteration 892 of 1000: 0.002000 ms
I 00:00:00.010549 executorch:executor_runner.cpp:785] Iteration 893 of 1000: 0.001962 ms
I 00:00:00.010557 executorch:executor_runner.cpp:785] Iteration 894 of 1000: 0.001962 ms
I 00:00:00.010565 executorch:executor_runner.cpp:785] Iteration 895 of 1000: 0.002000 ms
I 00:00:00.010571 executorch:executor_runner.cpp:785] Iteration 896 of 1000: 0.001961 ms
I 00:00:00.010578 executorch:executor_runner.cpp:785] Iteration 897 of 1000: 0.001961 ms
I 00:00:00.010585 executorch:executor_runner.cpp:785] Iteration 898 of 1000: 0.002039 ms
I 00:00:00.010592 executorch:executor_runner.cpp:785] Iteration 899 of 1000: 0.001384 ms
I 00:00:00.010598 executorch:executor_runner.cpp:785] Iteration 900 of 1000: 0.001231 ms
I 00:00:00.010604 executorch:executor_runner.cpp:785] Iteration 901 of 1000: 0.001192 ms
I 00:00:00.010610 executorch:executor_runner.cpp:785] Iteration 902 of 1000: 0.001231 ms
I 00:00:00.010616 executorch:executor_runner.cpp:785] Iteration 903 of 1000: 0.001231 ms
I 00:00:00.010623 executorch:executor_runner.cpp:785] Iteration 904 of 1000: 0.001231 ms
I 00:00:00.010629 executorch:executor_runner.cpp:785] Iteration 905 of 1000: 0.001192 ms
I 00:00:00.010635 executorch:executor_runner.cpp:785] Iteration 906 of 1000: 0.001230 ms
I 00:00:00.010641 executorch:executor_runner.cpp:785] Iteration 907 of 1000: 0.001231 ms
I 00:00:00.010647 executorch:executor_runner.cpp:785] Iteration 908 of 1000: 0.001308 ms
I 00:00:00.010654 executorch:executor_runner.cpp:785] Iteration 909 of 1000: 0.001923 ms
I 00:00:00.010669 executorch:executor_runner.cpp:785] Iteration 910 of 1000: 0.002230 ms
I 00:00:00.010690 executorch:executor_runner.cpp:785] Iteration 911 of 1000: 0.016000 ms
I 00:00:00.010702 executorch:executor_runner.cpp:785] Iteration 912 of 1000: 0.002924 ms
I 00:00:00.010709 executorch:executor_runner.cpp:785] Iteration 913 of 1000: 0.001347 ms
I 00:00:00.010716 executorch:executor_runner.cpp:785] Iteration 914 of 1000: 0.001346 ms
I 00:00:00.010722 executorch:executor_runner.cpp:785] Iteration 915 of 1000: 0.001269 ms
I 00:00:00.010728 executorch:executor_runner.cpp:785] Iteration 916 of 1000: 0.001231 ms
I 00:00:00.010735 executorch:executor_runner.cpp:785] Iteration 917 of 1000: 0.001269 ms
I 00:00:00.010741 executorch:executor_runner.cpp:785] Iteration 918 of 1000: 0.001269 ms
I 00:00:00.010747 executorch:executor_runner.cpp:785] Iteration 919 of 1000: 0.001231 ms
I 00:00:00.010753 executorch:executor_runner.cpp:785] Iteration 920 of 1000: 0.001307 ms
I 00:00:00.010759 executorch:executor_runner.cpp:785] Iteration 921 of 1000: 0.001269 ms
I 00:00:00.010766 executorch:executor_runner.cpp:785] Iteration 922 of 1000: 0.001269 ms
I 00:00:00.010772 executorch:executor_runner.cpp:785] Iteration 923 of 1000: 0.001269 ms
I 00:00:00.010778 executorch:executor_runner.cpp:785] Iteration 924 of 1000: 0.001231 ms
I 00:00:00.010784 executorch:executor_runner.cpp:785] Iteration 925 of 1000: 0.001269 ms
I 00:00:00.010790 executorch:executor_runner.cpp:785] Iteration 926 of 1000: 0.001269 ms
I 00:00:00.010796 executorch:executor_runner.cpp:785] Iteration 927 of 1000: 0.001231 ms
I 00:00:00.010802 executorch:executor_runner.cpp:785] Iteration 928 of 1000: 0.001231 ms
I 00:00:00.010808 executorch:executor_runner.cpp:785] Iteration 929 of 1000: 0.001192 ms
I 00:00:00.010815 executorch:executor_runner.cpp:785] Iteration 930 of 1000: 0.001230 ms
I 00:00:00.010821 executorch:executor_runner.cpp:785] Iteration 931 of 1000: 0.001231 ms
I 00:00:00.010827 executorch:executor_runner.cpp:785] Iteration 932 of 1000: 0.001269 ms
I 00:00:00.010833 executorch:executor_runner.cpp:785] Iteration 933 of 1000: 0.001230 ms
I 00:00:00.010839 executorch:executor_runner.cpp:785] Iteration 934 of 1000: 0.001192 ms
I 00:00:00.010846 executorch:executor_runner.cpp:785] Iteration 935 of 1000: 0.001461 ms
I 00:00:00.010853 executorch:executor_runner.cpp:785] Iteration 936 of 1000: 0.001885 ms
I 00:00:00.010859 executorch:executor_runner.cpp:785] Iteration 937 of 1000: 0.001808 ms
I 00:00:00.010866 executorch:executor_runner.cpp:785] Iteration 938 of 1000: 0.001807 ms
I 00:00:00.010873 executorch:executor_runner.cpp:785] Iteration 939 of 1000: 0.001731 ms
I 00:00:00.010880 executorch:executor_runner.cpp:785] Iteration 940 of 1000: 0.001769 ms
I 00:00:00.010886 executorch:executor_runner.cpp:785] Iteration 941 of 1000: 0.001808 ms
I 00:00:00.010893 executorch:executor_runner.cpp:785] Iteration 942 of 1000: 0.001846 ms
I 00:00:00.010900 executorch:executor_runner.cpp:785] Iteration 943 of 1000: 0.001731 ms
I 00:00:00.010906 executorch:executor_runner.cpp:785] Iteration 944 of 1000: 0.001616 ms
I 00:00:00.010913 executorch:executor_runner.cpp:785] Iteration 945 of 1000: 0.001808 ms
I 00:00:00.010920 executorch:executor_runner.cpp:785] Iteration 946 of 1000: 0.001769 ms
I 00:00:00.010926 executorch:executor_runner.cpp:785] Iteration 947 of 1000: 0.001769 ms
I 00:00:00.010933 executorch:executor_runner.cpp:785] Iteration 948 of 1000: 0.001808 ms
I 00:00:00.010940 executorch:executor_runner.cpp:785] Iteration 949 of 1000: 0.001808 ms
I 00:00:00.010947 executorch:executor_runner.cpp:785] Iteration 950 of 1000: 0.001769 ms
I 00:00:00.010953 executorch:executor_runner.cpp:785] Iteration 951 of 1000: 0.001731 ms
I 00:00:00.010960 executorch:executor_runner.cpp:785] Iteration 952 of 1000: 0.001808 ms
I 00:00:00.010966 executorch:executor_runner.cpp:785] Iteration 953 of 1000: 0.001808 ms
I 00:00:00.010973 executorch:executor_runner.cpp:785] Iteration 954 of 1000: 0.001769 ms
I 00:00:00.010980 executorch:executor_runner.cpp:785] Iteration 955 of 1000: 0.001731 ms
I 00:00:00.010995 executorch:executor_runner.cpp:785] Iteration 956 of 1000: 0.001962 ms
I 00:00:00.011002 executorch:executor_runner.cpp:785] Iteration 957 of 1000: 0.001884 ms
I 00:00:00.011009 executorch:executor_runner.cpp:785] Iteration 958 of 1000: 0.001769 ms
I 00:00:00.011015 executorch:executor_runner.cpp:785] Iteration 959 of 1000: 0.001808 ms
I 00:00:00.011022 executorch:executor_runner.cpp:785] Iteration 960 of 1000: 0.001769 ms
I 00:00:00.011029 executorch:executor_runner.cpp:785] Iteration 961 of 1000: 0.001731 ms
I 00:00:00.011035 executorch:executor_runner.cpp:785] Iteration 962 of 1000: 0.001769 ms
I 00:00:00.011042 executorch:executor_runner.cpp:785] Iteration 963 of 1000: 0.001769 ms
I 00:00:00.011048 executorch:executor_runner.cpp:785] Iteration 964 of 1000: 0.001769 ms
I 00:00:00.011055 executorch:executor_runner.cpp:785] Iteration 965 of 1000: 0.001769 ms
I 00:00:00.011062 executorch:executor_runner.cpp:785] Iteration 966 of 1000: 0.001731 ms
I 00:00:00.011069 executorch:executor_runner.cpp:785] Iteration 967 of 1000: 0.001730 ms
I 00:00:00.011075 executorch:executor_runner.cpp:785] Iteration 968 of 1000: 0.001846 ms
I 00:00:00.011082 executorch:executor_runner.cpp:785] Iteration 969 of 1000: 0.001769 ms
I 00:00:00.011089 executorch:executor_runner.cpp:785] Iteration 970 of 1000: 0.001769 ms
I 00:00:00.011095 executorch:executor_runner.cpp:785] Iteration 971 of 1000: 0.001731 ms
I 00:00:00.011102 executorch:executor_runner.cpp:785] Iteration 972 of 1000: 0.001730 ms
I 00:00:00.011109 executorch:executor_runner.cpp:785] Iteration 973 of 1000: 0.001962 ms
I 00:00:00.011116 executorch:executor_runner.cpp:785] Iteration 974 of 1000: 0.001769 ms
I 00:00:00.011122 executorch:executor_runner.cpp:785] Iteration 975 of 1000: 0.001731 ms
I 00:00:00.011129 executorch:executor_runner.cpp:785] Iteration 976 of 1000: 0.001808 ms
I 00:00:00.011136 executorch:executor_runner.cpp:785] Iteration 977 of 1000: 0.001769 ms
I 00:00:00.011142 executorch:executor_runner.cpp:785] Iteration 978 of 1000: 0.001692 ms
I 00:00:00.011149 executorch:executor_runner.cpp:785] Iteration 979 of 1000: 0.001846 ms
I 00:00:00.011156 executorch:executor_runner.cpp:785] Iteration 980 of 1000: 0.001769 ms
I 00:00:00.011162 executorch:executor_runner.cpp:785] Iteration 981 of 1000: 0.001808 ms
I 00:00:00.011169 executorch:executor_runner.cpp:785] Iteration 982 of 1000: 0.001692 ms
I 00:00:00.011176 executorch:executor_runner.cpp:785] Iteration 983 of 1000: 0.001731 ms
I 00:00:00.011182 executorch:executor_runner.cpp:785] Iteration 984 of 1000: 0.001846 ms
I 00:00:00.011189 executorch:executor_runner.cpp:785] Iteration 985 of 1000: 0.001730 ms
I 00:00:00.011196 executorch:executor_runner.cpp:785] Iteration 986 of 1000: 0.001731 ms
I 00:00:00.011202 executorch:executor_runner.cpp:785] Iteration 987 of 1000: 0.001769 ms
I 00:00:00.011209 executorch:executor_runner.cpp:785] Iteration 988 of 1000: 0.001730 ms
I 00:00:00.011216 executorch:executor_runner.cpp:785] Iteration 989 of 1000: 0.001731 ms
I 00:00:00.011222 executorch:executor_runner.cpp:785] Iteration 990 of 1000: 0.001731 ms
I 00:00:00.011229 executorch:executor_runner.cpp:785] Iteration 991 of 1000: 0.001769 ms
I 00:00:00.011236 executorch:executor_runner.cpp:785] Iteration 992 of 1000: 0.001808 ms
I 00:00:00.011242 executorch:executor_runner.cpp:785] Iteration 993 of 1000: 0.001808 ms
I 00:00:00.011249 executorch:executor_runner.cpp:785] Iteration 994 of 1000: 0.001807 ms
I 00:00:00.011256 executorch:executor_runner.cpp:785] Iteration 995 of 1000: 0.001692 ms
I 00:00:00.011262 executorch:executor_runner.cpp:785] Iteration 996 of 1000: 0.001769 ms
I 00:00:00.011269 executorch:executor_runner.cpp:785] Iteration 997 of 1000: 0.001808 ms
I 00:00:00.011276 executorch:executor_runner.cpp:785] Iteration 998 of 1000: 0.001731 ms
I 00:00:00.011282 executorch:executor_runner.cpp:785] Iteration 999 of 1000: 0.001731 ms
I 00:00:00.011289 executorch:executor_runner.cpp:785] Iteration 1000 of 1000: 0.002115 ms
I 00:00:00.011294 executorch:executor_runner.cpp:794] Model executed successfully 1000 time(s) in 2.056536 ms.
I 00:00:00.011305 executorch:executor_runner.cpp:798] 1 outputs: 
