I 00:00:00.001615 executorch:cpuinfo_utils.cpp:71] Reading file /sys/devices/soc0/image_version
I 00:00:00.001733 executorch:cpuinfo_utils.cpp:87] Failed to open midr file /sys/devices/soc0/image_version
I 00:00:00.001745 executorch:cpuinfo_utils.cpp:167] Number of efficient cores 6
I 00:00:00.001750 executorch:executor_runner.cpp:341] Resetting threadpool with num threads = 2
I 00:00:00.001757 executorch:cpuinfo_utils.cpp:71] Reading file /sys/devices/soc0/image_version
I 00:00:00.001767 executorch:cpuinfo_utils.cpp:87] Failed to open midr file /sys/devices/soc0/image_version
I 00:00:00.001771 executorch:cpuinfo_utils.cpp:167] Number of efficient cores 6
I 00:00:00.001915 executorch:threadpool.cpp:66] Resetting threadpool to 2 threads.
I 00:00:00.001987 executorch:executor_runner.cpp:476] Model file /data/local/tmp/b02_executorch/linear_xnnpack_fp32.pte is loaded.
I 00:00:00.001995 executorch:executor_runner.cpp:486] Using method forward
I 00:00:00.002002 executorch:executor_runner.cpp:560] Setting up CPU planned buffer 0, size 160.
I 00:00:00.002282 executorch:executor_runner.cpp:629] Model loaded in 0.325000 ms.
I 00:00:00.002351 executorch:executor_runner.cpp:785] Iteration 1 of 1000: 0.037000 ms
I 00:00:00.002364 executorch:executor_runner.cpp:785] Iteration 2 of 1000: 0.003654 ms
I 00:00:00.002373 executorch:executor_runner.cpp:785] Iteration 3 of 1000: 0.002885 ms
I 00:00:00.002382 executorch:executor_runner.cpp:785] Iteration 4 of 1000: 0.002577 ms
I 00:00:00.002389 executorch:executor_runner.cpp:785] Iteration 5 of 1000: 0.002461 ms
I 00:00:00.002397 executorch:executor_runner.cpp:785] Iteration 6 of 1000: 0.002384 ms
I 00:00:00.002404 executorch:executor_runner.cpp:785] Iteration 7 of 1000: 0.002307 ms
I 00:00:00.002415 executorch:executor_runner.cpp:785] Iteration 8 of 1000: 0.004616 ms
I 00:00:00.002423 executorch:executor_runner.cpp:785] Iteration 9 of 1000: 0.003846 ms
I 00:00:00.002431 executorch:executor_runner.cpp:785] Iteration 10 of 1000: 0.002731 ms
I 00:00:00.002438 executorch:executor_runner.cpp:785] Iteration 11 of 1000: 0.001500 ms
I 00:00:00.002446 executorch:executor_runner.cpp:785] Iteration 12 of 1000: 0.001923 ms
I 00:00:00.002453 executorch:executor_runner.cpp:785] Iteration 13 of 1000: 0.002384 ms
I 00:00:00.002461 executorch:executor_runner.cpp:785] Iteration 14 of 1000: 0.002346 ms
I 00:00:00.002468 executorch:executor_runner.cpp:785] Iteration 15 of 1000: 0.002346 ms
I 00:00:00.002476 executorch:executor_runner.cpp:785] Iteration 16 of 1000: 0.002308 ms
I 00:00:00.002483 executorch:executor_runner.cpp:785] Iteration 17 of 1000: 0.002270 ms
I 00:00:00.002491 executorch:executor_runner.cpp:785] Iteration 18 of 1000: 0.002346 ms
I 00:00:00.002498 executorch:executor_runner.cpp:785] Iteration 19 of 1000: 0.002346 ms
I 00:00:00.002505 executorch:executor_runner.cpp:785] Iteration 20 of 1000: 0.002346 ms
I 00:00:00.002513 executorch:executor_runner.cpp:785] Iteration 21 of 1000: 0.002346 ms
I 00:00:00.002520 executorch:executor_runner.cpp:785] Iteration 22 of 1000: 0.002346 ms
I 00:00:00.002528 executorch:executor_runner.cpp:785] Iteration 23 of 1000: 0.002346 ms
I 00:00:00.002535 executorch:executor_runner.cpp:785] Iteration 24 of 1000: 0.002307 ms
I 00:00:00.002542 executorch:executor_runner.cpp:785] Iteration 25 of 1000: 0.002346 ms
I 00:00:00.002550 executorch:executor_runner.cpp:785] Iteration 26 of 1000: 0.002384 ms
I 00:00:00.002557 executorch:executor_runner.cpp:785] Iteration 27 of 1000: 0.002307 ms
I 00:00:00.002565 executorch:executor_runner.cpp:785] Iteration 28 of 1000: 0.002346 ms
I 00:00:00.002572 executorch:executor_runner.cpp:785] Iteration 29 of 1000: 0.002385 ms
I 00:00:00.002580 executorch:executor_runner.cpp:785] Iteration 30 of 1000: 0.002346 ms
I 00:00:00.002587 executorch:executor_runner.cpp:785] Iteration 31 of 1000: 0.002384 ms
I 00:00:00.002594 executorch:executor_runner.cpp:785] Iteration 32 of 1000: 0.002346 ms
I 00:00:00.002602 executorch:executor_runner.cpp:785] Iteration 33 of 1000: 0.002346 ms
I 00:00:00.002609 executorch:executor_runner.cpp:785] Iteration 34 of 1000: 0.002423 ms
I 00:00:00.002642 executorch:executor_runner.cpp:785] Iteration 35 of 1000: 0.002693 ms
I 00:00:00.002650 executorch:executor_runner.cpp:785] Iteration 36 of 1000: 0.002462 ms
I 00:00:00.002657 executorch:executor_runner.cpp:785] Iteration 37 of 1000: 0.002384 ms
I 00:00:00.002664 executorch:executor_runner.cpp:785] Iteration 38 of 1000: 0.002346 ms
I 00:00:00.002671 executorch:executor_runner.cpp:785] Iteration 39 of 1000: 0.002384 ms
I 00:00:00.002678 executorch:executor_runner.cpp:785] Iteration 40 of 1000: 0.002577 ms
I 00:00:00.002685 executorch:executor_runner.cpp:785] Iteration 41 of 1000: 0.002385 ms
I 00:00:00.002692 executorch:executor_runner.cpp:785] Iteration 42 of 1000: 0.002346 ms
I 00:00:00.002699 executorch:executor_runner.cpp:785] Iteration 43 of 1000: 0.002385 ms
I 00:00:00.002706 executorch:executor_runner.cpp:785] Iteration 44 of 1000: 0.002384 ms
I 00:00:00.002713 executorch:executor_runner.cpp:785] Iteration 45 of 1000: 0.002346 ms
I 00:00:00.002720 executorch:executor_runner.cpp:785] Iteration 46 of 1000: 0.002346 ms
I 00:00:00.002727 executorch:executor_runner.cpp:785] Iteration 47 of 1000: 0.002346 ms
I 00:00:00.002734 executorch:executor_runner.cpp:785] Iteration 48 of 1000: 0.002346 ms
I 00:00:00.002741 executorch:executor_runner.cpp:785] Iteration 49 of 1000: 0.002346 ms
I 00:00:00.002748 executorch:executor_runner.cpp:785] Iteration 50 of 1000: 0.002346 ms
I 00:00:00.002755 executorch:executor_runner.cpp:785] Iteration 51 of 1000: 0.002384 ms
I 00:00:00.002762 executorch:executor_runner.cpp:785] Iteration 52 of 1000: 0.002308 ms
I 00:00:00.002769 executorch:executor_runner.cpp:785] Iteration 53 of 1000: 0.002462 ms
I 00:00:00.002776 executorch:executor_runner.cpp:785] Iteration 54 of 1000: 0.002346 ms
I 00:00:00.002783 executorch:executor_runner.cpp:785] Iteration 55 of 1000: 0.002308 ms
I 00:00:00.002790 executorch:executor_runner.cpp:785] Iteration 56 of 1000: 0.002347 ms
I 00:00:00.002797 executorch:executor_runner.cpp:785] Iteration 57 of 1000: 0.002347 ms
I 00:00:00.002804 executorch:executor_runner.cpp:785] Iteration 58 of 1000: 0.002384 ms
I 00:00:00.002811 executorch:executor_runner.cpp:785] Iteration 59 of 1000: 0.002385 ms
I 00:00:00.002818 executorch:executor_runner.cpp:785] Iteration 60 of 1000: 0.002346 ms
I 00:00:00.002825 executorch:executor_runner.cpp:785] Iteration 61 of 1000: 0.002423 ms
I 00:00:00.002832 executorch:executor_runner.cpp:785] Iteration 62 of 1000: 0.002346 ms
I 00:00:00.002839 executorch:executor_runner.cpp:785] Iteration 63 of 1000: 0.002346 ms
I 00:00:00.002846 executorch:executor_runner.cpp:785] Iteration 64 of 1000: 0.002347 ms
I 00:00:00.002853 executorch:executor_runner.cpp:785] Iteration 65 of 1000: 0.002308 ms
I 00:00:00.002860 executorch:executor_runner.cpp:785] Iteration 66 of 1000: 0.002385 ms
I 00:00:00.002867 executorch:executor_runner.cpp:785] Iteration 67 of 1000: 0.002346 ms
I 00:00:00.002874 executorch:executor_runner.cpp:785] Iteration 68 of 1000: 0.002385 ms
I 00:00:00.002881 executorch:executor_runner.cpp:785] Iteration 69 of 1000: 0.002347 ms
I 00:00:00.002888 executorch:executor_runner.cpp:785] Iteration 70 of 1000: 0.002385 ms
I 00:00:00.002895 executorch:executor_runner.cpp:785] Iteration 71 of 1000: 0.002385 ms
I 00:00:00.002902 executorch:executor_runner.cpp:785] Iteration 72 of 1000: 0.002347 ms
I 00:00:00.002909 executorch:executor_runner.cpp:785] Iteration 73 of 1000: 0.002385 ms
I 00:00:00.002916 executorch:executor_runner.cpp:785] Iteration 74 of 1000: 0.002385 ms
I 00:00:00.002923 executorch:executor_runner.cpp:785] Iteration 75 of 1000: 0.002346 ms
I 00:00:00.002930 executorch:executor_runner.cpp:785] Iteration 76 of 1000: 0.002384 ms
I 00:00:00.002937 executorch:executor_runner.cpp:785] Iteration 77 of 1000: 0.002346 ms
I 00:00:00.002944 executorch:executor_runner.cpp:785] Iteration 78 of 1000: 0.002346 ms
I 00:00:00.002951 executorch:executor_runner.cpp:785] Iteration 79 of 1000: 0.002385 ms
I 00:00:00.002958 executorch:executor_runner.cpp:785] Iteration 80 of 1000: 0.002385 ms
I 00:00:00.002965 executorch:executor_runner.cpp:785] Iteration 81 of 1000: 0.002423 ms
I 00:00:00.002979 executorch:executor_runner.cpp:785] Iteration 82 of 1000: 0.002654 ms
I 00:00:00.002986 executorch:executor_runner.cpp:785] Iteration 83 of 1000: 0.002423 ms
I 00:00:00.002993 executorch:executor_runner.cpp:785] Iteration 84 of 1000: 0.002385 ms
I 00:00:00.003000 executorch:executor_runner.cpp:785] Iteration 85 of 1000: 0.002346 ms
I 00:00:00.003007 executorch:executor_runner.cpp:785] Iteration 86 of 1000: 0.002384 ms
I 00:00:00.003014 executorch:executor_runner.cpp:785] Iteration 87 of 1000: 0.002346 ms
I 00:00:00.003021 executorch:executor_runner.cpp:785] Iteration 88 of 1000: 0.002346 ms
I 00:00:00.003028 executorch:executor_runner.cpp:785] Iteration 89 of 1000: 0.002423 ms
I 00:00:00.003035 executorch:executor_runner.cpp:785] Iteration 90 of 1000: 0.002384 ms
I 00:00:00.003042 executorch:executor_runner.cpp:785] Iteration 91 of 1000: 0.002384 ms
I 00:00:00.003049 executorch:executor_runner.cpp:785] Iteration 92 of 1000: 0.002385 ms
I 00:00:00.003056 executorch:executor_runner.cpp:785] Iteration 93 of 1000: 0.002385 ms
I 00:00:00.003063 executorch:executor_runner.cpp:785] Iteration 94 of 1000: 0.002346 ms
I 00:00:00.003070 executorch:executor_runner.cpp:785] Iteration 95 of 1000: 0.002346 ms
I 00:00:00.003077 executorch:executor_runner.cpp:785] Iteration 96 of 1000: 0.002346 ms
I 00:00:00.003084 executorch:executor_runner.cpp:785] Iteration 97 of 1000: 0.002384 ms
I 00:00:00.003091 executorch:executor_runner.cpp:785] Iteration 98 of 1000: 0.002346 ms
I 00:00:00.003098 executorch:executor_runner.cpp:785] Iteration 99 of 1000: 0.002384 ms
I 00:00:00.003105 executorch:executor_runner.cpp:785] Iteration 100 of 1000: 0.002346 ms
I 00:00:00.003112 executorch:executor_runner.cpp:785] Iteration 101 of 1000: 0.002384 ms
I 00:00:00.003120 executorch:executor_runner.cpp:785] Iteration 102 of 1000: 0.002346 ms
I 00:00:00.003127 executorch:executor_runner.cpp:785] Iteration 103 of 1000: 0.002346 ms
I 00:00:00.003134 executorch:executor_runner.cpp:785] Iteration 104 of 1000: 0.002385 ms
I 00:00:00.003141 executorch:executor_runner.cpp:785] Iteration 105 of 1000: 0.002423 ms
I 00:00:00.003148 executorch:executor_runner.cpp:785] Iteration 106 of 1000: 0.002385 ms
I 00:00:00.003155 executorch:executor_runner.cpp:785] Iteration 107 of 1000: 0.002385 ms
I 00:00:00.003162 executorch:executor_runner.cpp:785] Iteration 108 of 1000: 0.002385 ms
I 00:00:00.003169 executorch:executor_runner.cpp:785] Iteration 109 of 1000: 0.002423 ms
I 00:00:00.003176 executorch:executor_runner.cpp:785] Iteration 110 of 1000: 0.002308 ms
I 00:00:00.003183 executorch:executor_runner.cpp:785] Iteration 111 of 1000: 0.002346 ms
I 00:00:00.003234 executorch:executor_runner.cpp:785] Iteration 112 of 1000: 0.004500 ms
I 00:00:00.003243 executorch:executor_runner.cpp:785] Iteration 113 of 1000: 0.001500 ms
I 00:00:00.003249 executorch:executor_runner.cpp:785] Iteration 114 of 1000: 0.001308 ms
I 00:00:00.003255 executorch:executor_runner.cpp:785] Iteration 115 of 1000: 0.001192 ms
I 00:00:00.003262 executorch:executor_runner.cpp:785] Iteration 116 of 1000: 0.002230 ms
I 00:00:00.003269 executorch:executor_runner.cpp:785] Iteration 117 of 1000: 0.002423 ms
I 00:00:00.003280 executorch:executor_runner.cpp:785] Iteration 118 of 1000: 0.005500 ms
I 00:00:00.003288 executorch:executor_runner.cpp:785] Iteration 119 of 1000: 0.003961 ms
I 00:00:00.003298 executorch:executor_runner.cpp:785] Iteration 120 of 1000: 0.004731 ms
I 00:00:00.003308 executorch:executor_runner.cpp:785] Iteration 121 of 1000: 0.005385 ms
I 00:00:00.003317 executorch:executor_runner.cpp:785] Iteration 122 of 1000: 0.004538 ms
I 00:00:00.003325 executorch:executor_runner.cpp:785] Iteration 123 of 1000: 0.003961 ms
I 00:00:00.003335 executorch:executor_runner.cpp:785] Iteration 124 of 1000: 0.004808 ms
I 00:00:00.003344 executorch:executor_runner.cpp:785] Iteration 125 of 1000: 0.003923 ms
I 00:00:00.003353 executorch:executor_runner.cpp:785] Iteration 126 of 1000: 0.004808 ms
I 00:00:00.003363 executorch:executor_runner.cpp:785] Iteration 127 of 1000: 0.004884 ms
I 00:00:00.003379 executorch:executor_runner.cpp:785] Iteration 128 of 1000: 0.004307 ms
I 00:00:00.003387 executorch:executor_runner.cpp:785] Iteration 129 of 1000: 0.002115 ms
I 00:00:00.003394 executorch:executor_runner.cpp:785] Iteration 130 of 1000: 0.002116 ms
I 00:00:00.003400 executorch:executor_runner.cpp:785] Iteration 131 of 1000: 0.002077 ms
I 00:00:00.003407 executorch:executor_runner.cpp:785] Iteration 132 of 1000: 0.002154 ms
I 00:00:00.003414 executorch:executor_runner.cpp:785] Iteration 133 of 1000: 0.002231 ms
I 00:00:00.003421 executorch:executor_runner.cpp:785] Iteration 134 of 1000: 0.002231 ms
I 00:00:00.003428 executorch:executor_runner.cpp:785] Iteration 135 of 1000: 0.002192 ms
I 00:00:00.003435 executorch:executor_runner.cpp:785] Iteration 136 of 1000: 0.002077 ms
I 00:00:00.003441 executorch:executor_runner.cpp:785] Iteration 137 of 1000: 0.002154 ms
I 00:00:00.003448 executorch:executor_runner.cpp:785] Iteration 138 of 1000: 0.002077 ms
I 00:00:00.003455 executorch:executor_runner.cpp:785] Iteration 139 of 1000: 0.002154 ms
I 00:00:00.003465 executorch:executor_runner.cpp:785] Iteration 140 of 1000: 0.002192 ms
I 00:00:00.003472 executorch:executor_runner.cpp:785] Iteration 141 of 1000: 0.002116 ms
I 00:00:00.003479 executorch:executor_runner.cpp:785] Iteration 142 of 1000: 0.002153 ms
I 00:00:00.003486 executorch:executor_runner.cpp:785] Iteration 143 of 1000: 0.002115 ms
I 00:00:00.003494 executorch:executor_runner.cpp:785] Iteration 144 of 1000: 0.002154 ms
I 00:00:00.003501 executorch:executor_runner.cpp:785] Iteration 145 of 1000: 0.002115 ms
I 00:00:00.003508 executorch:executor_runner.cpp:785] Iteration 146 of 1000: 0.002115 ms
I 00:00:00.003515 executorch:executor_runner.cpp:785] Iteration 147 of 1000: 0.002115 ms
I 00:00:00.003522 executorch:executor_runner.cpp:785] Iteration 148 of 1000: 0.002115 ms
I 00:00:00.003529 executorch:executor_runner.cpp:785] Iteration 149 of 1000: 0.002116 ms
I 00:00:00.003536 executorch:executor_runner.cpp:785] Iteration 150 of 1000: 0.002193 ms
I 00:00:00.003543 executorch:executor_runner.cpp:785] Iteration 151 of 1000: 0.002116 ms
I 00:00:00.003550 executorch:executor_runner.cpp:785] Iteration 152 of 1000: 0.002115 ms
I 00:00:00.003557 executorch:executor_runner.cpp:785] Iteration 153 of 1000: 0.002153 ms
I 00:00:00.003564 executorch:executor_runner.cpp:785] Iteration 154 of 1000: 0.002193 ms
I 00:00:00.003571 executorch:executor_runner.cpp:785] Iteration 155 of 1000: 0.002077 ms
I 00:00:00.003579 executorch:executor_runner.cpp:785] Iteration 156 of 1000: 0.002115 ms
I 00:00:00.003586 executorch:executor_runner.cpp:785] Iteration 157 of 1000: 0.002153 ms
I 00:00:00.003593 executorch:executor_runner.cpp:785] Iteration 158 of 1000: 0.002154 ms
I 00:00:00.003600 executorch:executor_runner.cpp:785] Iteration 159 of 1000: 0.002115 ms
I 00:00:00.003607 executorch:executor_runner.cpp:785] Iteration 160 of 1000: 0.002153 ms
I 00:00:00.003614 executorch:executor_runner.cpp:785] Iteration 161 of 1000: 0.002115 ms
I 00:00:00.003621 executorch:executor_runner.cpp:785] Iteration 162 of 1000: 0.002116 ms
I 00:00:00.003628 executorch:executor_runner.cpp:785] Iteration 163 of 1000: 0.002153 ms
I 00:00:00.003635 executorch:executor_runner.cpp:785] Iteration 164 of 1000: 0.002154 ms
I 00:00:00.003642 executorch:executor_runner.cpp:785] Iteration 165 of 1000: 0.002154 ms
I 00:00:00.003650 executorch:executor_runner.cpp:785] Iteration 166 of 1000: 0.002039 ms
I 00:00:00.003657 executorch:executor_runner.cpp:785] Iteration 167 of 1000: 0.002153 ms
I 00:00:00.003664 executorch:executor_runner.cpp:785] Iteration 168 of 1000: 0.002038 ms
I 00:00:00.003671 executorch:executor_runner.cpp:785] Iteration 169 of 1000: 0.002154 ms
I 00:00:00.003678 executorch:executor_runner.cpp:785] Iteration 170 of 1000: 0.002154 ms
I 00:00:00.003685 executorch:executor_runner.cpp:785] Iteration 171 of 1000: 0.002115 ms
I 00:00:00.003692 executorch:executor_runner.cpp:785] Iteration 172 of 1000: 0.002115 ms
I 00:00:00.003699 executorch:executor_runner.cpp:785] Iteration 173 of 1000: 0.002076 ms
I 00:00:00.003715 executorch:executor_runner.cpp:785] Iteration 174 of 1000: 0.002769 ms
I 00:00:00.003723 executorch:executor_runner.cpp:785] Iteration 175 of 1000: 0.002307 ms
I 00:00:00.003731 executorch:executor_runner.cpp:785] Iteration 176 of 1000: 0.002154 ms
I 00:00:00.003738 executorch:executor_runner.cpp:785] Iteration 177 of 1000: 0.002077 ms
I 00:00:00.003745 executorch:executor_runner.cpp:785] Iteration 178 of 1000: 0.002038 ms
I 00:00:00.003752 executorch:executor_runner.cpp:785] Iteration 179 of 1000: 0.002115 ms
I 00:00:00.003762 executorch:executor_runner.cpp:785] Iteration 180 of 1000: 0.002077 ms
I 00:00:00.003768 executorch:executor_runner.cpp:785] Iteration 181 of 1000: 0.002116 ms
I 00:00:00.003775 executorch:executor_runner.cpp:785] Iteration 182 of 1000: 0.002115 ms
I 00:00:00.003782 executorch:executor_runner.cpp:785] Iteration 183 of 1000: 0.002116 ms
I 00:00:00.003789 executorch:executor_runner.cpp:785] Iteration 184 of 1000: 0.002154 ms
I 00:00:00.003796 executorch:executor_runner.cpp:785] Iteration 185 of 1000: 0.002193 ms
I 00:00:00.003803 executorch:executor_runner.cpp:785] Iteration 186 of 1000: 0.002077 ms
I 00:00:00.003810 executorch:executor_runner.cpp:785] Iteration 187 of 1000: 0.002115 ms
I 00:00:00.003817 executorch:executor_runner.cpp:785] Iteration 188 of 1000: 0.002154 ms
I 00:00:00.003823 executorch:executor_runner.cpp:785] Iteration 189 of 1000: 0.002115 ms
I 00:00:00.003831 executorch:executor_runner.cpp:785] Iteration 190 of 1000: 0.002115 ms
I 00:00:00.003838 executorch:executor_runner.cpp:785] Iteration 191 of 1000: 0.002077 ms
I 00:00:00.003845 executorch:executor_runner.cpp:785] Iteration 192 of 1000: 0.002116 ms
I 00:00:00.003851 executorch:executor_runner.cpp:785] Iteration 193 of 1000: 0.002077 ms
I 00:00:00.003858 executorch:executor_runner.cpp:785] Iteration 194 of 1000: 0.002115 ms
I 00:00:00.003865 executorch:executor_runner.cpp:785] Iteration 195 of 1000: 0.002154 ms
I 00:00:00.003872 executorch:executor_runner.cpp:785] Iteration 196 of 1000: 0.002192 ms
I 00:00:00.003879 executorch:executor_runner.cpp:785] Iteration 197 of 1000: 0.002154 ms
I 00:00:00.003886 executorch:executor_runner.cpp:785] Iteration 198 of 1000: 0.001923 ms
I 00:00:00.003892 executorch:executor_runner.cpp:785] Iteration 199 of 1000: 0.001923 ms
I 00:00:00.003899 executorch:executor_runner.cpp:785] Iteration 200 of 1000: 0.002039 ms
I 00:00:00.003906 executorch:executor_runner.cpp:785] Iteration 201 of 1000: 0.001961 ms
I 00:00:00.003913 executorch:executor_runner.cpp:785] Iteration 202 of 1000: 0.001962 ms
I 00:00:00.003919 executorch:executor_runner.cpp:785] Iteration 203 of 1000: 0.001962 ms
I 00:00:00.003926 executorch:executor_runner.cpp:785] Iteration 204 of 1000: 0.001923 ms
I 00:00:00.003933 executorch:executor_runner.cpp:785] Iteration 205 of 1000: 0.002039 ms
I 00:00:00.003939 executorch:executor_runner.cpp:785] Iteration 206 of 1000: 0.001962 ms
I 00:00:00.003946 executorch:executor_runner.cpp:785] Iteration 207 of 1000: 0.001923 ms
I 00:00:00.003953 executorch:executor_runner.cpp:785] Iteration 208 of 1000: 0.001962 ms
I 00:00:00.003959 executorch:executor_runner.cpp:785] Iteration 209 of 1000: 0.001923 ms
I 00:00:00.003966 executorch:executor_runner.cpp:785] Iteration 210 of 1000: 0.002000 ms
I 00:00:00.003973 executorch:executor_runner.cpp:785] Iteration 211 of 1000: 0.001961 ms
I 00:00:00.003979 executorch:executor_runner.cpp:785] Iteration 212 of 1000: 0.002038 ms
I 00:00:00.003986 executorch:executor_runner.cpp:785] Iteration 213 of 1000: 0.002000 ms
I 00:00:00.003993 executorch:executor_runner.cpp:785] Iteration 214 of 1000: 0.002000 ms
I 00:00:00.004000 executorch:executor_runner.cpp:785] Iteration 215 of 1000: 0.001962 ms
I 00:00:00.004006 executorch:executor_runner.cpp:785] Iteration 216 of 1000: 0.001962 ms
I 00:00:00.004013 executorch:executor_runner.cpp:785] Iteration 217 of 1000: 0.002000 ms
I 00:00:00.004020 executorch:executor_runner.cpp:785] Iteration 218 of 1000: 0.001924 ms
I 00:00:00.004026 executorch:executor_runner.cpp:785] Iteration 219 of 1000: 0.001961 ms
I 00:00:00.004039 executorch:executor_runner.cpp:785] Iteration 220 of 1000: 0.002385 ms
I 00:00:00.004046 executorch:executor_runner.cpp:785] Iteration 221 of 1000: 0.001923 ms
I 00:00:00.004053 executorch:executor_runner.cpp:785] Iteration 222 of 1000: 0.001962 ms
I 00:00:00.004060 executorch:executor_runner.cpp:785] Iteration 223 of 1000: 0.002000 ms
I 00:00:00.004067 executorch:executor_runner.cpp:785] Iteration 224 of 1000: 0.002038 ms
I 00:00:00.004074 executorch:executor_runner.cpp:785] Iteration 225 of 1000: 0.001961 ms
I 00:00:00.004081 executorch:executor_runner.cpp:785] Iteration 226 of 1000: 0.002000 ms
I 00:00:00.004088 executorch:executor_runner.cpp:785] Iteration 227 of 1000: 0.002000 ms
I 00:00:00.004095 executorch:executor_runner.cpp:785] Iteration 228 of 1000: 0.001962 ms
I 00:00:00.004102 executorch:executor_runner.cpp:785] Iteration 229 of 1000: 0.001961 ms
I 00:00:00.004109 executorch:executor_runner.cpp:785] Iteration 230 of 1000: 0.002000 ms
I 00:00:00.004116 executorch:executor_runner.cpp:785] Iteration 231 of 1000: 0.001962 ms
I 00:00:00.004123 executorch:executor_runner.cpp:785] Iteration 232 of 1000: 0.002000 ms
I 00:00:00.004130 executorch:executor_runner.cpp:785] Iteration 233 of 1000: 0.001923 ms
I 00:00:00.004137 executorch:executor_runner.cpp:785] Iteration 234 of 1000: 0.001923 ms
I 00:00:00.004144 executorch:executor_runner.cpp:785] Iteration 235 of 1000: 0.001924 ms
I 00:00:00.004151 executorch:executor_runner.cpp:785] Iteration 236 of 1000: 0.001962 ms
I 00:00:00.004158 executorch:executor_runner.cpp:785] Iteration 237 of 1000: 0.001923 ms
I 00:00:00.004165 executorch:executor_runner.cpp:785] Iteration 238 of 1000: 0.001961 ms
I 00:00:00.004173 executorch:executor_runner.cpp:785] Iteration 239 of 1000: 0.001961 ms
I 00:00:00.004180 executorch:executor_runner.cpp:785] Iteration 240 of 1000: 0.001961 ms
I 00:00:00.004187 executorch:executor_runner.cpp:785] Iteration 241 of 1000: 0.002000 ms
I 00:00:00.004193 executorch:executor_runner.cpp:785] Iteration 242 of 1000: 0.001923 ms
I 00:00:00.004200 executorch:executor_runner.cpp:785] Iteration 243 of 1000: 0.001961 ms
I 00:00:00.004207 executorch:executor_runner.cpp:785] Iteration 244 of 1000: 0.002000 ms
I 00:00:00.004215 executorch:executor_runner.cpp:785] Iteration 245 of 1000: 0.001962 ms
I 00:00:00.004222 executorch:executor_runner.cpp:785] Iteration 246 of 1000: 0.001961 ms
I 00:00:00.004229 executorch:executor_runner.cpp:785] Iteration 247 of 1000: 0.002000 ms
I 00:00:00.004236 executorch:executor_runner.cpp:785] Iteration 248 of 1000: 0.002038 ms
I 00:00:00.004244 executorch:executor_runner.cpp:785] Iteration 249 of 1000: 0.001961 ms
I 00:00:00.004251 executorch:executor_runner.cpp:785] Iteration 250 of 1000: 0.002038 ms
I 00:00:00.004258 executorch:executor_runner.cpp:785] Iteration 251 of 1000: 0.001923 ms
I 00:00:00.004265 executorch:executor_runner.cpp:785] Iteration 252 of 1000: 0.001962 ms
I 00:00:00.004272 executorch:executor_runner.cpp:785] Iteration 253 of 1000: 0.001961 ms
I 00:00:00.004280 executorch:executor_runner.cpp:785] Iteration 254 of 1000: 0.001923 ms
I 00:00:00.004287 executorch:executor_runner.cpp:785] Iteration 255 of 1000: 0.002039 ms
I 00:00:00.004294 executorch:executor_runner.cpp:785] Iteration 256 of 1000: 0.002000 ms
I 00:00:00.004301 executorch:executor_runner.cpp:785] Iteration 257 of 1000: 0.001923 ms
I 00:00:00.004308 executorch:executor_runner.cpp:785] Iteration 258 of 1000: 0.001884 ms
I 00:00:00.004315 executorch:executor_runner.cpp:785] Iteration 259 of 1000: 0.002038 ms
I 00:00:00.004322 executorch:executor_runner.cpp:785] Iteration 260 of 1000: 0.002000 ms
I 00:00:00.004329 executorch:executor_runner.cpp:785] Iteration 261 of 1000: 0.002039 ms
I 00:00:00.004336 executorch:executor_runner.cpp:785] Iteration 262 of 1000: 0.001961 ms
I 00:00:00.004343 executorch:executor_runner.cpp:785] Iteration 263 of 1000: 0.001923 ms
I 00:00:00.004350 executorch:executor_runner.cpp:785] Iteration 264 of 1000: 0.001961 ms
I 00:00:00.004357 executorch:executor_runner.cpp:785] Iteration 265 of 1000: 0.002000 ms
I 00:00:00.004369 executorch:executor_runner.cpp:785] Iteration 266 of 1000: 0.002424 ms
I 00:00:00.004377 executorch:executor_runner.cpp:785] Iteration 267 of 1000: 0.002077 ms
I 00:00:00.004384 executorch:executor_runner.cpp:785] Iteration 268 of 1000: 0.002000 ms
I 00:00:00.004392 executorch:executor_runner.cpp:785] Iteration 269 of 1000: 0.001962 ms
I 00:00:00.004399 executorch:executor_runner.cpp:785] Iteration 270 of 1000: 0.001962 ms
I 00:00:00.004406 executorch:executor_runner.cpp:785] Iteration 271 of 1000: 0.001962 ms
I 00:00:00.004413 executorch:executor_runner.cpp:785] Iteration 272 of 1000: 0.001961 ms
I 00:00:00.004420 executorch:executor_runner.cpp:785] Iteration 273 of 1000: 0.001923 ms
I 00:00:00.004427 executorch:executor_runner.cpp:785] Iteration 274 of 1000: 0.001885 ms
I 00:00:00.004435 executorch:executor_runner.cpp:785] Iteration 275 of 1000: 0.002000 ms
I 00:00:00.004442 executorch:executor_runner.cpp:785] Iteration 276 of 1000: 0.002000 ms
I 00:00:00.004449 executorch:executor_runner.cpp:785] Iteration 277 of 1000: 0.001961 ms
I 00:00:00.004456 executorch:executor_runner.cpp:785] Iteration 278 of 1000: 0.002000 ms
I 00:00:00.004463 executorch:executor_runner.cpp:785] Iteration 279 of 1000: 0.001962 ms
I 00:00:00.004470 executorch:executor_runner.cpp:785] Iteration 280 of 1000: 0.001923 ms
I 00:00:00.004477 executorch:executor_runner.cpp:785] Iteration 281 of 1000: 0.002039 ms
I 00:00:00.004485 executorch:executor_runner.cpp:785] Iteration 282 of 1000: 0.001961 ms
I 00:00:00.004492 executorch:executor_runner.cpp:785] Iteration 283 of 1000: 0.002000 ms
I 00:00:00.004499 executorch:executor_runner.cpp:785] Iteration 284 of 1000: 0.001961 ms
I 00:00:00.004506 executorch:executor_runner.cpp:785] Iteration 285 of 1000: 0.001962 ms
I 00:00:00.004513 executorch:executor_runner.cpp:785] Iteration 286 of 1000: 0.002000 ms
I 00:00:00.004520 executorch:executor_runner.cpp:785] Iteration 287 of 1000: 0.002039 ms
I 00:00:00.004527 executorch:executor_runner.cpp:785] Iteration 288 of 1000: 0.002000 ms
I 00:00:00.004534 executorch:executor_runner.cpp:785] Iteration 289 of 1000: 0.001962 ms
I 00:00:00.004542 executorch:executor_runner.cpp:785] Iteration 290 of 1000: 0.001961 ms
I 00:00:00.004549 executorch:executor_runner.cpp:785] Iteration 291 of 1000: 0.001885 ms
I 00:00:00.004556 executorch:executor_runner.cpp:785] Iteration 292 of 1000: 0.001962 ms
I 00:00:00.004564 executorch:executor_runner.cpp:785] Iteration 293 of 1000: 0.002000 ms
I 00:00:00.004571 executorch:executor_runner.cpp:785] Iteration 294 of 1000: 0.002000 ms
I 00:00:00.004578 executorch:executor_runner.cpp:785] Iteration 295 of 1000: 0.001961 ms
I 00:00:00.004585 executorch:executor_runner.cpp:785] Iteration 296 of 1000: 0.001961 ms
I 00:00:00.004592 executorch:executor_runner.cpp:785] Iteration 297 of 1000: 0.001923 ms
I 00:00:00.004599 executorch:executor_runner.cpp:785] Iteration 298 of 1000: 0.002000 ms
I 00:00:00.004607 executorch:executor_runner.cpp:785] Iteration 299 of 1000: 0.002000 ms
I 00:00:00.004614 executorch:executor_runner.cpp:785] Iteration 300 of 1000: 0.001923 ms
I 00:00:00.004621 executorch:executor_runner.cpp:785] Iteration 301 of 1000: 0.002000 ms
I 00:00:00.004628 executorch:executor_runner.cpp:785] Iteration 302 of 1000: 0.001961 ms
I 00:00:00.004635 executorch:executor_runner.cpp:785] Iteration 303 of 1000: 0.001923 ms
I 00:00:00.004642 executorch:executor_runner.cpp:785] Iteration 304 of 1000: 0.002000 ms
I 00:00:00.004650 executorch:executor_runner.cpp:785] Iteration 305 of 1000: 0.002000 ms
I 00:00:00.004657 executorch:executor_runner.cpp:785] Iteration 306 of 1000: 0.002000 ms
I 00:00:00.004664 executorch:executor_runner.cpp:785] Iteration 307 of 1000: 0.002039 ms
I 00:00:00.004671 executorch:executor_runner.cpp:785] Iteration 308 of 1000: 0.001923 ms
I 00:00:00.004678 executorch:executor_runner.cpp:785] Iteration 309 of 1000: 0.001961 ms
I 00:00:00.004685 executorch:executor_runner.cpp:785] Iteration 310 of 1000: 0.001962 ms
I 00:00:00.004693 executorch:executor_runner.cpp:785] Iteration 311 of 1000: 0.001923 ms
I 00:00:00.004704 executorch:executor_runner.cpp:785] Iteration 312 of 1000: 0.002038 ms
I 00:00:00.004712 executorch:executor_runner.cpp:785] Iteration 313 of 1000: 0.002077 ms
I 00:00:00.004719 executorch:executor_runner.cpp:785] Iteration 314 of 1000: 0.002000 ms
I 00:00:00.004726 executorch:executor_runner.cpp:785] Iteration 315 of 1000: 0.002000 ms
I 00:00:00.004733 executorch:executor_runner.cpp:785] Iteration 316 of 1000: 0.002000 ms
I 00:00:00.004740 executorch:executor_runner.cpp:785] Iteration 317 of 1000: 0.001885 ms
I 00:00:00.004747 executorch:executor_runner.cpp:785] Iteration 318 of 1000: 0.001962 ms
I 00:00:00.004754 executorch:executor_runner.cpp:785] Iteration 319 of 1000: 0.001962 ms
I 00:00:00.004761 executorch:executor_runner.cpp:785] Iteration 320 of 1000: 0.002039 ms
I 00:00:00.004768 executorch:executor_runner.cpp:785] Iteration 321 of 1000: 0.002077 ms
I 00:00:00.004775 executorch:executor_runner.cpp:785] Iteration 322 of 1000: 0.001962 ms
I 00:00:00.004782 executorch:executor_runner.cpp:785] Iteration 323 of 1000: 0.001961 ms
I 00:00:00.004789 executorch:executor_runner.cpp:785] Iteration 324 of 1000: 0.002000 ms
I 00:00:00.004796 executorch:executor_runner.cpp:785] Iteration 325 of 1000: 0.002000 ms
I 00:00:00.004803 executorch:executor_runner.cpp:785] Iteration 326 of 1000: 0.001961 ms
I 00:00:00.004810 executorch:executor_runner.cpp:785] Iteration 327 of 1000: 0.002000 ms
I 00:00:00.004817 executorch:executor_runner.cpp:785] Iteration 328 of 1000: 0.001962 ms
I 00:00:00.004824 executorch:executor_runner.cpp:785] Iteration 329 of 1000: 0.001924 ms
I 00:00:00.004831 executorch:executor_runner.cpp:785] Iteration 330 of 1000: 0.001923 ms
I 00:00:00.004838 executorch:executor_runner.cpp:785] Iteration 331 of 1000: 0.002000 ms
I 00:00:00.004845 executorch:executor_runner.cpp:785] Iteration 332 of 1000: 0.001923 ms
I 00:00:00.004852 executorch:executor_runner.cpp:785] Iteration 333 of 1000: 0.001923 ms
I 00:00:00.004859 executorch:executor_runner.cpp:785] Iteration 334 of 1000: 0.001961 ms
I 00:00:00.004866 executorch:executor_runner.cpp:785] Iteration 335 of 1000: 0.001961 ms
I 00:00:00.004873 executorch:executor_runner.cpp:785] Iteration 336 of 1000: 0.002038 ms
I 00:00:00.004880 executorch:executor_runner.cpp:785] Iteration 337 of 1000: 0.001962 ms
I 00:00:00.004887 executorch:executor_runner.cpp:785] Iteration 338 of 1000: 0.001962 ms
I 00:00:00.004894 executorch:executor_runner.cpp:785] Iteration 339 of 1000: 0.001962 ms
I 00:00:00.004901 executorch:executor_runner.cpp:785] Iteration 340 of 1000: 0.001962 ms
I 00:00:00.004908 executorch:executor_runner.cpp:785] Iteration 341 of 1000: 0.001962 ms
I 00:00:00.004915 executorch:executor_runner.cpp:785] Iteration 342 of 1000: 0.002039 ms
I 00:00:00.004922 executorch:executor_runner.cpp:785] Iteration 343 of 1000: 0.002000 ms
I 00:00:00.004929 executorch:executor_runner.cpp:785] Iteration 344 of 1000: 0.001962 ms
I 00:00:00.004937 executorch:executor_runner.cpp:785] Iteration 345 of 1000: 0.001923 ms
I 00:00:00.004944 executorch:executor_runner.cpp:785] Iteration 346 of 1000: 0.001962 ms
I 00:00:00.004951 executorch:executor_runner.cpp:785] Iteration 347 of 1000: 0.002000 ms
I 00:00:00.004958 executorch:executor_runner.cpp:785] Iteration 348 of 1000: 0.002000 ms
I 00:00:00.004965 executorch:executor_runner.cpp:785] Iteration 349 of 1000: 0.001885 ms
I 00:00:00.004972 executorch:executor_runner.cpp:785] Iteration 350 of 1000: 0.001923 ms
I 00:00:00.004979 executorch:executor_runner.cpp:785] Iteration 351 of 1000: 0.001923 ms
I 00:00:00.004986 executorch:executor_runner.cpp:785] Iteration 352 of 1000: 0.002000 ms
I 00:00:00.004993 executorch:executor_runner.cpp:785] Iteration 353 of 1000: 0.002000 ms
I 00:00:00.005000 executorch:executor_runner.cpp:785] Iteration 354 of 1000: 0.002039 ms
I 00:00:00.005007 executorch:executor_runner.cpp:785] Iteration 355 of 1000: 0.001961 ms
I 00:00:00.005014 executorch:executor_runner.cpp:785] Iteration 356 of 1000: 0.001923 ms
I 00:00:00.005021 executorch:executor_runner.cpp:785] Iteration 357 of 1000: 0.001923 ms
I 00:00:00.005033 executorch:executor_runner.cpp:785] Iteration 358 of 1000: 0.002000 ms
I 00:00:00.005041 executorch:executor_runner.cpp:785] Iteration 359 of 1000: 0.002500 ms
I 00:00:00.005048 executorch:executor_runner.cpp:785] Iteration 360 of 1000: 0.001961 ms
I 00:00:00.005055 executorch:executor_runner.cpp:785] Iteration 361 of 1000: 0.002000 ms
I 00:00:00.005062 executorch:executor_runner.cpp:785] Iteration 362 of 1000: 0.001923 ms
I 00:00:00.005069 executorch:executor_runner.cpp:785] Iteration 363 of 1000: 0.001961 ms
I 00:00:00.005076 executorch:executor_runner.cpp:785] Iteration 364 of 1000: 0.001962 ms
I 00:00:00.005083 executorch:executor_runner.cpp:785] Iteration 365 of 1000: 0.002000 ms
I 00:00:00.005091 executorch:executor_runner.cpp:785] Iteration 366 of 1000: 0.002000 ms
I 00:00:00.005097 executorch:executor_runner.cpp:785] Iteration 367 of 1000: 0.001923 ms
I 00:00:00.005105 executorch:executor_runner.cpp:785] Iteration 368 of 1000: 0.001923 ms
I 00:00:00.005112 executorch:executor_runner.cpp:785] Iteration 369 of 1000: 0.001962 ms
I 00:00:00.005119 executorch:executor_runner.cpp:785] Iteration 370 of 1000: 0.001884 ms
I 00:00:00.005126 executorch:executor_runner.cpp:785] Iteration 371 of 1000: 0.001924 ms
I 00:00:00.005133 executorch:executor_runner.cpp:785] Iteration 372 of 1000: 0.001885 ms
I 00:00:00.005140 executorch:executor_runner.cpp:785] Iteration 373 of 1000: 0.002000 ms
I 00:00:00.005147 executorch:executor_runner.cpp:785] Iteration 374 of 1000: 0.002000 ms
I 00:00:00.005154 executorch:executor_runner.cpp:785] Iteration 375 of 1000: 0.002000 ms
I 00:00:00.005161 executorch:executor_runner.cpp:785] Iteration 376 of 1000: 0.001962 ms
I 00:00:00.005168 executorch:executor_runner.cpp:785] Iteration 377 of 1000: 0.002000 ms
I 00:00:00.005175 executorch:executor_runner.cpp:785] Iteration 378 of 1000: 0.001961 ms
I 00:00:00.005182 executorch:executor_runner.cpp:785] Iteration 379 of 1000: 0.001923 ms
I 00:00:00.005189 executorch:executor_runner.cpp:785] Iteration 380 of 1000: 0.002000 ms
I 00:00:00.005196 executorch:executor_runner.cpp:785] Iteration 381 of 1000: 0.001962 ms
I 00:00:00.005204 executorch:executor_runner.cpp:785] Iteration 382 of 1000: 0.002077 ms
I 00:00:00.005211 executorch:executor_runner.cpp:785] Iteration 383 of 1000: 0.001923 ms
I 00:00:00.005218 executorch:executor_runner.cpp:785] Iteration 384 of 1000: 0.002000 ms
I 00:00:00.005225 executorch:executor_runner.cpp:785] Iteration 385 of 1000: 0.001923 ms
I 00:00:00.005232 executorch:executor_runner.cpp:785] Iteration 386 of 1000: 0.002038 ms
I 00:00:00.005239 executorch:executor_runner.cpp:785] Iteration 387 of 1000: 0.002039 ms
I 00:00:00.005246 executorch:executor_runner.cpp:785] Iteration 388 of 1000: 0.001962 ms
I 00:00:00.005253 executorch:executor_runner.cpp:785] Iteration 389 of 1000: 0.001962 ms
I 00:00:00.005260 executorch:executor_runner.cpp:785] Iteration 390 of 1000: 0.001962 ms
I 00:00:00.005267 executorch:executor_runner.cpp:785] Iteration 391 of 1000: 0.002000 ms
I 00:00:00.005274 executorch:executor_runner.cpp:785] Iteration 392 of 1000: 0.001923 ms
I 00:00:00.005281 executorch:executor_runner.cpp:785] Iteration 393 of 1000: 0.002000 ms
I 00:00:00.005288 executorch:executor_runner.cpp:785] Iteration 394 of 1000: 0.002000 ms
I 00:00:00.005295 executorch:executor_runner.cpp:785] Iteration 395 of 1000: 0.002000 ms
I 00:00:00.005303 executorch:executor_runner.cpp:785] Iteration 396 of 1000: 0.001962 ms
I 00:00:00.005310 executorch:executor_runner.cpp:785] Iteration 397 of 1000: 0.001923 ms
I 00:00:00.005317 executorch:executor_runner.cpp:785] Iteration 398 of 1000: 0.002000 ms
I 00:00:00.005324 executorch:executor_runner.cpp:785] Iteration 399 of 1000: 0.001962 ms
I 00:00:00.005332 executorch:executor_runner.cpp:785] Iteration 400 of 1000: 0.002000 ms
I 00:00:00.005339 executorch:executor_runner.cpp:785] Iteration 401 of 1000: 0.002000 ms
I 00:00:00.005346 executorch:executor_runner.cpp:785] Iteration 402 of 1000: 0.001923 ms
I 00:00:00.005353 executorch:executor_runner.cpp:785] Iteration 403 of 1000: 0.001962 ms
I 00:00:00.005364 executorch:executor_runner.cpp:785] Iteration 404 of 1000: 0.002115 ms
I 00:00:00.005372 executorch:executor_runner.cpp:785] Iteration 405 of 1000: 0.002077 ms
I 00:00:00.005379 executorch:executor_runner.cpp:785] Iteration 406 of 1000: 0.001923 ms
I 00:00:00.005386 executorch:executor_runner.cpp:785] Iteration 407 of 1000: 0.002039 ms
I 00:00:00.005393 executorch:executor_runner.cpp:785] Iteration 408 of 1000: 0.001961 ms
I 00:00:00.005400 executorch:executor_runner.cpp:785] Iteration 409 of 1000: 0.002000 ms
I 00:00:00.005407 executorch:executor_runner.cpp:785] Iteration 410 of 1000: 0.002000 ms
I 00:00:00.005414 executorch:executor_runner.cpp:785] Iteration 411 of 1000: 0.001961 ms
I 00:00:00.005421 executorch:executor_runner.cpp:785] Iteration 412 of 1000: 0.002000 ms
I 00:00:00.005428 executorch:executor_runner.cpp:785] Iteration 413 of 1000: 0.001923 ms
I 00:00:00.005435 executorch:executor_runner.cpp:785] Iteration 414 of 1000: 0.001923 ms
I 00:00:00.005442 executorch:executor_runner.cpp:785] Iteration 415 of 1000: 0.002000 ms
I 00:00:00.005449 executorch:executor_runner.cpp:785] Iteration 416 of 1000: 0.002000 ms
I 00:00:00.005456 executorch:executor_runner.cpp:785] Iteration 417 of 1000: 0.002000 ms
I 00:00:00.005463 executorch:executor_runner.cpp:785] Iteration 418 of 1000: 0.001962 ms
I 00:00:00.005470 executorch:executor_runner.cpp:785] Iteration 419 of 1000: 0.001923 ms
I 00:00:00.005477 executorch:executor_runner.cpp:785] Iteration 420 of 1000: 0.001923 ms
I 00:00:00.005484 executorch:executor_runner.cpp:785] Iteration 421 of 1000: 0.002000 ms
I 00:00:00.005491 executorch:executor_runner.cpp:785] Iteration 422 of 1000: 0.002000 ms
I 00:00:00.005498 executorch:executor_runner.cpp:785] Iteration 423 of 1000: 0.001962 ms
I 00:00:00.005505 executorch:executor_runner.cpp:785] Iteration 424 of 1000: 0.001923 ms
I 00:00:00.005512 executorch:executor_runner.cpp:785] Iteration 425 of 1000: 0.002000 ms
I 00:00:00.005519 executorch:executor_runner.cpp:785] Iteration 426 of 1000: 0.001962 ms
I 00:00:00.005526 executorch:executor_runner.cpp:785] Iteration 427 of 1000: 0.002000 ms
I 00:00:00.005533 executorch:executor_runner.cpp:785] Iteration 428 of 1000: 0.002000 ms
I 00:00:00.005540 executorch:executor_runner.cpp:785] Iteration 429 of 1000: 0.001962 ms
I 00:00:00.005547 executorch:executor_runner.cpp:785] Iteration 430 of 1000: 0.002000 ms
I 00:00:00.005554 executorch:executor_runner.cpp:785] Iteration 431 of 1000: 0.001923 ms
I 00:00:00.005561 executorch:executor_runner.cpp:785] Iteration 432 of 1000: 0.001923 ms
I 00:00:00.005568 executorch:executor_runner.cpp:785] Iteration 433 of 1000: 0.002039 ms
I 00:00:00.005575 executorch:executor_runner.cpp:785] Iteration 434 of 1000: 0.002000 ms
I 00:00:00.005582 executorch:executor_runner.cpp:785] Iteration 435 of 1000: 0.002000 ms
I 00:00:00.005589 executorch:executor_runner.cpp:785] Iteration 436 of 1000: 0.001923 ms
I 00:00:00.005596 executorch:executor_runner.cpp:785] Iteration 437 of 1000: 0.002000 ms
I 00:00:00.005603 executorch:executor_runner.cpp:785] Iteration 438 of 1000: 0.002039 ms
I 00:00:00.005610 executorch:executor_runner.cpp:785] Iteration 439 of 1000: 0.001923 ms
I 00:00:00.005617 executorch:executor_runner.cpp:785] Iteration 440 of 1000: 0.002000 ms
I 00:00:00.005624 executorch:executor_runner.cpp:785] Iteration 441 of 1000: 0.002077 ms
I 00:00:00.005631 executorch:executor_runner.cpp:785] Iteration 442 of 1000: 0.001884 ms
I 00:00:00.005638 executorch:executor_runner.cpp:785] Iteration 443 of 1000: 0.001961 ms
I 00:00:00.005645 executorch:executor_runner.cpp:785] Iteration 444 of 1000: 0.001962 ms
I 00:00:00.005652 executorch:executor_runner.cpp:785] Iteration 445 of 1000: 0.002000 ms
I 00:00:00.005659 executorch:executor_runner.cpp:785] Iteration 446 of 1000: 0.002038 ms
I 00:00:00.005666 executorch:executor_runner.cpp:785] Iteration 447 of 1000: 0.001923 ms
I 00:00:00.005673 executorch:executor_runner.cpp:785] Iteration 448 of 1000: 0.002000 ms
I 00:00:00.005680 executorch:executor_runner.cpp:785] Iteration 449 of 1000: 0.001961 ms
I 00:00:00.005691 executorch:executor_runner.cpp:785] Iteration 450 of 1000: 0.002038 ms
I 00:00:00.005698 executorch:executor_runner.cpp:785] Iteration 451 of 1000: 0.002039 ms
I 00:00:00.005705 executorch:executor_runner.cpp:785] Iteration 452 of 1000: 0.001962 ms
I 00:00:00.005712 executorch:executor_runner.cpp:785] Iteration 453 of 1000: 0.001962 ms
I 00:00:00.005719 executorch:executor_runner.cpp:785] Iteration 454 of 1000: 0.002000 ms
I 00:00:00.005726 executorch:executor_runner.cpp:785] Iteration 455 of 1000: 0.002077 ms
I 00:00:00.005733 executorch:executor_runner.cpp:785] Iteration 456 of 1000: 0.002039 ms
I 00:00:00.005740 executorch:executor_runner.cpp:785] Iteration 457 of 1000: 0.002000 ms
I 00:00:00.005747 executorch:executor_runner.cpp:785] Iteration 458 of 1000: 0.001962 ms
I 00:00:00.005754 executorch:executor_runner.cpp:785] Iteration 459 of 1000: 0.001961 ms
I 00:00:00.005761 executorch:executor_runner.cpp:785] Iteration 460 of 1000: 0.002000 ms
I 00:00:00.005768 executorch:executor_runner.cpp:785] Iteration 461 of 1000: 0.001962 ms
I 00:00:00.005775 executorch:executor_runner.cpp:785] Iteration 462 of 1000: 0.002039 ms
I 00:00:00.005782 executorch:executor_runner.cpp:785] Iteration 463 of 1000: 0.001962 ms
I 00:00:00.005789 executorch:executor_runner.cpp:785] Iteration 464 of 1000: 0.001923 ms
I 00:00:00.005796 executorch:executor_runner.cpp:785] Iteration 465 of 1000: 0.002000 ms
I 00:00:00.005803 executorch:executor_runner.cpp:785] Iteration 466 of 1000: 0.002077 ms
I 00:00:00.005810 executorch:executor_runner.cpp:785] Iteration 467 of 1000: 0.001962 ms
I 00:00:00.005817 executorch:executor_runner.cpp:785] Iteration 468 of 1000: 0.001885 ms
I 00:00:00.005824 executorch:executor_runner.cpp:785] Iteration 469 of 1000: 0.001923 ms
I 00:00:00.005831 executorch:executor_runner.cpp:785] Iteration 470 of 1000: 0.002038 ms
I 00:00:00.005838 executorch:executor_runner.cpp:785] Iteration 471 of 1000: 0.001962 ms
I 00:00:00.005845 executorch:executor_runner.cpp:785] Iteration 472 of 1000: 0.002000 ms
I 00:00:00.005852 executorch:executor_runner.cpp:785] Iteration 473 of 1000: 0.001923 ms
I 00:00:00.005859 executorch:executor_runner.cpp:785] Iteration 474 of 1000: 0.001923 ms
I 00:00:00.005866 executorch:executor_runner.cpp:785] Iteration 475 of 1000: 0.001923 ms
I 00:00:00.005873 executorch:executor_runner.cpp:785] Iteration 476 of 1000: 0.002000 ms
I 00:00:00.005880 executorch:executor_runner.cpp:785] Iteration 477 of 1000: 0.001961 ms
I 00:00:00.005888 executorch:executor_runner.cpp:785] Iteration 478 of 1000: 0.001962 ms
I 00:00:00.005895 executorch:executor_runner.cpp:785] Iteration 479 of 1000: 0.002000 ms
I 00:00:00.005902 executorch:executor_runner.cpp:785] Iteration 480 of 1000: 0.002039 ms
I 00:00:00.005909 executorch:executor_runner.cpp:785] Iteration 481 of 1000: 0.002346 ms
I 00:00:00.005916 executorch:executor_runner.cpp:785] Iteration 482 of 1000: 0.001962 ms
I 00:00:00.005924 executorch:executor_runner.cpp:785] Iteration 483 of 1000: 0.002000 ms
I 00:00:00.005930 executorch:executor_runner.cpp:785] Iteration 484 of 1000: 0.002000 ms
I 00:00:00.005938 executorch:executor_runner.cpp:785] Iteration 485 of 1000: 0.002000 ms
I 00:00:00.005945 executorch:executor_runner.cpp:785] Iteration 486 of 1000: 0.001961 ms
I 00:00:00.005951 executorch:executor_runner.cpp:785] Iteration 487 of 1000: 0.002000 ms
I 00:00:00.005958 executorch:executor_runner.cpp:785] Iteration 488 of 1000: 0.001962 ms
I 00:00:00.005965 executorch:executor_runner.cpp:785] Iteration 489 of 1000: 0.001961 ms
I 00:00:00.005973 executorch:executor_runner.cpp:785] Iteration 490 of 1000: 0.001961 ms
I 00:00:00.005980 executorch:executor_runner.cpp:785] Iteration 491 of 1000: 0.001923 ms
I 00:00:00.005986 executorch:executor_runner.cpp:785] Iteration 492 of 1000: 0.001885 ms
I 00:00:00.005994 executorch:executor_runner.cpp:785] Iteration 493 of 1000: 0.002000 ms
I 00:00:00.006001 executorch:executor_runner.cpp:785] Iteration 494 of 1000: 0.001923 ms
I 00:00:00.006008 executorch:executor_runner.cpp:785] Iteration 495 of 1000: 0.001923 ms
I 00:00:00.006024 executorch:executor_runner.cpp:785] Iteration 496 of 1000: 0.002423 ms
I 00:00:00.006033 executorch:executor_runner.cpp:785] Iteration 497 of 1000: 0.002077 ms
I 00:00:00.006040 executorch:executor_runner.cpp:785] Iteration 498 of 1000: 0.002038 ms
I 00:00:00.006048 executorch:executor_runner.cpp:785] Iteration 499 of 1000: 0.002154 ms
I 00:00:00.006055 executorch:executor_runner.cpp:785] Iteration 500 of 1000: 0.001962 ms
I 00:00:00.006062 executorch:executor_runner.cpp:785] Iteration 501 of 1000: 0.001962 ms
I 00:00:00.006069 executorch:executor_runner.cpp:785] Iteration 502 of 1000: 0.002038 ms
I 00:00:00.006076 executorch:executor_runner.cpp:785] Iteration 503 of 1000: 0.002077 ms
I 00:00:00.006083 executorch:executor_runner.cpp:785] Iteration 504 of 1000: 0.002000 ms
I 00:00:00.006090 executorch:executor_runner.cpp:785] Iteration 505 of 1000: 0.002000 ms
I 00:00:00.006097 executorch:executor_runner.cpp:785] Iteration 506 of 1000: 0.002038 ms
I 00:00:00.006104 executorch:executor_runner.cpp:785] Iteration 507 of 1000: 0.001923 ms
I 00:00:00.006111 executorch:executor_runner.cpp:785] Iteration 508 of 1000: 0.001961 ms
I 00:00:00.006118 executorch:executor_runner.cpp:785] Iteration 509 of 1000: 0.002000 ms
I 00:00:00.006125 executorch:executor_runner.cpp:785] Iteration 510 of 1000: 0.001961 ms
I 00:00:00.006132 executorch:executor_runner.cpp:785] Iteration 511 of 1000: 0.001923 ms
I 00:00:00.006139 executorch:executor_runner.cpp:785] Iteration 512 of 1000: 0.001923 ms
I 00:00:00.006146 executorch:executor_runner.cpp:785] Iteration 513 of 1000: 0.001923 ms
I 00:00:00.006153 executorch:executor_runner.cpp:785] Iteration 514 of 1000: 0.001961 ms
I 00:00:00.006160 executorch:executor_runner.cpp:785] Iteration 515 of 1000: 0.001962 ms
I 00:00:00.006167 executorch:executor_runner.cpp:785] Iteration 516 of 1000: 0.001962 ms
I 00:00:00.006174 executorch:executor_runner.cpp:785] Iteration 517 of 1000: 0.001923 ms
I 00:00:00.006181 executorch:executor_runner.cpp:785] Iteration 518 of 1000: 0.001961 ms
I 00:00:00.006188 executorch:executor_runner.cpp:785] Iteration 519 of 1000: 0.002077 ms
I 00:00:00.006195 executorch:executor_runner.cpp:785] Iteration 520 of 1000: 0.001962 ms
I 00:00:00.006202 executorch:executor_runner.cpp:785] Iteration 521 of 1000: 0.001923 ms
I 00:00:00.006209 executorch:executor_runner.cpp:785] Iteration 522 of 1000: 0.002038 ms
I 00:00:00.006216 executorch:executor_runner.cpp:785] Iteration 523 of 1000: 0.001962 ms
I 00:00:00.006223 executorch:executor_runner.cpp:785] Iteration 524 of 1000: 0.001961 ms
I 00:00:00.006230 executorch:executor_runner.cpp:785] Iteration 525 of 1000: 0.002000 ms
I 00:00:00.006237 executorch:executor_runner.cpp:785] Iteration 526 of 1000: 0.002038 ms
I 00:00:00.006244 executorch:executor_runner.cpp:785] Iteration 527 of 1000: 0.002000 ms
I 00:00:00.006251 executorch:executor_runner.cpp:785] Iteration 528 of 1000: 0.001923 ms
I 00:00:00.006258 executorch:executor_runner.cpp:785] Iteration 529 of 1000: 0.002000 ms
I 00:00:00.006265 executorch:executor_runner.cpp:785] Iteration 530 of 1000: 0.001923 ms
I 00:00:00.006272 executorch:executor_runner.cpp:785] Iteration 531 of 1000: 0.001923 ms
I 00:00:00.006279 executorch:executor_runner.cpp:785] Iteration 532 of 1000: 0.002000 ms
I 00:00:00.006286 executorch:executor_runner.cpp:785] Iteration 533 of 1000: 0.001924 ms
I 00:00:00.006293 executorch:executor_runner.cpp:785] Iteration 534 of 1000: 0.002000 ms
I 00:00:00.006300 executorch:executor_runner.cpp:785] Iteration 535 of 1000: 0.002000 ms
I 00:00:00.006307 executorch:executor_runner.cpp:785] Iteration 536 of 1000: 0.001961 ms
I 00:00:00.006314 executorch:executor_runner.cpp:785] Iteration 537 of 1000: 0.001923 ms
I 00:00:00.006320 executorch:executor_runner.cpp:785] Iteration 538 of 1000: 0.001961 ms
I 00:00:00.006327 executorch:executor_runner.cpp:785] Iteration 539 of 1000: 0.002000 ms
I 00:00:00.006334 executorch:executor_runner.cpp:785] Iteration 540 of 1000: 0.001923 ms
I 00:00:00.006341 executorch:executor_runner.cpp:785] Iteration 541 of 1000: 0.001923 ms
I 00:00:00.006354 executorch:executor_runner.cpp:785] Iteration 542 of 1000: 0.002000 ms
I 00:00:00.006362 executorch:executor_runner.cpp:785] Iteration 543 of 1000: 0.001962 ms
I 00:00:00.006369 executorch:executor_runner.cpp:785] Iteration 544 of 1000: 0.001961 ms
I 00:00:00.006376 executorch:executor_runner.cpp:785] Iteration 545 of 1000: 0.002039 ms
I 00:00:00.006383 executorch:executor_runner.cpp:785] Iteration 546 of 1000: 0.002000 ms
I 00:00:00.006390 executorch:executor_runner.cpp:785] Iteration 547 of 1000: 0.001923 ms
I 00:00:00.006397 executorch:executor_runner.cpp:785] Iteration 548 of 1000: 0.001923 ms
I 00:00:00.006404 executorch:executor_runner.cpp:785] Iteration 549 of 1000: 0.001961 ms
I 00:00:00.006411 executorch:executor_runner.cpp:785] Iteration 550 of 1000: 0.001962 ms
I 00:00:00.006418 executorch:executor_runner.cpp:785] Iteration 551 of 1000: 0.001923 ms
I 00:00:00.006425 executorch:executor_runner.cpp:785] Iteration 552 of 1000: 0.001961 ms
I 00:00:00.006432 executorch:executor_runner.cpp:785] Iteration 553 of 1000: 0.001923 ms
I 00:00:00.006439 executorch:executor_runner.cpp:785] Iteration 554 of 1000: 0.001923 ms
I 00:00:00.006446 executorch:executor_runner.cpp:785] Iteration 555 of 1000: 0.001962 ms
I 00:00:00.006453 executorch:executor_runner.cpp:785] Iteration 556 of 1000: 0.002000 ms
I 00:00:00.006460 executorch:executor_runner.cpp:785] Iteration 557 of 1000: 0.001923 ms
I 00:00:00.006467 executorch:executor_runner.cpp:785] Iteration 558 of 1000: 0.002000 ms
I 00:00:00.006474 executorch:executor_runner.cpp:785] Iteration 559 of 1000: 0.001961 ms
I 00:00:00.006482 executorch:executor_runner.cpp:785] Iteration 560 of 1000: 0.001923 ms
I 00:00:00.006489 executorch:executor_runner.cpp:785] Iteration 561 of 1000: 0.002000 ms
I 00:00:00.006495 executorch:executor_runner.cpp:785] Iteration 562 of 1000: 0.001923 ms
I 00:00:00.006503 executorch:executor_runner.cpp:785] Iteration 563 of 1000: 0.001923 ms
I 00:00:00.006510 executorch:executor_runner.cpp:785] Iteration 564 of 1000: 0.001923 ms
I 00:00:00.006517 executorch:executor_runner.cpp:785] Iteration 565 of 1000: 0.001923 ms
I 00:00:00.006524 executorch:executor_runner.cpp:785] Iteration 566 of 1000: 0.001961 ms
I 00:00:00.006531 executorch:executor_runner.cpp:785] Iteration 567 of 1000: 0.001962 ms
I 00:00:00.006538 executorch:executor_runner.cpp:785] Iteration 568 of 1000: 0.001923 ms
I 00:00:00.006545 executorch:executor_runner.cpp:785] Iteration 569 of 1000: 0.002000 ms
I 00:00:00.006552 executorch:executor_runner.cpp:785] Iteration 570 of 1000: 0.001962 ms
I 00:00:00.006559 executorch:executor_runner.cpp:785] Iteration 571 of 1000: 0.001961 ms
I 00:00:00.006566 executorch:executor_runner.cpp:785] Iteration 572 of 1000: 0.001962 ms
I 00:00:00.006573 executorch:executor_runner.cpp:785] Iteration 573 of 1000: 0.002000 ms
I 00:00:00.006581 executorch:executor_runner.cpp:785] Iteration 574 of 1000: 0.002000 ms
I 00:00:00.006588 executorch:executor_runner.cpp:785] Iteration 575 of 1000: 0.002000 ms
I 00:00:00.006595 executorch:executor_runner.cpp:785] Iteration 576 of 1000: 0.001961 ms
I 00:00:00.006602 executorch:executor_runner.cpp:785] Iteration 577 of 1000: 0.002000 ms
I 00:00:00.006609 executorch:executor_runner.cpp:785] Iteration 578 of 1000: 0.001962 ms
I 00:00:00.006617 executorch:executor_runner.cpp:785] Iteration 579 of 1000: 0.002000 ms
I 00:00:00.006624 executorch:executor_runner.cpp:785] Iteration 580 of 1000: 0.001923 ms
I 00:00:00.006631 executorch:executor_runner.cpp:785] Iteration 581 of 1000: 0.002000 ms
I 00:00:00.006638 executorch:executor_runner.cpp:785] Iteration 582 of 1000: 0.002000 ms
I 00:00:00.006645 executorch:executor_runner.cpp:785] Iteration 583 of 1000: 0.001962 ms
I 00:00:00.006652 executorch:executor_runner.cpp:785] Iteration 584 of 1000: 0.001923 ms
I 00:00:00.006659 executorch:executor_runner.cpp:785] Iteration 585 of 1000: 0.002000 ms
I 00:00:00.006667 executorch:executor_runner.cpp:785] Iteration 586 of 1000: 0.001923 ms
I 00:00:00.006674 executorch:executor_runner.cpp:785] Iteration 587 of 1000: 0.002000 ms
I 00:00:00.006685 executorch:executor_runner.cpp:785] Iteration 588 of 1000: 0.002153 ms
I 00:00:00.006693 executorch:executor_runner.cpp:785] Iteration 589 of 1000: 0.001962 ms
I 00:00:00.006700 executorch:executor_runner.cpp:785] Iteration 590 of 1000: 0.002038 ms
I 00:00:00.006707 executorch:executor_runner.cpp:785] Iteration 591 of 1000: 0.002000 ms
I 00:00:00.006714 executorch:executor_runner.cpp:785] Iteration 592 of 1000: 0.001923 ms
I 00:00:00.006721 executorch:executor_runner.cpp:785] Iteration 593 of 1000: 0.001962 ms
I 00:00:00.006728 executorch:executor_runner.cpp:785] Iteration 594 of 1000: 0.001962 ms
I 00:00:00.006735 executorch:executor_runner.cpp:785] Iteration 595 of 1000: 0.001923 ms
I 00:00:00.006742 executorch:executor_runner.cpp:785] Iteration 596 of 1000: 0.002039 ms
I 00:00:00.006749 executorch:executor_runner.cpp:785] Iteration 597 of 1000: 0.002000 ms
I 00:00:00.006756 executorch:executor_runner.cpp:785] Iteration 598 of 1000: 0.002000 ms
I 00:00:00.006763 executorch:executor_runner.cpp:785] Iteration 599 of 1000: 0.001923 ms
I 00:00:00.006770 executorch:executor_runner.cpp:785] Iteration 600 of 1000: 0.001961 ms
I 00:00:00.006777 executorch:executor_runner.cpp:785] Iteration 601 of 1000: 0.001962 ms
I 00:00:00.006784 executorch:executor_runner.cpp:785] Iteration 602 of 1000: 0.002000 ms
I 00:00:00.006791 executorch:executor_runner.cpp:785] Iteration 603 of 1000: 0.001962 ms
I 00:00:00.006798 executorch:executor_runner.cpp:785] Iteration 604 of 1000: 0.002000 ms
I 00:00:00.006805 executorch:executor_runner.cpp:785] Iteration 605 of 1000: 0.001923 ms
I 00:00:00.006812 executorch:executor_runner.cpp:785] Iteration 606 of 1000: 0.001961 ms
I 00:00:00.006819 executorch:executor_runner.cpp:785] Iteration 607 of 1000: 0.002116 ms
I 00:00:00.006827 executorch:executor_runner.cpp:785] Iteration 608 of 1000: 0.001962 ms
I 00:00:00.006834 executorch:executor_runner.cpp:785] Iteration 609 of 1000: 0.002000 ms
I 00:00:00.006841 executorch:executor_runner.cpp:785] Iteration 610 of 1000: 0.002038 ms
I 00:00:00.006848 executorch:executor_runner.cpp:785] Iteration 611 of 1000: 0.001961 ms
I 00:00:00.006855 executorch:executor_runner.cpp:785] Iteration 612 of 1000: 0.001923 ms
I 00:00:00.006862 executorch:executor_runner.cpp:785] Iteration 613 of 1000: 0.002000 ms
I 00:00:00.006869 executorch:executor_runner.cpp:785] Iteration 614 of 1000: 0.002000 ms
I 00:00:00.006876 executorch:executor_runner.cpp:785] Iteration 615 of 1000: 0.002000 ms
I 00:00:00.006883 executorch:executor_runner.cpp:785] Iteration 616 of 1000: 0.001961 ms
I 00:00:00.006890 executorch:executor_runner.cpp:785] Iteration 617 of 1000: 0.002000 ms
I 00:00:00.006897 executorch:executor_runner.cpp:785] Iteration 618 of 1000: 0.002000 ms
I 00:00:00.006905 executorch:executor_runner.cpp:785] Iteration 619 of 1000: 0.002038 ms
I 00:00:00.006912 executorch:executor_runner.cpp:785] Iteration 620 of 1000: 0.001962 ms
I 00:00:00.006919 executorch:executor_runner.cpp:785] Iteration 621 of 1000: 0.002038 ms
I 00:00:00.006926 executorch:executor_runner.cpp:785] Iteration 622 of 1000: 0.001923 ms
I 00:00:00.006933 executorch:executor_runner.cpp:785] Iteration 623 of 1000: 0.001961 ms
I 00:00:00.006940 executorch:executor_runner.cpp:785] Iteration 624 of 1000: 0.002039 ms
I 00:00:00.006947 executorch:executor_runner.cpp:785] Iteration 625 of 1000: 0.002000 ms
I 00:00:00.006954 executorch:executor_runner.cpp:785] Iteration 626 of 1000: 0.002000 ms
I 00:00:00.006961 executorch:executor_runner.cpp:785] Iteration 627 of 1000: 0.002038 ms
I 00:00:00.006969 executorch:executor_runner.cpp:785] Iteration 628 of 1000: 0.002000 ms
I 00:00:00.006976 executorch:executor_runner.cpp:785] Iteration 629 of 1000: 0.001961 ms
I 00:00:00.006983 executorch:executor_runner.cpp:785] Iteration 630 of 1000: 0.001962 ms
I 00:00:00.006990 executorch:executor_runner.cpp:785] Iteration 631 of 1000: 0.001962 ms
I 00:00:00.006997 executorch:executor_runner.cpp:785] Iteration 632 of 1000: 0.002038 ms
I 00:00:00.007004 executorch:executor_runner.cpp:785] Iteration 633 of 1000: 0.001962 ms
I 00:00:00.007015 executorch:executor_runner.cpp:785] Iteration 634 of 1000: 0.002076 ms
I 00:00:00.007022 executorch:executor_runner.cpp:785] Iteration 635 of 1000: 0.001923 ms
I 00:00:00.007029 executorch:executor_runner.cpp:785] Iteration 636 of 1000: 0.001923 ms
I 00:00:00.007036 executorch:executor_runner.cpp:785] Iteration 637 of 1000: 0.002000 ms
I 00:00:00.007043 executorch:executor_runner.cpp:785] Iteration 638 of 1000: 0.002038 ms
I 00:00:00.007050 executorch:executor_runner.cpp:785] Iteration 639 of 1000: 0.002039 ms
I 00:00:00.007058 executorch:executor_runner.cpp:785] Iteration 640 of 1000: 0.001962 ms
I 00:00:00.007064 executorch:executor_runner.cpp:785] Iteration 641 of 1000: 0.001884 ms
I 00:00:00.007071 executorch:executor_runner.cpp:785] Iteration 642 of 1000: 0.001961 ms
I 00:00:00.007078 executorch:executor_runner.cpp:785] Iteration 643 of 1000: 0.001923 ms
I 00:00:00.007085 executorch:executor_runner.cpp:785] Iteration 644 of 1000: 0.002039 ms
I 00:00:00.007092 executorch:executor_runner.cpp:785] Iteration 645 of 1000: 0.001962 ms
I 00:00:00.007099 executorch:executor_runner.cpp:785] Iteration 646 of 1000: 0.002000 ms
I 00:00:00.007106 executorch:executor_runner.cpp:785] Iteration 647 of 1000: 0.001923 ms
I 00:00:00.007114 executorch:executor_runner.cpp:785] Iteration 648 of 1000: 0.001961 ms
I 00:00:00.007121 executorch:executor_runner.cpp:785] Iteration 649 of 1000: 0.002000 ms
I 00:00:00.007128 executorch:executor_runner.cpp:785] Iteration 650 of 1000: 0.001923 ms
I 00:00:00.007135 executorch:executor_runner.cpp:785] Iteration 651 of 1000: 0.001961 ms
I 00:00:00.007142 executorch:executor_runner.cpp:785] Iteration 652 of 1000: 0.002000 ms
I 00:00:00.007149 executorch:executor_runner.cpp:785] Iteration 653 of 1000: 0.002000 ms
I 00:00:00.007156 executorch:executor_runner.cpp:785] Iteration 654 of 1000: 0.002000 ms
I 00:00:00.007163 executorch:executor_runner.cpp:785] Iteration 655 of 1000: 0.002000 ms
I 00:00:00.007170 executorch:executor_runner.cpp:785] Iteration 656 of 1000: 0.001923 ms
I 00:00:00.007177 executorch:executor_runner.cpp:785] Iteration 657 of 1000: 0.002000 ms
I 00:00:00.007271 executorch:executor_runner.cpp:785] Iteration 658 of 1000: 0.088730 ms
I 00:00:00.007289 executorch:executor_runner.cpp:785] Iteration 659 of 1000: 0.004769 ms
I 00:00:00.007298 executorch:executor_runner.cpp:785] Iteration 660 of 1000: 0.002231 ms
I 00:00:00.007305 executorch:executor_runner.cpp:785] Iteration 661 of 1000: 0.002039 ms
I 00:00:00.007312 executorch:executor_runner.cpp:785] Iteration 662 of 1000: 0.001423 ms
I 00:00:00.007319 executorch:executor_runner.cpp:785] Iteration 663 of 1000: 0.001230 ms
I 00:00:00.007325 executorch:executor_runner.cpp:785] Iteration 664 of 1000: 0.001115 ms
I 00:00:00.007332 executorch:executor_runner.cpp:785] Iteration 665 of 1000: 0.001154 ms
I 00:00:00.007339 executorch:executor_runner.cpp:785] Iteration 666 of 1000: 0.001923 ms
I 00:00:00.007346 executorch:executor_runner.cpp:785] Iteration 667 of 1000: 0.002000 ms
I 00:00:00.007354 executorch:executor_runner.cpp:785] Iteration 668 of 1000: 0.001962 ms
I 00:00:00.007361 executorch:executor_runner.cpp:785] Iteration 669 of 1000: 0.001961 ms
I 00:00:00.007368 executorch:executor_runner.cpp:785] Iteration 670 of 1000: 0.002000 ms
I 00:00:00.007376 executorch:executor_runner.cpp:785] Iteration 671 of 1000: 0.002000 ms
I 00:00:00.007383 executorch:executor_runner.cpp:785] Iteration 672 of 1000: 0.001962 ms
I 00:00:00.007390 executorch:executor_runner.cpp:785] Iteration 673 of 1000: 0.002000 ms
I 00:00:00.007397 executorch:executor_runner.cpp:785] Iteration 674 of 1000: 0.002000 ms
I 00:00:00.007405 executorch:executor_runner.cpp:785] Iteration 675 of 1000: 0.001962 ms
I 00:00:00.007412 executorch:executor_runner.cpp:785] Iteration 676 of 1000: 0.002000 ms
I 00:00:00.007419 executorch:executor_runner.cpp:785] Iteration 677 of 1000: 0.001961 ms
I 00:00:00.007426 executorch:executor_runner.cpp:785] Iteration 678 of 1000: 0.001962 ms
I 00:00:00.007433 executorch:executor_runner.cpp:785] Iteration 679 of 1000: 0.001884 ms
I 00:00:00.007449 executorch:executor_runner.cpp:785] Iteration 680 of 1000: 0.002154 ms
I 00:00:00.007458 executorch:executor_runner.cpp:785] Iteration 681 of 1000: 0.002462 ms
I 00:00:00.007465 executorch:executor_runner.cpp:785] Iteration 682 of 1000: 0.002038 ms
I 00:00:00.007472 executorch:executor_runner.cpp:785] Iteration 683 of 1000: 0.002000 ms
I 00:00:00.007479 executorch:executor_runner.cpp:785] Iteration 684 of 1000: 0.001961 ms
I 00:00:00.007486 executorch:executor_runner.cpp:785] Iteration 685 of 1000: 0.002000 ms
I 00:00:00.007493 executorch:executor_runner.cpp:785] Iteration 686 of 1000: 0.001923 ms
I 00:00:00.007501 executorch:executor_runner.cpp:785] Iteration 687 of 1000: 0.002000 ms
I 00:00:00.007508 executorch:executor_runner.cpp:785] Iteration 688 of 1000: 0.001923 ms
I 00:00:00.007515 executorch:executor_runner.cpp:785] Iteration 689 of 1000: 0.002038 ms
I 00:00:00.007522 executorch:executor_runner.cpp:785] Iteration 690 of 1000: 0.001923 ms
I 00:00:00.007529 executorch:executor_runner.cpp:785] Iteration 691 of 1000: 0.002000 ms
I 00:00:00.007536 executorch:executor_runner.cpp:785] Iteration 692 of 1000: 0.001961 ms
I 00:00:00.007543 executorch:executor_runner.cpp:785] Iteration 693 of 1000: 0.002000 ms
I 00:00:00.007550 executorch:executor_runner.cpp:785] Iteration 694 of 1000: 0.001962 ms
I 00:00:00.007557 executorch:executor_runner.cpp:785] Iteration 695 of 1000: 0.001923 ms
I 00:00:00.007564 executorch:executor_runner.cpp:785] Iteration 696 of 1000: 0.001962 ms
I 00:00:00.007571 executorch:executor_runner.cpp:785] Iteration 697 of 1000: 0.001962 ms
I 00:00:00.007578 executorch:executor_runner.cpp:785] Iteration 698 of 1000: 0.001923 ms
I 00:00:00.007585 executorch:executor_runner.cpp:785] Iteration 699 of 1000: 0.001923 ms
I 00:00:00.007592 executorch:executor_runner.cpp:785] Iteration 700 of 1000: 0.002000 ms
I 00:00:00.007599 executorch:executor_runner.cpp:785] Iteration 701 of 1000: 0.001962 ms
I 00:00:00.007606 executorch:executor_runner.cpp:785] Iteration 702 of 1000: 0.002038 ms
I 00:00:00.007613 executorch:executor_runner.cpp:785] Iteration 703 of 1000: 0.001962 ms
I 00:00:00.007620 executorch:executor_runner.cpp:785] Iteration 704 of 1000: 0.001962 ms
I 00:00:00.007627 executorch:executor_runner.cpp:785] Iteration 705 of 1000: 0.002000 ms
I 00:00:00.007634 executorch:executor_runner.cpp:785] Iteration 706 of 1000: 0.002038 ms
I 00:00:00.007641 executorch:executor_runner.cpp:785] Iteration 707 of 1000: 0.001961 ms
I 00:00:00.007648 executorch:executor_runner.cpp:785] Iteration 708 of 1000: 0.002000 ms
I 00:00:00.007655 executorch:executor_runner.cpp:785] Iteration 709 of 1000: 0.001961 ms
I 00:00:00.007662 executorch:executor_runner.cpp:785] Iteration 710 of 1000: 0.001961 ms
I 00:00:00.007669 executorch:executor_runner.cpp:785] Iteration 711 of 1000: 0.001923 ms
I 00:00:00.007676 executorch:executor_runner.cpp:785] Iteration 712 of 1000: 0.001962 ms
I 00:00:00.007683 executorch:executor_runner.cpp:785] Iteration 713 of 1000: 0.001961 ms
I 00:00:00.007689 executorch:executor_runner.cpp:785] Iteration 714 of 1000: 0.001424 ms
I 00:00:00.007696 executorch:executor_runner.cpp:785] Iteration 715 of 1000: 0.002193 ms
I 00:00:00.007703 executorch:executor_runner.cpp:785] Iteration 716 of 1000: 0.002000 ms
I 00:00:00.007710 executorch:executor_runner.cpp:785] Iteration 717 of 1000: 0.001962 ms
I 00:00:00.007717 executorch:executor_runner.cpp:785] Iteration 718 of 1000: 0.001961 ms
I 00:00:00.007724 executorch:executor_runner.cpp:785] Iteration 719 of 1000: 0.001962 ms
I 00:00:00.007731 executorch:executor_runner.cpp:785] Iteration 720 of 1000: 0.001961 ms
I 00:00:00.007739 executorch:executor_runner.cpp:785] Iteration 721 of 1000: 0.001961 ms
I 00:00:00.007746 executorch:executor_runner.cpp:785] Iteration 722 of 1000: 0.002038 ms
I 00:00:00.007753 executorch:executor_runner.cpp:785] Iteration 723 of 1000: 0.001962 ms
I 00:00:00.007760 executorch:executor_runner.cpp:785] Iteration 724 of 1000: 0.001923 ms
I 00:00:00.007767 executorch:executor_runner.cpp:785] Iteration 725 of 1000: 0.002000 ms
I 00:00:00.007779 executorch:executor_runner.cpp:785] Iteration 726 of 1000: 0.002154 ms
I 00:00:00.007787 executorch:executor_runner.cpp:785] Iteration 727 of 1000: 0.002077 ms
I 00:00:00.007794 executorch:executor_runner.cpp:785] Iteration 728 of 1000: 0.001962 ms
I 00:00:00.007802 executorch:executor_runner.cpp:785] Iteration 729 of 1000: 0.002000 ms
I 00:00:00.007809 executorch:executor_runner.cpp:785] Iteration 730 of 1000: 0.001923 ms
I 00:00:00.007816 executorch:executor_runner.cpp:785] Iteration 731 of 1000: 0.001923 ms
I 00:00:00.007823 executorch:executor_runner.cpp:785] Iteration 732 of 1000: 0.002038 ms
I 00:00:00.007830 executorch:executor_runner.cpp:785] Iteration 733 of 1000: 0.001923 ms
I 00:00:00.007837 executorch:executor_runner.cpp:785] Iteration 734 of 1000: 0.001923 ms
I 00:00:00.007844 executorch:executor_runner.cpp:785] Iteration 735 of 1000: 0.001961 ms
I 00:00:00.007851 executorch:executor_runner.cpp:785] Iteration 736 of 1000: 0.001923 ms
I 00:00:00.007858 executorch:executor_runner.cpp:785] Iteration 737 of 1000: 0.002000 ms
I 00:00:00.007865 executorch:executor_runner.cpp:785] Iteration 738 of 1000: 0.002000 ms
I 00:00:00.007873 executorch:executor_runner.cpp:785] Iteration 739 of 1000: 0.001962 ms
I 00:00:00.007880 executorch:executor_runner.cpp:785] Iteration 740 of 1000: 0.002000 ms
I 00:00:00.007887 executorch:executor_runner.cpp:785] Iteration 741 of 1000: 0.001961 ms
I 00:00:00.007894 executorch:executor_runner.cpp:785] Iteration 742 of 1000: 0.001923 ms
I 00:00:00.007901 executorch:executor_runner.cpp:785] Iteration 743 of 1000: 0.001961 ms
I 00:00:00.007908 executorch:executor_runner.cpp:785] Iteration 744 of 1000: 0.001924 ms
I 00:00:00.007915 executorch:executor_runner.cpp:785] Iteration 745 of 1000: 0.002000 ms
I 00:00:00.007922 executorch:executor_runner.cpp:785] Iteration 746 of 1000: 0.001923 ms
I 00:00:00.007929 executorch:executor_runner.cpp:785] Iteration 747 of 1000: 0.001962 ms
I 00:00:00.007936 executorch:executor_runner.cpp:785] Iteration 748 of 1000: 0.001923 ms
I 00:00:00.007943 executorch:executor_runner.cpp:785] Iteration 749 of 1000: 0.001962 ms
I 00:00:00.007951 executorch:executor_runner.cpp:785] Iteration 750 of 1000: 0.002000 ms
I 00:00:00.007958 executorch:executor_runner.cpp:785] Iteration 751 of 1000: 0.001923 ms
I 00:00:00.007965 executorch:executor_runner.cpp:785] Iteration 752 of 1000: 0.001923 ms
I 00:00:00.007972 executorch:executor_runner.cpp:785] Iteration 753 of 1000: 0.002000 ms
I 00:00:00.007979 executorch:executor_runner.cpp:785] Iteration 754 of 1000: 0.001923 ms
I 00:00:00.007986 executorch:executor_runner.cpp:785] Iteration 755 of 1000: 0.002000 ms
I 00:00:00.007993 executorch:executor_runner.cpp:785] Iteration 756 of 1000: 0.001961 ms
I 00:00:00.008001 executorch:executor_runner.cpp:785] Iteration 757 of 1000: 0.002000 ms
I 00:00:00.008008 executorch:executor_runner.cpp:785] Iteration 758 of 1000: 0.001962 ms
I 00:00:00.008015 executorch:executor_runner.cpp:785] Iteration 759 of 1000: 0.002000 ms
I 00:00:00.008022 executorch:executor_runner.cpp:785] Iteration 760 of 1000: 0.001962 ms
I 00:00:00.008029 executorch:executor_runner.cpp:785] Iteration 761 of 1000: 0.002000 ms
I 00:00:00.008036 executorch:executor_runner.cpp:785] Iteration 762 of 1000: 0.001962 ms
I 00:00:00.008044 executorch:executor_runner.cpp:785] Iteration 763 of 1000: 0.002039 ms
I 00:00:00.008051 executorch:executor_runner.cpp:785] Iteration 764 of 1000: 0.001961 ms
I 00:00:00.008058 executorch:executor_runner.cpp:785] Iteration 765 of 1000: 0.001962 ms
I 00:00:00.008065 executorch:executor_runner.cpp:785] Iteration 766 of 1000: 0.001923 ms
I 00:00:00.008073 executorch:executor_runner.cpp:785] Iteration 767 of 1000: 0.001962 ms
I 00:00:00.008080 executorch:executor_runner.cpp:785] Iteration 768 of 1000: 0.001923 ms
I 00:00:00.008087 executorch:executor_runner.cpp:785] Iteration 769 of 1000: 0.001884 ms
I 00:00:00.008094 executorch:executor_runner.cpp:785] Iteration 770 of 1000: 0.001923 ms
I 00:00:00.008101 executorch:executor_runner.cpp:785] Iteration 771 of 1000: 0.001923 ms
I 00:00:00.008112 executorch:executor_runner.cpp:785] Iteration 772 of 1000: 0.002192 ms
I 00:00:00.008120 executorch:executor_runner.cpp:785] Iteration 773 of 1000: 0.001923 ms
I 00:00:00.008127 executorch:executor_runner.cpp:785] Iteration 774 of 1000: 0.002039 ms
I 00:00:00.008134 executorch:executor_runner.cpp:785] Iteration 775 of 1000: 0.001923 ms
I 00:00:00.008141 executorch:executor_runner.cpp:785] Iteration 776 of 1000: 0.002000 ms
I 00:00:00.008148 executorch:executor_runner.cpp:785] Iteration 777 of 1000: 0.001923 ms
I 00:00:00.008155 executorch:executor_runner.cpp:785] Iteration 778 of 1000: 0.001961 ms
I 00:00:00.008162 executorch:executor_runner.cpp:785] Iteration 779 of 1000: 0.001961 ms
I 00:00:00.008169 executorch:executor_runner.cpp:785] Iteration 780 of 1000: 0.001961 ms
I 00:00:00.008176 executorch:executor_runner.cpp:785] Iteration 781 of 1000: 0.002000 ms
I 00:00:00.008183 executorch:executor_runner.cpp:785] Iteration 782 of 1000: 0.001961 ms
I 00:00:00.008190 executorch:executor_runner.cpp:785] Iteration 783 of 1000: 0.001961 ms
I 00:00:00.008197 executorch:executor_runner.cpp:785] Iteration 784 of 1000: 0.002000 ms
I 00:00:00.008204 executorch:executor_runner.cpp:785] Iteration 785 of 1000: 0.001961 ms
I 00:00:00.008211 executorch:executor_runner.cpp:785] Iteration 786 of 1000: 0.001923 ms
I 00:00:00.008218 executorch:executor_runner.cpp:785] Iteration 787 of 1000: 0.001961 ms
I 00:00:00.008225 executorch:executor_runner.cpp:785] Iteration 788 of 1000: 0.001923 ms
I 00:00:00.008232 executorch:executor_runner.cpp:785] Iteration 789 of 1000: 0.002000 ms
I 00:00:00.008239 executorch:executor_runner.cpp:785] Iteration 790 of 1000: 0.001962 ms
I 00:00:00.008246 executorch:executor_runner.cpp:785] Iteration 791 of 1000: 0.001961 ms
I 00:00:00.008253 executorch:executor_runner.cpp:785] Iteration 792 of 1000: 0.001923 ms
I 00:00:00.008260 executorch:executor_runner.cpp:785] Iteration 793 of 1000: 0.002038 ms
I 00:00:00.008267 executorch:executor_runner.cpp:785] Iteration 794 of 1000: 0.002000 ms
I 00:00:00.008274 executorch:executor_runner.cpp:785] Iteration 795 of 1000: 0.001961 ms
I 00:00:00.008281 executorch:executor_runner.cpp:785] Iteration 796 of 1000: 0.002000 ms
I 00:00:00.008288 executorch:executor_runner.cpp:785] Iteration 797 of 1000: 0.001885 ms
I 00:00:00.008295 executorch:executor_runner.cpp:785] Iteration 798 of 1000: 0.001923 ms
I 00:00:00.008302 executorch:executor_runner.cpp:785] Iteration 799 of 1000: 0.001961 ms
I 00:00:00.008309 executorch:executor_runner.cpp:785] Iteration 800 of 1000: 0.002000 ms
I 00:00:00.008316 executorch:executor_runner.cpp:785] Iteration 801 of 1000: 0.001924 ms
I 00:00:00.008323 executorch:executor_runner.cpp:785] Iteration 802 of 1000: 0.001924 ms
I 00:00:00.008330 executorch:executor_runner.cpp:785] Iteration 803 of 1000: 0.001962 ms
I 00:00:00.008337 executorch:executor_runner.cpp:785] Iteration 804 of 1000: 0.001923 ms
I 00:00:00.008344 executorch:executor_runner.cpp:785] Iteration 805 of 1000: 0.001962 ms
I 00:00:00.008351 executorch:executor_runner.cpp:785] Iteration 806 of 1000: 0.002000 ms
I 00:00:00.008358 executorch:executor_runner.cpp:785] Iteration 807 of 1000: 0.002000 ms
I 00:00:00.008365 executorch:executor_runner.cpp:785] Iteration 808 of 1000: 0.001924 ms
I 00:00:00.008372 executorch:executor_runner.cpp:785] Iteration 809 of 1000: 0.001923 ms
I 00:00:00.008379 executorch:executor_runner.cpp:785] Iteration 810 of 1000: 0.001961 ms
I 00:00:00.008386 executorch:executor_runner.cpp:785] Iteration 811 of 1000: 0.001923 ms
I 00:00:00.008393 executorch:executor_runner.cpp:785] Iteration 812 of 1000: 0.001923 ms
I 00:00:00.008400 executorch:executor_runner.cpp:785] Iteration 813 of 1000: 0.001885 ms
I 00:00:00.008407 executorch:executor_runner.cpp:785] Iteration 814 of 1000: 0.002000 ms
I 00:00:00.008414 executorch:executor_runner.cpp:785] Iteration 815 of 1000: 0.001923 ms
I 00:00:00.008421 executorch:executor_runner.cpp:785] Iteration 816 of 1000: 0.001962 ms
I 00:00:00.008428 executorch:executor_runner.cpp:785] Iteration 817 of 1000: 0.001961 ms
I 00:00:00.008439 executorch:executor_runner.cpp:785] Iteration 818 of 1000: 0.002000 ms
I 00:00:00.008446 executorch:executor_runner.cpp:785] Iteration 819 of 1000: 0.001962 ms
I 00:00:00.008454 executorch:executor_runner.cpp:785] Iteration 820 of 1000: 0.002269 ms
I 00:00:00.008461 executorch:executor_runner.cpp:785] Iteration 821 of 1000: 0.001962 ms
I 00:00:00.008468 executorch:executor_runner.cpp:785] Iteration 822 of 1000: 0.001961 ms
I 00:00:00.008475 executorch:executor_runner.cpp:785] Iteration 823 of 1000: 0.001923 ms
I 00:00:00.008482 executorch:executor_runner.cpp:785] Iteration 824 of 1000: 0.001923 ms
I 00:00:00.008489 executorch:executor_runner.cpp:785] Iteration 825 of 1000: 0.001923 ms
I 00:00:00.008496 executorch:executor_runner.cpp:785] Iteration 826 of 1000: 0.001962 ms
I 00:00:00.008503 executorch:executor_runner.cpp:785] Iteration 827 of 1000: 0.001923 ms
I 00:00:00.008510 executorch:executor_runner.cpp:785] Iteration 828 of 1000: 0.002000 ms
I 00:00:00.008517 executorch:executor_runner.cpp:785] Iteration 829 of 1000: 0.001923 ms
I 00:00:00.008524 executorch:executor_runner.cpp:785] Iteration 830 of 1000: 0.001962 ms
I 00:00:00.008531 executorch:executor_runner.cpp:785] Iteration 831 of 1000: 0.001961 ms
I 00:00:00.008538 executorch:executor_runner.cpp:785] Iteration 832 of 1000: 0.002000 ms
I 00:00:00.008545 executorch:executor_runner.cpp:785] Iteration 833 of 1000: 0.001961 ms
I 00:00:00.008553 executorch:executor_runner.cpp:785] Iteration 834 of 1000: 0.001923 ms
I 00:00:00.008560 executorch:executor_runner.cpp:785] Iteration 835 of 1000: 0.001962 ms
I 00:00:00.008567 executorch:executor_runner.cpp:785] Iteration 836 of 1000: 0.001961 ms
I 00:00:00.008574 executorch:executor_runner.cpp:785] Iteration 837 of 1000: 0.002000 ms
I 00:00:00.008581 executorch:executor_runner.cpp:785] Iteration 838 of 1000: 0.001961 ms
I 00:00:00.008588 executorch:executor_runner.cpp:785] Iteration 839 of 1000: 0.001923 ms
I 00:00:00.008596 executorch:executor_runner.cpp:785] Iteration 840 of 1000: 0.001923 ms
I 00:00:00.008603 executorch:executor_runner.cpp:785] Iteration 841 of 1000: 0.001961 ms
I 00:00:00.008610 executorch:executor_runner.cpp:785] Iteration 842 of 1000: 0.001884 ms
I 00:00:00.008617 executorch:executor_runner.cpp:785] Iteration 843 of 1000: 0.001961 ms
I 00:00:00.008624 executorch:executor_runner.cpp:785] Iteration 844 of 1000: 0.001885 ms
I 00:00:00.008631 executorch:executor_runner.cpp:785] Iteration 845 of 1000: 0.001924 ms
I 00:00:00.008638 executorch:executor_runner.cpp:785] Iteration 846 of 1000: 0.002039 ms
I 00:00:00.008646 executorch:executor_runner.cpp:785] Iteration 847 of 1000: 0.001962 ms
I 00:00:00.008653 executorch:executor_runner.cpp:785] Iteration 848 of 1000: 0.001923 ms
I 00:00:00.008660 executorch:executor_runner.cpp:785] Iteration 849 of 1000: 0.001923 ms
I 00:00:00.008667 executorch:executor_runner.cpp:785] Iteration 850 of 1000: 0.001923 ms
I 00:00:00.008674 executorch:executor_runner.cpp:785] Iteration 851 of 1000: 0.001961 ms
I 00:00:00.008681 executorch:executor_runner.cpp:785] Iteration 852 of 1000: 0.001923 ms
I 00:00:00.008688 executorch:executor_runner.cpp:785] Iteration 853 of 1000: 0.001961 ms
I 00:00:00.008696 executorch:executor_runner.cpp:785] Iteration 854 of 1000: 0.001962 ms
I 00:00:00.008702 executorch:executor_runner.cpp:785] Iteration 855 of 1000: 0.001962 ms
I 00:00:00.008710 executorch:executor_runner.cpp:785] Iteration 856 of 1000: 0.002000 ms
I 00:00:00.008717 executorch:executor_runner.cpp:785] Iteration 857 of 1000: 0.001962 ms
I 00:00:00.008724 executorch:executor_runner.cpp:785] Iteration 858 of 1000: 0.001961 ms
I 00:00:00.008731 executorch:executor_runner.cpp:785] Iteration 859 of 1000: 0.001961 ms
I 00:00:00.008738 executorch:executor_runner.cpp:785] Iteration 860 of 1000: 0.001961 ms
I 00:00:00.008745 executorch:executor_runner.cpp:785] Iteration 861 of 1000: 0.001962 ms
I 00:00:00.008753 executorch:executor_runner.cpp:785] Iteration 862 of 1000: 0.001961 ms
I 00:00:00.008760 executorch:executor_runner.cpp:785] Iteration 863 of 1000: 0.001885 ms
I 00:00:00.008771 executorch:executor_runner.cpp:785] Iteration 864 of 1000: 0.002000 ms
I 00:00:00.008778 executorch:executor_runner.cpp:785] Iteration 865 of 1000: 0.001923 ms
I 00:00:00.008785 executorch:executor_runner.cpp:785] Iteration 866 of 1000: 0.002039 ms
I 00:00:00.008793 executorch:executor_runner.cpp:785] Iteration 867 of 1000: 0.001923 ms
I 00:00:00.008800 executorch:executor_runner.cpp:785] Iteration 868 of 1000: 0.001962 ms
I 00:00:00.008807 executorch:executor_runner.cpp:785] Iteration 869 of 1000: 0.001923 ms
I 00:00:00.008814 executorch:executor_runner.cpp:785] Iteration 870 of 1000: 0.002000 ms
I 00:00:00.008821 executorch:executor_runner.cpp:785] Iteration 871 of 1000: 0.001961 ms
I 00:00:00.008828 executorch:executor_runner.cpp:785] Iteration 872 of 1000: 0.002000 ms
I 00:00:00.008835 executorch:executor_runner.cpp:785] Iteration 873 of 1000: 0.002000 ms
I 00:00:00.008842 executorch:executor_runner.cpp:785] Iteration 874 of 1000: 0.002039 ms
I 00:00:00.008849 executorch:executor_runner.cpp:785] Iteration 875 of 1000: 0.001962 ms
I 00:00:00.008856 executorch:executor_runner.cpp:785] Iteration 876 of 1000: 0.001962 ms
I 00:00:00.008864 executorch:executor_runner.cpp:785] Iteration 877 of 1000: 0.002038 ms
I 00:00:00.008871 executorch:executor_runner.cpp:785] Iteration 878 of 1000: 0.002000 ms
I 00:00:00.008878 executorch:executor_runner.cpp:785] Iteration 879 of 1000: 0.002039 ms
I 00:00:00.008885 executorch:executor_runner.cpp:785] Iteration 880 of 1000: 0.002000 ms
I 00:00:00.008892 executorch:executor_runner.cpp:785] Iteration 881 of 1000: 0.001923 ms
I 00:00:00.008899 executorch:executor_runner.cpp:785] Iteration 882 of 1000: 0.001885 ms
I 00:00:00.008906 executorch:executor_runner.cpp:785] Iteration 883 of 1000: 0.001923 ms
I 00:00:00.008913 executorch:executor_runner.cpp:785] Iteration 884 of 1000: 0.001962 ms
I 00:00:00.008920 executorch:executor_runner.cpp:785] Iteration 885 of 1000: 0.002000 ms
I 00:00:00.008928 executorch:executor_runner.cpp:785] Iteration 886 of 1000: 0.001962 ms
I 00:00:00.008935 executorch:executor_runner.cpp:785] Iteration 887 of 1000: 0.001962 ms
I 00:00:00.008942 executorch:executor_runner.cpp:785] Iteration 888 of 1000: 0.002039 ms
I 00:00:00.008949 executorch:executor_runner.cpp:785] Iteration 889 of 1000: 0.001961 ms
I 00:00:00.008957 executorch:executor_runner.cpp:785] Iteration 890 of 1000: 0.002000 ms
I 00:00:00.008964 executorch:executor_runner.cpp:785] Iteration 891 of 1000: 0.001962 ms
I 00:00:00.008971 executorch:executor_runner.cpp:785] Iteration 892 of 1000: 0.002038 ms
I 00:00:00.008978 executorch:executor_runner.cpp:785] Iteration 893 of 1000: 0.001961 ms
I 00:00:00.008985 executorch:executor_runner.cpp:785] Iteration 894 of 1000: 0.001923 ms
I 00:00:00.008992 executorch:executor_runner.cpp:785] Iteration 895 of 1000: 0.001961 ms
I 00:00:00.008999 executorch:executor_runner.cpp:785] Iteration 896 of 1000: 0.001923 ms
I 00:00:00.009007 executorch:executor_runner.cpp:785] Iteration 897 of 1000: 0.002000 ms
I 00:00:00.009014 executorch:executor_runner.cpp:785] Iteration 898 of 1000: 0.002000 ms
I 00:00:00.009021 executorch:executor_runner.cpp:785] Iteration 899 of 1000: 0.001962 ms
I 00:00:00.009028 executorch:executor_runner.cpp:785] Iteration 900 of 1000: 0.001923 ms
I 00:00:00.009035 executorch:executor_runner.cpp:785] Iteration 901 of 1000: 0.001923 ms
I 00:00:00.009042 executorch:executor_runner.cpp:785] Iteration 902 of 1000: 0.001885 ms
I 00:00:00.009050 executorch:executor_runner.cpp:785] Iteration 903 of 1000: 0.002000 ms
I 00:00:00.009057 executorch:executor_runner.cpp:785] Iteration 904 of 1000: 0.001923 ms
I 00:00:00.009064 executorch:executor_runner.cpp:785] Iteration 905 of 1000: 0.002000 ms
I 00:00:00.009072 executorch:executor_runner.cpp:785] Iteration 906 of 1000: 0.001923 ms
I 00:00:00.009079 executorch:executor_runner.cpp:785] Iteration 907 of 1000: 0.001923 ms
I 00:00:00.009086 executorch:executor_runner.cpp:785] Iteration 908 of 1000: 0.002000 ms
I 00:00:00.009093 executorch:executor_runner.cpp:785] Iteration 909 of 1000: 0.001962 ms
I 00:00:00.009104 executorch:executor_runner.cpp:785] Iteration 910 of 1000: 0.002076 ms
I 00:00:00.009112 executorch:executor_runner.cpp:785] Iteration 911 of 1000: 0.002038 ms
I 00:00:00.009119 executorch:executor_runner.cpp:785] Iteration 912 of 1000: 0.001962 ms
I 00:00:00.009126 executorch:executor_runner.cpp:785] Iteration 913 of 1000: 0.001961 ms
I 00:00:00.009133 executorch:executor_runner.cpp:785] Iteration 914 of 1000: 0.001962 ms
I 00:00:00.009140 executorch:executor_runner.cpp:785] Iteration 915 of 1000: 0.001961 ms
I 00:00:00.009147 executorch:executor_runner.cpp:785] Iteration 916 of 1000: 0.001923 ms
I 00:00:00.009154 executorch:executor_runner.cpp:785] Iteration 917 of 1000: 0.001962 ms
I 00:00:00.009161 executorch:executor_runner.cpp:785] Iteration 918 of 1000: 0.001962 ms
I 00:00:00.009168 executorch:executor_runner.cpp:785] Iteration 919 of 1000: 0.001923 ms
I 00:00:00.009175 executorch:executor_runner.cpp:785] Iteration 920 of 1000: 0.001962 ms
I 00:00:00.009182 executorch:executor_runner.cpp:785] Iteration 921 of 1000: 0.001923 ms
I 00:00:00.009189 executorch:executor_runner.cpp:785] Iteration 922 of 1000: 0.001923 ms
I 00:00:00.009196 executorch:executor_runner.cpp:785] Iteration 923 of 1000: 0.002000 ms
I 00:00:00.009203 executorch:executor_runner.cpp:785] Iteration 924 of 1000: 0.002000 ms
I 00:00:00.009210 executorch:executor_runner.cpp:785] Iteration 925 of 1000: 0.001962 ms
I 00:00:00.009217 executorch:executor_runner.cpp:785] Iteration 926 of 1000: 0.001962 ms
I 00:00:00.009224 executorch:executor_runner.cpp:785] Iteration 927 of 1000: 0.001923 ms
I 00:00:00.009231 executorch:executor_runner.cpp:785] Iteration 928 of 1000: 0.002000 ms
I 00:00:00.009238 executorch:executor_runner.cpp:785] Iteration 929 of 1000: 0.002000 ms
I 00:00:00.009245 executorch:executor_runner.cpp:785] Iteration 930 of 1000: 0.001885 ms
I 00:00:00.009252 executorch:executor_runner.cpp:785] Iteration 931 of 1000: 0.001962 ms
I 00:00:00.009259 executorch:executor_runner.cpp:785] Iteration 932 of 1000: 0.001962 ms
I 00:00:00.009266 executorch:executor_runner.cpp:785] Iteration 933 of 1000: 0.002039 ms
I 00:00:00.009273 executorch:executor_runner.cpp:785] Iteration 934 of 1000: 0.002039 ms
I 00:00:00.009280 executorch:executor_runner.cpp:785] Iteration 935 of 1000: 0.001846 ms
I 00:00:00.009287 executorch:executor_runner.cpp:785] Iteration 936 of 1000: 0.002000 ms
I 00:00:00.009294 executorch:executor_runner.cpp:785] Iteration 937 of 1000: 0.002000 ms
I 00:00:00.009301 executorch:executor_runner.cpp:785] Iteration 938 of 1000: 0.001961 ms
I 00:00:00.009308 executorch:executor_runner.cpp:785] Iteration 939 of 1000: 0.001962 ms
I 00:00:00.009316 executorch:executor_runner.cpp:785] Iteration 940 of 1000: 0.002000 ms
I 00:00:00.009322 executorch:executor_runner.cpp:785] Iteration 941 of 1000: 0.001923 ms
I 00:00:00.009330 executorch:executor_runner.cpp:785] Iteration 942 of 1000: 0.001962 ms
I 00:00:00.009337 executorch:executor_runner.cpp:785] Iteration 943 of 1000: 0.001962 ms
I 00:00:00.009344 executorch:executor_runner.cpp:785] Iteration 944 of 1000: 0.001885 ms
I 00:00:00.009351 executorch:executor_runner.cpp:785] Iteration 945 of 1000: 0.001923 ms
I 00:00:00.009358 executorch:executor_runner.cpp:785] Iteration 946 of 1000: 0.001962 ms
I 00:00:00.009365 executorch:executor_runner.cpp:785] Iteration 947 of 1000: 0.001962 ms
I 00:00:00.009372 executorch:executor_runner.cpp:785] Iteration 948 of 1000: 0.001961 ms
I 00:00:00.009379 executorch:executor_runner.cpp:785] Iteration 949 of 1000: 0.002039 ms
I 00:00:00.009386 executorch:executor_runner.cpp:785] Iteration 950 of 1000: 0.001962 ms
I 00:00:00.009393 executorch:executor_runner.cpp:785] Iteration 951 of 1000: 0.001923 ms
I 00:00:00.009400 executorch:executor_runner.cpp:785] Iteration 952 of 1000: 0.001962 ms
I 00:00:00.009407 executorch:executor_runner.cpp:785] Iteration 953 of 1000: 0.001962 ms
I 00:00:00.009414 executorch:executor_runner.cpp:785] Iteration 954 of 1000: 0.001923 ms
I 00:00:00.009421 executorch:executor_runner.cpp:785] Iteration 955 of 1000: 0.001923 ms
I 00:00:00.009432 executorch:executor_runner.cpp:785] Iteration 956 of 1000: 0.002192 ms
I 00:00:00.009440 executorch:executor_runner.cpp:785] Iteration 957 of 1000: 0.002000 ms
I 00:00:00.009447 executorch:executor_runner.cpp:785] Iteration 958 of 1000: 0.001923 ms
I 00:00:00.009454 executorch:executor_runner.cpp:785] Iteration 959 of 1000: 0.001962 ms
I 00:00:00.009461 executorch:executor_runner.cpp:785] Iteration 960 of 1000: 0.002039 ms
I 00:00:00.009468 executorch:executor_runner.cpp:785] Iteration 961 of 1000: 0.001885 ms
I 00:00:00.009475 executorch:executor_runner.cpp:785] Iteration 962 of 1000: 0.001923 ms
I 00:00:00.009482 executorch:executor_runner.cpp:785] Iteration 963 of 1000: 0.002000 ms
I 00:00:00.009489 executorch:executor_runner.cpp:785] Iteration 964 of 1000: 0.001962 ms
I 00:00:00.009496 executorch:executor_runner.cpp:785] Iteration 965 of 1000: 0.002039 ms
I 00:00:00.009503 executorch:executor_runner.cpp:785] Iteration 966 of 1000: 0.001962 ms
I 00:00:00.009510 executorch:executor_runner.cpp:785] Iteration 967 of 1000: 0.001924 ms
I 00:00:00.009517 executorch:executor_runner.cpp:785] Iteration 968 of 1000: 0.001961 ms
I 00:00:00.009524 executorch:executor_runner.cpp:785] Iteration 969 of 1000: 0.001923 ms
I 00:00:00.009531 executorch:executor_runner.cpp:785] Iteration 970 of 1000: 0.001923 ms
I 00:00:00.009538 executorch:executor_runner.cpp:785] Iteration 971 of 1000: 0.001962 ms
I 00:00:00.009545 executorch:executor_runner.cpp:785] Iteration 972 of 1000: 0.002039 ms
I 00:00:00.009552 executorch:executor_runner.cpp:785] Iteration 973 of 1000: 0.001924 ms
I 00:00:00.009559 executorch:executor_runner.cpp:785] Iteration 974 of 1000: 0.002038 ms
I 00:00:00.009566 executorch:executor_runner.cpp:785] Iteration 975 of 1000: 0.002000 ms
I 00:00:00.009573 executorch:executor_runner.cpp:785] Iteration 976 of 1000: 0.002000 ms
I 00:00:00.009580 executorch:executor_runner.cpp:785] Iteration 977 of 1000: 0.001961 ms
I 00:00:00.009587 executorch:executor_runner.cpp:785] Iteration 978 of 1000: 0.001885 ms
I 00:00:00.009594 executorch:executor_runner.cpp:785] Iteration 979 of 1000: 0.001923 ms
I 00:00:00.009601 executorch:executor_runner.cpp:785] Iteration 980 of 1000: 0.001885 ms
I 00:00:00.009608 executorch:executor_runner.cpp:785] Iteration 981 of 1000: 0.001923 ms
I 00:00:00.009615 executorch:executor_runner.cpp:785] Iteration 982 of 1000: 0.002038 ms
I 00:00:00.009622 executorch:executor_runner.cpp:785] Iteration 983 of 1000: 0.001962 ms
I 00:00:00.009629 executorch:executor_runner.cpp:785] Iteration 984 of 1000: 0.001923 ms
I 00:00:00.009636 executorch:executor_runner.cpp:785] Iteration 985 of 1000: 0.001884 ms
I 00:00:00.009643 executorch:executor_runner.cpp:785] Iteration 986 of 1000: 0.001962 ms
I 00:00:00.009650 executorch:executor_runner.cpp:785] Iteration 987 of 1000: 0.001962 ms
I 00:00:00.009657 executorch:executor_runner.cpp:785] Iteration 988 of 1000: 0.001884 ms
I 00:00:00.009664 executorch:executor_runner.cpp:785] Iteration 989 of 1000: 0.001962 ms
I 00:00:00.009671 executorch:executor_runner.cpp:785] Iteration 990 of 1000: 0.002000 ms
I 00:00:00.009678 executorch:executor_runner.cpp:785] Iteration 991 of 1000: 0.002000 ms
I 00:00:00.009685 executorch:executor_runner.cpp:785] Iteration 992 of 1000: 0.002000 ms
I 00:00:00.009692 executorch:executor_runner.cpp:785] Iteration 993 of 1000: 0.001961 ms
I 00:00:00.009699 executorch:executor_runner.cpp:785] Iteration 994 of 1000: 0.001923 ms
I 00:00:00.009706 executorch:executor_runner.cpp:785] Iteration 995 of 1000: 0.001962 ms
I 00:00:00.009713 executorch:executor_runner.cpp:785] Iteration 996 of 1000: 0.001962 ms
I 00:00:00.009720 executorch:executor_runner.cpp:785] Iteration 997 of 1000: 0.002000 ms
I 00:00:00.009727 executorch:executor_runner.cpp:785] Iteration 998 of 1000: 0.001923 ms
I 00:00:00.009734 executorch:executor_runner.cpp:785] Iteration 999 of 1000: 0.002000 ms
I 00:00:00.009741 executorch:executor_runner.cpp:785] Iteration 1000 of 1000: 0.002000 ms
I 00:00:00.009746 executorch:executor_runner.cpp:794] Model executed successfully 1000 time(s) in 2.186502 ms.
I 00:00:00.009757 executorch:executor_runner.cpp:798] 1 outputs: 
